Archive member included to satisfy reference by file (symbol)

/opt/bluespec/riscvtoolchain-medany-1.202210.0.1/toolchains/baremetal-medany/lib/gcc/riscv64-unknown-elf/12.2.0/../../../../riscv64-unknown-elf/lib/rv64imafd/lp64d/libc.a(lib_a-errno.o)
                              /tmp/cc48zvdf.o (__errno)
/opt/bluespec/riscvtoolchain-medany-1.202210.0.1/toolchains/baremetal-medany/lib/gcc/riscv64-unknown-elf/12.2.0/../../../../riscv64-unknown-elf/lib/rv64imafd/lp64d/libc.a(lib_a-exit.o)
                              /opt/bluespec/riscvtoolchain-medany-1.202210.0.1/toolchains/baremetal-medany/lib/gcc/riscv64-unknown-elf/12.2.0/../../../../riscv64-unknown-elf/lib/rv64imafd/lp64d/crt0.o (exit)
/opt/bluespec/riscvtoolchain-medany-1.202210.0.1/toolchains/baremetal-medany/lib/gcc/riscv64-unknown-elf/12.2.0/../../../../riscv64-unknown-elf/lib/rv64imafd/lp64d/libc.a(lib_a-impure.o)
                              /opt/bluespec/riscvtoolchain-medany-1.202210.0.1/toolchains/baremetal-medany/lib/gcc/riscv64-unknown-elf/12.2.0/../../../../riscv64-unknown-elf/lib/rv64imafd/lp64d/libc.a(lib_a-exit.o) (_global_impure_ptr)
/opt/bluespec/riscvtoolchain-medany-1.202210.0.1/toolchains/baremetal-medany/lib/gcc/riscv64-unknown-elf/12.2.0/../../../../riscv64-unknown-elf/lib/rv64imafd/lp64d/libc.a(lib_a-init.o)
                              /opt/bluespec/riscvtoolchain-medany-1.202210.0.1/toolchains/baremetal-medany/lib/gcc/riscv64-unknown-elf/12.2.0/../../../../riscv64-unknown-elf/lib/rv64imafd/lp64d/crt0.o (__libc_init_array)
/opt/bluespec/riscvtoolchain-medany-1.202210.0.1/toolchains/baremetal-medany/lib/gcc/riscv64-unknown-elf/12.2.0/../../../../riscv64-unknown-elf/lib/rv64imafd/lp64d/libc.a(lib_a-memset.o)
                              /opt/bluespec/riscvtoolchain-medany-1.202210.0.1/toolchains/baremetal-medany/lib/gcc/riscv64-unknown-elf/12.2.0/../../../../riscv64-unknown-elf/lib/rv64imafd/lp64d/crt0.o (memset)
/opt/bluespec/riscvtoolchain-medany-1.202210.0.1/toolchains/baremetal-medany/lib/gcc/riscv64-unknown-elf/12.2.0/../../../../riscv64-unknown-elf/lib/rv64imafd/lp64d/libc.a(lib_a-puts.o)
                              /tmp/cc4mQzgE.o (puts)
/opt/bluespec/riscvtoolchain-medany-1.202210.0.1/toolchains/baremetal-medany/lib/gcc/riscv64-unknown-elf/12.2.0/../../../../riscv64-unknown-elf/lib/rv64imafd/lp64d/libc.a(lib_a-strlen.o)
                              /opt/bluespec/riscvtoolchain-medany-1.202210.0.1/toolchains/baremetal-medany/lib/gcc/riscv64-unknown-elf/12.2.0/../../../../riscv64-unknown-elf/lib/rv64imafd/lp64d/libc.a(lib_a-puts.o) (strlen)
/opt/bluespec/riscvtoolchain-medany-1.202210.0.1/toolchains/baremetal-medany/lib/gcc/riscv64-unknown-elf/12.2.0/../../../../riscv64-unknown-elf/lib/rv64imafd/lp64d/libc.a(lib_a-__call_atexit.o)
                              /opt/bluespec/riscvtoolchain-medany-1.202210.0.1/toolchains/baremetal-medany/lib/gcc/riscv64-unknown-elf/12.2.0/../../../../riscv64-unknown-elf/lib/rv64imafd/lp64d/libc.a(lib_a-exit.o) (__call_exitprocs)
/opt/bluespec/riscvtoolchain-medany-1.202210.0.1/toolchains/baremetal-medany/lib/gcc/riscv64-unknown-elf/12.2.0/../../../../riscv64-unknown-elf/lib/rv64imafd/lp64d/libc.a(lib_a-findfp.o)
                              /opt/bluespec/riscvtoolchain-medany-1.202210.0.1/toolchains/baremetal-medany/lib/gcc/riscv64-unknown-elf/12.2.0/../../../../riscv64-unknown-elf/lib/rv64imafd/lp64d/libc.a(lib_a-puts.o) (__sinit)
/opt/bluespec/riscvtoolchain-medany-1.202210.0.1/toolchains/baremetal-medany/lib/gcc/riscv64-unknown-elf/12.2.0/../../../../riscv64-unknown-elf/lib/rv64imafd/lp64d/libc.a(lib_a-fini.o)
                              /opt/bluespec/riscvtoolchain-medany-1.202210.0.1/toolchains/baremetal-medany/lib/gcc/riscv64-unknown-elf/12.2.0/../../../../riscv64-unknown-elf/lib/rv64imafd/lp64d/libc.a(lib_a-__call_atexit.o) (__libc_fini_array)
/opt/bluespec/riscvtoolchain-medany-1.202210.0.1/toolchains/baremetal-medany/lib/gcc/riscv64-unknown-elf/12.2.0/../../../../riscv64-unknown-elf/lib/rv64imafd/lp64d/libc.a(lib_a-fvwrite.o)
                              /opt/bluespec/riscvtoolchain-medany-1.202210.0.1/toolchains/baremetal-medany/lib/gcc/riscv64-unknown-elf/12.2.0/../../../../riscv64-unknown-elf/lib/rv64imafd/lp64d/libc.a(lib_a-puts.o) (__sfvwrite_r)
/opt/bluespec/riscvtoolchain-medany-1.202210.0.1/toolchains/baremetal-medany/lib/gcc/riscv64-unknown-elf/12.2.0/../../../../riscv64-unknown-elf/lib/rv64imafd/lp64d/libc.a(lib_a-fwalk.o)
                              /opt/bluespec/riscvtoolchain-medany-1.202210.0.1/toolchains/baremetal-medany/lib/gcc/riscv64-unknown-elf/12.2.0/../../../../riscv64-unknown-elf/lib/rv64imafd/lp64d/libc.a(lib_a-findfp.o) (_fwalk)
/opt/bluespec/riscvtoolchain-medany-1.202210.0.1/toolchains/baremetal-medany/lib/gcc/riscv64-unknown-elf/12.2.0/../../../../riscv64-unknown-elf/lib/rv64imafd/lp64d/libc.a(lib_a-mallocr.o)
[...]
Memory Configuration

Name             Origin             Length             Attributes
*default*        0x0000000000000000 0xffffffffffffffff

Linker script and memory map

Address of section .text-segment set to 0x80002000
LOAD /opt/bluespec/riscvtoolchain-medany-1.202210.0.1/toolchains/baremetal-medany/lib/gcc/riscv64-unknown-elf/12.2.0/../../../../riscv64-unknown-elf/lib/rv64imafd/lp64d/libm.a
LOAD /tmp/cc4mQzgE.o
LOAD startup.o
LOAD /tmp/cc48zvdf.o
LOAD /tmp/ccRbl4Iu.o
LOAD /tmp/cc80dZe8.o
LOAD /opt/bluespec/riscvtoolchain-medany-1.202210.0.1/toolchains/baremetal-medany/lib/gcc/riscv64-unknown-elf/12.2.0/rv64imafd/lp64d/libgcc.a
LOAD /opt/bluespec/riscvtoolchain-medany-1.202210.0.1/toolchains/baremetal-medany/lib/gcc/riscv64-unknown-elf/12.2.0/../../../../riscv64-unknown-elf/lib/rv64imafd/lp64d/libnosys.a
LOAD /opt/bluespec/riscvtoolchain-medany-1.202210.0.1/toolchains/baremetal-medany/lib/gcc/riscv64-unknown-elf/12.2.0/rv64imafd/lp64d/libgcc.a
START GROUP
LOAD /opt/bluespec/riscvtoolchain-medany-1.202210.0.1/toolchains/baremetal-medany/lib/gcc/riscv64-unknown-elf/12.2.0/rv64imafd/lp64d/libgcc.a
LOAD /opt/bluespec/riscvtoolchain-medany-1.202210.0.1/toolchains/baremetal-medany/lib/gcc/riscv64-unknown-elf/12.2.0/../../../../riscv64-unknown-elf/lib/rv64imafd/lp64d/libc.a
LOAD /opt/bluespec/riscvtoolchain-medany-1.202210.0.1/toolchains/baremetal-medany/lib/gcc/riscv64-unknown-elf/12.2.0/../../../../riscv64-unknown-elf/lib/rv64imafd/lp64d/libnosys.a
END GROUP
LOAD /opt/bluespec/riscvtoolchain-medany-1.202210.0.1/toolchains/baremetal-medany/lib/gcc/riscv64-unknown-elf/12.2.0/rv64imafd/lp64d/crtend.o
                [!provide]                        PROVIDE (__executable_start = SEGMENT_START ("text-segment", 0x10000))
                0x00000000800020e8                . = (SEGMENT_START ("text-segment", 0x10000) + SIZEOF_HEADERS)

.interp
 *(.interp)

.note.gnu.build-id
 *(.note.gnu.build-id)

.hash
 *(.hash)

.gnu.hash
 *(.gnu.hash)

.dynsym
 *(.dynsym)

.dynstr
 *(.dynstr)

.gnu.version
 *(.gnu.version)

.gnu.version_d
 *(.gnu.version_d)

.gnu.version_r
 *(.gnu.version_r)

.rela.dyn       0x00000000800020e8        0x0
 *(.rela.init)
 *(.rela.text .rela.text.* .rela.gnu.linkonce.t.*)
 .rela.text     0x00000000800020e8        0x0 /opt/bluespec/riscvtoolchain-medany-1.202210.0.1/toolchains/baremetal-medany/lib/gcc/riscv64-unknown-elf/12.2.0/../../../../riscv64-unknown-elf/lib/rv64imafd/lp64d/crt0.o
 .rela.text.init
                0x00000000800020e8        0x0 /opt/bluespec/riscvtoolchain-medany-1.202210.0.1/toolchains/baremetal-medany/lib/gcc/riscv64-unknown-elf/12.2.0/../../../../riscv64-unknown-elf/lib/rv64imafd/lp64d/crt0.o
 .rela.text.__libc_init_array
                0x00000000800020e8        0x0 /opt/bluespec/riscvtoolchain-medany-1.202210.0.1/toolchains/baremetal-medany/lib/gcc/riscv64-unknown-elf/12.2.0/../../../../riscv64-unknown-elf/lib/rv64imafd/lp64d/crt0.o
 .rela.text.startup.register_fini
                0x00000000800020e8        0x0 /opt/bluespec/riscvtoolchain-medany-1.202210.0.1/toolchains/baremetal-medany/lib/gcc/riscv64-unknown-elf/12.2.0/../../../../riscv64-unknown-elf/lib/rv64imafd/lp64d/crt0.o
 .rela.text.__libc_fini_array
                0x00000000800020e8        0x0 /opt/bluespec/riscvtoolchain-medany-1.202210.0.1/toolchains/baremetal-medany/lib/gcc/riscv64-unknown-elf/12.2.0/../../../../riscv64-unknown-elf/lib/rv64imafd/lp64d/crt0.o
 *(.rela.fini)
 *(.rela.rodata .rela.rodata.* .rela.gnu.linkonce.r.*)
 *(.rela.data .rela.data.* .rela.gnu.linkonce.d.*)
 *(.rela.tdata .rela.tdata.* .rela.gnu.linkonce.td.*)
 *(.rela.tbss .rela.tbss.* .rela.gnu.linkonce.tb.*)
 *(.rela.ctors)
 *(.rela.dtors)
 *(.rela.got)
 *(.rela.sdata .rela.sdata.* .rela.gnu.linkonce.s.*)
 *(.rela.sbss .rela.sbss.* .rela.gnu.linkonce.sb.*)
 *(.rela.sdata2 .rela.sdata2.* .rela.gnu.linkonce.s2.*)
 *(.rela.sbss2 .rela.sbss2.* .rela.gnu.linkonce.sb2.*)
 *(.rela.bss .rela.bss.* .rela.gnu.linkonce.b.*)
 *(.rela.ifunc)

.rela.plt       0x00000000800020e8        0x0
 *(.rela.plt)
                [!provide]                        PROVIDE (__rela_iplt_start = .)
 *(.rela.iplt)
                [!provide]                        PROVIDE (__rela_iplt_end = .)

.init
 *(SORT_NONE(.init))

.plt
 *(.plt)
 *(.iplt)

.text           0x00000000800020e8     0x3b90
 *(.text.unlikely .text.*_unlikely .text.unlikely.*)
 *(.text.exit .text.exit.*)
 .text.exit     0x00000000800020e8       0x30 /opt/bluespec/riscvtoolchain-medany-1.202210.0.1/toolchains/baremetal-medany/lib/gcc/riscv64-unknown-elf/12.2.0/../../../../riscv64-unknown-elf/lib/rv64imafd/lp64d/libc.a(lib_a-exit.o)
                0x00000000800020e8                exit
 *(.text.startup .text.startup.*)
 .text.startup.register_fini
                0x0000000080002118       0x18 /opt/bluespec/riscvtoolchain-medany-1.202210.0.1/toolchains/baremetal-medany/lib/gcc/riscv64-unknown-elf/12.2.0/../../../../riscv64-unknown-elf/lib/rv64imafd/lp64d/libc.a(lib_a-__call_atexit.o)
 *(.text.hot .text.hot.*)
 *(SORT_BY_NAME(.text.sorted.*))
 *(.text .stub .text.* .gnu.linkonce.t.*)
 .text          0x0000000080002130       0x50 /opt/bluespec/riscvtoolchain-medany-1.202210.0.1/toolchains/baremetal-medany/lib/gcc/riscv64-unknown-elf/12.2.0/../../../../riscv64-unknown-elf/lib/rv64imafd/lp64d/crt0.o
                0x0000000080002130                _start
 .text          0x0000000080002180       0x6c /opt/bluespec/riscvtoolchain-medany-1.202210.0.1/toolchains/baremetal-medany/lib/gcc/riscv64-unknown-elf/12.2.0/rv64imafd/lp64d/crtbegin.o
 .text          0x00000000800021ec        0x0 startup.o
 .text          0x00000000800021ec       0x40 /tmp/cc4mQzgE.o
                0x00000000800021ec                main
 .text          0x000000008000222c      0x4b8 /tmp/cc48zvdf.o
                0x000000008000222c                read
                0x00000000800022d8                write
                0x0000000080002360                gettimeofday
                0x00000000800023d0                sleep
                0x0000000080002444                _sbrk
                0x0000000080002484                _write
                0x000000008000250c                _close
                0x000000008000254c                _lseek
                0x000000008000259c                _read
                0x00000000800025ec                _fstat
                0x0000000080002630                _isatty
                0x0000000080002670                _kill
                0x00000000800026bc                _getpid
 .text          0x00000000800026e4      0x218 /tmp/ccRbl4Iu.o
                0x00000000800027c0                ns16550_rxready
                0x0000000080002804                ns16550_rxchar
                0x0000000080002858                ns16550_txchar
                0x00000000800028b8                ns16550_flush
 .text          0x00000000800028fc      0x1c8 /tmp/cc80dZe8.o
                0x00000000800028fc                read_cycle
                0x0000000080002924                read_time
                0x000000008000294c                read_instret
                0x0000000080002974                fence
                0x0000000080002994                addr_to_pointer
                0x00000000800029c0                io_read32
                0x00000000800029fc                io_write32
                0x0000000080002a44                io_read64
                0x0000000080002a80                io_write64
 .text          0x0000000080002ac4        0x0 /opt/bluespec/riscvtoolchain-medany-1.202210.0.1/toolchains/baremetal-medany/lib/gcc/riscv64-unknown-elf/12.2.0/../../../../riscv64-unknown-elf/lib/rv64imafd/lp64d/libc.a(lib_a-errno.o)
 .text.__errno  0x0000000080002ac4        0x8 /opt/bluespec/riscvtoolchain-medany-1.202210.0.1/toolchains/baremetal-medany/lib/gcc/riscv64-unknown-elf/12.2.0/../../../../riscv64-unknown-elf/lib/rv64imafd/lp64d/libc.a(lib_a-errno.o)
                0x0000000080002ac4                __errno
 .text          0x0000000080002acc        0x0 /opt/bluespec/riscvtoolchain-medany-1.202210.0.1/toolchains/baremetal-medany/lib/gcc/riscv64-unknown-elf/12.2.0/../../../../riscv64-unknown-elf/lib/rv64imafd/lp64d/libc.a(lib_a-exit.o)
 .text          0x0000000080002acc        0x0 /opt/bluespec/riscvtoolchain-medany-1.202210.0.1/toolchains/baremetal-medany/lib/gcc/riscv64-unknown-elf/12.2.0/../../../../riscv64-unknown-elf/lib/rv64imafd/lp64d/libc.a(lib_a-impure.o)
 .text          0x0000000080002acc        0x0 /opt/bluespec/riscvtoolchain-medany-1.202210.0.1/toolchains/baremetal-medany/lib/gcc/riscv64-unknown-elf/12.2.0/../../../../riscv64-unknown-elf/lib/rv64imafd/lp64d/libc.a(lib_a-init.o)
 .text.__libc_init_array
                0x0000000080002acc       0x94 /opt/bluespec/riscvtoolchain-medany-1.202210.0.1/toolchains/baremetal-medany/lib/gcc/riscv64-unknown-elf/12.2.0/../../../../riscv64-unknown-elf/lib/rv64imafd/lp64d/libc.a(lib_a-init.o)
                0x0000000080002acc                __libc_init_array
 .text          0x0000000080002b60       0xdc /opt/bluespec/riscvtoolchain-medany-1.202210.0.1/toolchains/baremetal-medany/lib/gcc/riscv64-unknown-elf/12.2.0/../../../../riscv64-unknown-elf/lib/rv64imafd/lp64d/libc.a(lib_a-memset.o)
                0x0000000080002b60                memset
 .text          0x0000000080002c3c        0x0 /opt/bluespec/riscvtoolchain-medany-1.202210.0.1/toolchains/baremetal-medany/lib/gcc/riscv64-unknown-elf/12.2.0/../../../../riscv64-unknown-elf/lib/rv64imafd/lp64d/libc.a(lib_a-puts.o)
 .text._puts_r  0x0000000080002c3c       0xd4 /opt/bluespec/riscvtoolchain-medany-1.202210.0.1/toolchains/baremetal-medany/lib/gcc/riscv64-unknown-elf/12.2.0/../../../../riscv64-unknown-elf/lib/rv64imafd/lp64d/libc.a(lib_a-puts.o)
                0x0000000080002c3c                _puts_r
 .text.puts     0x0000000080002d10        0xc /opt/bluespec/riscvtoolchain-medany-1.202210.0.1/toolchains/baremetal-medany/lib/gcc/riscv64-unknown-elf/12.2.0/../../../../riscv64-unknown-elf/lib/rv64imafd/lp64d/libc.a(lib_a-puts.o)
                0x0000000080002d10                puts
 .text          0x0000000080002d1c        0x0 /opt/bluespec/riscvtoolchain-medany-1.202210.0.1/toolchains/baremetal-medany/lib/gcc/riscv64-unknown-elf/12.2.0/../../../../riscv64-unknown-elf/lib/rv64imafd/lp64d/libc.a(lib_a-strlen.o)
 .text.strlen   0x0000000080002d1c       0xcc /opt/bluespec/riscvtoolchain-medany-1.202210.0.1/toolchains/baremetal-medany/lib/gcc/riscv64-unknown-elf/12.2.0/../../../../riscv64-unknown-elf/lib/rv64imafd/lp64d/libc.a(lib_a-strlen.o)
                0x0000000080002d1c                strlen
 .text          0x0000000080002de8        0x0 /opt/bluespec/riscvtoolchain-medany-1.202210.0.1/toolchains/baremetal-medany/lib/gcc/riscv64-unknown-elf/12.2.0/../../../../riscv64-unknown-elf/lib/rv64imafd/lp64d/libc.a(lib_a-__call_atexit.o)
 .text.__call_exitprocs
                0x0000000080002de8      0x128 /opt/bluespec/riscvtoolchain-medany-1.202210.0.1/toolchains/baremetal-medany/lib/gcc/riscv64-unknown-elf/12.2.0/../../../../riscv64-unknown-elf/lib/rv64imafd/lp64d/libc.a(lib_a-__call_atexit.o)
                0x0000000080002de8                __call_exitprocs
 .text          0x0000000080002f10        0x0 /opt/bluespec/riscvtoolchain-medany-1.202210.0.1/toolchains/baremetal-medany/lib/gcc/riscv64-unknown-elf/12.2.0/../../../../riscv64-unknown-elf/lib/rv64imafd/lp64d/libc.a(lib_a-findfp.o)
 .text.__fp_lock
                0x0000000080002f10        0x8 /opt/bluespec/riscvtoolchain-medany-1.202210.0.1/toolchains/baremetal-medany/lib/gcc/riscv64-unknown-elf/12.2.0/../../../../riscv64-unknown-elf/lib/rv64imafd/lp64d/libc.a(lib_a-findfp.o)
 .text._cleanup_r
                0x0000000080002f18        0xc /opt/bluespec/riscvtoolchain-medany-1.202210.0.1/toolchains/baremetal-medany/lib/gcc/riscv64-unknown-elf/12.2.0/../../../../riscv64-unknown-elf/lib/rv64imafd/lp64d/libc.a(lib_a-findfp.o)
                0x0000000080002f18                _cleanup_r
 .text.__fp_unlock
                0x0000000080002f24        0x8 /opt/bluespec/riscvtoolchain-medany-1.202210.0.1/toolchains/baremetal-medany/lib/gcc/riscv64-unknown-elf/12.2.0/../../../../riscv64-unknown-elf/lib/rv64imafd/lp64d/libc.a(lib_a-findfp.o)
 .text.__sinit.part.0
                0x0000000080002f2c      0x178 /opt/bluespec/riscvtoolchain-medany-1.202210.0.1/toolchains/baremetal-medany/lib/gcc/riscv64-unknown-elf/12.2.0/../../../../riscv64-unknown-elf/lib/rv64imafd/lp64d/libc.a(lib_a-findfp.o)
 .text.__sfmoreglue
                0x00000000800030a4       0x6c /opt/bluespec/riscvtoolchain-medany-1.202210.0.1/toolchains/baremetal-medany/lib/gcc/riscv64-unknown-elf/12.2.0/../../../../riscv64-unknown-elf/lib/rv64imafd/lp64d/libc.a(lib_a-findfp.o)
                0x00000000800030a4                __sfmoreglue
 .text.__sfp    0x0000000080003110      0x130 /opt/bluespec/riscvtoolchain-medany-1.202210.0.1/toolchains/baremetal-medany/lib/gcc/riscv64-unknown-elf/12.2.0/../../../../riscv64-unknown-elf/lib/rv64imafd/lp64d/libc.a(lib_a-findfp.o)
                0x0000000080003110                __sfp
 .text._cleanup
                0x0000000080003240       0x10 /opt/bluespec/riscvtoolchain-medany-1.202210.0.1/toolchains/baremetal-medany/lib/gcc/riscv64-unknown-elf/12.2.0/../../../../riscv64-unknown-elf/lib/rv64imafd/lp64d/libc.a(lib_a-findfp.o)
                0x0000000080003240                _cleanup
 .text.__sinit  0x0000000080003250       0x10 /opt/bluespec/riscvtoolchain-medany-1.202210.0.1/toolchains/baremetal-medany/lib/gcc/riscv64-unknown-elf/12.2.0/../../../../riscv64-unknown-elf/lib/rv64imafd/lp64d/libc.a(lib_a-findfp.o)
                0x0000000080003250                __sinit
 .text.__sfp_lock_acquire
                0x0000000080003260        0x4 /opt/bluespec/riscvtoolchain-medany-1.202210.0.1/toolchains/baremetal-medany/lib/gcc/riscv64-unknown-elf/12.2.0/../../../../riscv64-unknown-elf/lib/rv64imafd/lp64d/libc.a(lib_a-findfp.o)
                0x0000000080003260                __sfp_lock_acquire
 .text.__sfp_lock_release
                0x0000000080003264        0x4 /opt/bluespec/riscvtoolchain-medany-1.202210.0.1/toolchains/baremetal-medany/lib/gcc/riscv64-unknown-elf/12.2.0/../../../../riscv64-unknown-elf/lib/rv64imafd/lp64d/libc.a(lib_a-findfp.o)
                0x0000000080003264                __sfp_lock_release
 .text.__sinit_lock_acquire
                0x0000000080003268        0x4 /opt/bluespec/riscvtoolchain-medany-1.202210.0.1/toolchains/baremetal-medany/lib/gcc/riscv64-unknown-elf/12.2.0/../../../../riscv64-unknown-elf/lib/rv64imafd/lp64d/libc.a(lib_a-findfp.o)
                0x0000000080003268                __sinit_lock_acquire
 .text.__sinit_lock_release
                0x000000008000326c        0x4 /opt/bluespec/riscvtoolchain-medany-1.202210.0.1/toolchains/baremetal-medany/lib/gcc/riscv64-unknown-elf/12.2.0/../../../../riscv64-unknown-elf/lib/rv64imafd/lp64d/libc.a(lib_a-findfp.o)
                0x000000008000326c                __sinit_lock_release
 .text.__fp_lock_all
                0x0000000080003270       0x10 /opt/bluespec/riscvtoolchain-medany-1.202210.0.1/toolchains/baremetal-medany/lib/gcc/riscv64-unknown-elf/12.2.0/../../../../riscv64-unknown-elf/lib/rv64imafd/lp64d/libc.a(lib_a-findfp.o)
                0x0000000080003270                __fp_lock_all
 .text.__fp_unlock_all
                0x0000000080003280       0x10 /opt/bluespec/riscvtoolchain-medany-1.202210.0.1/toolchains/baremetal-medany/lib/gcc/riscv64-unknown-elf/12.2.0/../../../../riscv64-unknown-elf/lib/rv64imafd/lp64d/libc.a(lib_a-findfp.o)
                0x0000000080003280                __fp_unlock_all
 .text          0x0000000080003290        0x0 /opt/bluespec/riscvtoolchain-medany-1.202210.0.1/toolchains/baremetal-medany/lib/gcc/riscv64-unknown-elf/12.2.0/../../../../riscv64-unknown-elf/lib/rv64imafd/lp64d/libc.a(lib_a-fini.o)
 .text.__libc_fini_array
                0x0000000080003290       0x5c /opt/bluespec/riscvtoolchain-medany-1.202210.0.1/toolchains/baremetal-medany/lib/gcc/riscv64-unknown-elf/12.2.0/../../../../riscv64-unknown-elf/lib/rv64imafd/lp64d/libc.a(lib_a-fini.o)
                0x0000000080003290                __libc_fini_array
 .text          0x00000000800032ec        0x0 /opt/bluespec/riscvtoolchain-medany-1.202210.0.1/toolchains/baremetal-medany/lib/gcc/riscv64-unknown-elf/12.2.0/../../../../riscv64-unknown-elf/lib/rv64imafd/lp64d/libc.a(lib_a-fvwrite.o)
 .text.__sfvwrite_r
                0x00000000800032ec      0x4a8 /opt/bluespec/riscvtoolchain-medany-1.202210.0.1/toolchains/baremetal-medany/lib/gcc/riscv64-unknown-elf/12.2.0/../../../../riscv64-unknown-elf/lib/rv64imafd/lp64d/libc.a(lib_a-fvwrite.o)
                0x00000000800032ec                __sfvwrite_r
 .text          0x0000000080003794        0x0 /opt/bluespec/riscvtoolchain-medany-1.202210.0.1/toolchains/baremetal-medany/lib/gcc/riscv64-unknown-elf/12.2.0/../../../../riscv64-unknown-elf/lib/rv64imafd/lp64d/libc.a(lib_a-fwalk.o)
 .text._fwalk   0x0000000080003794       0xbc /opt/bluespec/riscvtoolchain-medany-1.202210.0.1/toolchains/baremetal-medany/lib/gcc/riscv64-unknown-elf/12.2.0/../../../../riscv64-unknown-elf/lib/rv64imafd/lp64d/libc.a(lib_a-fwalk.o)
                0x0000000080003794                _fwalk
 .text._fwalk_reent
                0x0000000080003850       0xcc /opt/bluespec/riscvtoolchain-medany-1.202210.0.1/toolchains/baremetal-medany/lib/gcc/riscv64-unknown-elf/12.2.0/../../../../riscv64-unknown-elf/lib/rv64imafd/lp64d/libc.a(lib_a-fwalk.o)
                0x0000000080003850                _fwalk_reent
 .text          0x000000008000391c        0x0 /opt/bluespec/riscvtoolchain-medany-1.202210.0.1/toolchains/baremetal-medany/lib/gcc/riscv64-unknown-elf/12.2.0/../../../../riscv64-unknown-elf/lib/rv64imafd/lp64d/libc.a(lib_a-mallocr.o)
 .text._malloc_r
                0x000000008000391c      0x7e8 /opt/bluespec/riscvtoolchain-medany-1.202210.0.1/toolchains/baremetal-medany/lib/gcc/riscv64-unknown-elf/12.2.0/../../../../riscv64-unknown-elf/lib/rv64imafd/lp64d/libc.a(lib_a-mallocr.o)
                0x000000008000391c                _malloc_r
 .text          0x0000000080004104        0x0 /opt/bluespec/riscvtoolchain-medany-1.202210.0.1/toolchains/baremetal-medany/lib/gcc/riscv64-unknown-elf/12.2.0/../../../../riscv64-unknown-elf/lib/rv64imafd/lp64d/libc.a(lib_a-memchr.o)
 .text.memchr   0x0000000080004104       0xcc /opt/bluespec/riscvtoolchain-medany-1.202210.0.1/toolchains/baremetal-medany/lib/gcc/riscv64-unknown-elf/12.2.0/../../../../riscv64-unknown-elf/lib/rv64imafd/lp64d/libc.a(lib_a-memchr.o)
                0x0000000080004104                memchr
 .text          0x00000000800041d0        0x0 /opt/bluespec/riscvtoolchain-medany-1.202210.0.1/toolchains/baremetal-medany/lib/gcc/riscv64-unknown-elf/12.2.0/../../../../riscv64-unknown-elf/lib/rv64imafd/lp64d/libc.a(lib_a-memcpy.o)
 .text.memcpy   0x00000000800041d0      0x1a4 /opt/bluespec/riscvtoolchain-medany-1.202210.0.1/toolchains/baremetal-medany/lib/gcc/riscv64-unknown-elf/12.2.0/../../../../riscv64-unknown-elf/lib/rv64imafd/lp64d/libc.a(lib_a-memcpy.o)
                0x00000000800041d0                memcpy
 .text          0x0000000080004374        0x0 /opt/bluespec/riscvtoolchain-medany-1.202210.0.1/toolchains/baremetal-medany/lib/gcc/riscv64-unknown-elf/12.2.0/../../../../riscv64-unknown-elf/lib/rv64imafd/lp64d/libc.a(lib_a-memmove-stub.o)
 .text.memmove  0x0000000080004374      0x11c /opt/bluespec/riscvtoolchain-medany-1.202210.0.1/toolchains/baremetal-medany/lib/gcc/riscv64-unknown-elf/12.2.0/../../../../riscv64-unknown-elf/lib/rv64imafd/lp64d/libc.a(lib_a-memmove-stub.o)
                0x0000000080004374                memmove
 .text          0x0000000080004490        0x0 /opt/bluespec/riscvtoolchain-medany-1.202210.0.1/toolchains/baremetal-medany/lib/gcc/riscv64-unknown-elf/12.2.0/../../../../riscv64-unknown-elf/lib/rv64imafd/lp64d/libc.a(lib_a-mlock.o)
 .text.__malloc_lock
                0x0000000080004490        0x4 /opt/bluespec/riscvtoolchain-medany-1.202210.0.1/toolchains/baremetal-medany/lib/gcc/riscv64-unknown-elf/12.2.0/../../../../riscv64-unknown-elf/lib/rv64imafd/lp64d/libc.a(lib_a-mlock.o)
                0x0000000080004490                __malloc_lock
 .text.__malloc_unlock
                0x0000000080004494        0x4 /opt/bluespec/riscvtoolchain-medany-1.202210.0.1/toolchains/baremetal-medany/lib/gcc/riscv64-unknown-elf/12.2.0/../../../../riscv64-unknown-elf/lib/rv64imafd/lp64d/libc.a(lib_a-mlock.o)
                0x0000000080004494                __malloc_unlock
 .text          0x0000000080004498        0x0 /opt/bluespec/riscvtoolchain-medany-1.202210.0.1/toolchains/baremetal-medany/lib/gcc/riscv64-unknown-elf/12.2.0/../../../../riscv64-unknown-elf/lib/rv64imafd/lp64d/libc.a(lib_a-reallocr.o)
 .text._realloc_r
                0x0000000080004498      0x560 /opt/bluespec/riscvtoolchain-medany-1.202210.0.1/toolchains/baremetal-medany/lib/gcc/riscv64-unknown-elf/12.2.0/../../../../riscv64-unknown-elf/lib/rv64imafd/lp64d/libc.a(lib_a-reallocr.o)
                0x0000000080004498                _realloc_r
 .text          0x00000000800049f8        0x0 /opt/bluespec/riscvtoolchain-medany-1.202210.0.1/toolchains/baremetal-medany/lib/gcc/riscv64-unknown-elf/12.2.0/../../../../riscv64-unknown-elf/lib/rv64imafd/lp64d/libc.a(lib_a-sbrkr.o)
 .text._sbrk_r  0x00000000800049f8       0x50 /opt/bluespec/riscvtoolchain-medany-1.202210.0.1/toolchains/baremetal-medany/lib/gcc/riscv64-unknown-elf/12.2.0/../../../../riscv64-unknown-elf/lib/rv64imafd/lp64d/libc.a(lib_a-sbrkr.o)
                0x00000000800049f8                _sbrk_r
 .text          0x0000000080004a48        0x0 /opt/bluespec/riscvtoolchain-medany-1.202210.0.1/toolchains/baremetal-medany/lib/gcc/riscv64-unknown-elf/12.2.0/../../../../riscv64-unknown-elf/lib/rv64imafd/lp64d/libc.a(lib_a-stdio.o)
 .text.__sread  0x0000000080004a48       0x5c /opt/bluespec/riscvtoolchain-medany-1.202210.0.1/toolchains/baremetal-medany/lib/gcc/riscv64-unknown-elf/12.2.0/../../../../riscv64-unknown-elf/lib/rv64imafd/lp64d/libc.a(lib_a-stdio.o)
                0x0000000080004a48                __sread
 .text.__seofread
                0x0000000080004aa4        0x8 /opt/bluespec/riscvtoolchain-medany-1.202210.0.1/toolchains/baremetal-medany/lib/gcc/riscv64-unknown-elf/12.2.0/../../../../riscv64-unknown-elf/lib/rv64imafd/lp64d/libc.a(lib_a-stdio.o)
                0x0000000080004aa4                __seofread
 .text.__swrite
                0x0000000080004aac       0x88 /opt/bluespec/riscvtoolchain-medany-1.202210.0.1/toolchains/baremetal-medany/lib/gcc/riscv64-unknown-elf/12.2.0/../../../../riscv64-unknown-elf/lib/rv64imafd/lp64d/libc.a(lib_a-stdio.o)
                0x0000000080004aac                __swrite
 .text.__sseek  0x0000000080004b34       0x78 /opt/bluespec/riscvtoolchain-medany-1.202210.0.1/toolchains/baremetal-medany/lib/gcc/riscv64-unknown-elf/12.2.0/../../../../riscv64-unknown-elf/lib/rv64imafd/lp64d/libc.a(lib_a-stdio.o)
                0x0000000080004b34                __sseek
 .text.__sclose
                0x0000000080004bac        0x8 /opt/bluespec/riscvtoolchain-medany-1.202210.0.1/toolchains/baremetal-medany/lib/gcc/riscv64-unknown-elf/12.2.0/../../../../riscv64-unknown-elf/lib/rv64imafd/lp64d/libc.a(lib_a-stdio.o)
                0x0000000080004bac                __sclose
 .text          0x0000000080004bb4        0x0 /opt/bluespec/riscvtoolchain-medany-1.202210.0.1/toolchains/baremetal-medany/lib/gcc/riscv64-unknown-elf/12.2.0/../../../../riscv64-unknown-elf/lib/rv64imafd/lp64d/libc.a(lib_a-writer.o)
 .text._write_r
                0x0000000080004bb4       0x5c /opt/bluespec/riscvtoolchain-medany-1.202210.0.1/toolchains/baremetal-medany/lib/gcc/riscv64-unknown-elf/12.2.0/../../../../riscv64-unknown-elf/lib/rv64imafd/lp64d/libc.a(lib_a-writer.o)
                0x0000000080004bb4                _write_r
 .text          0x0000000080004c10        0x0 /opt/bluespec/riscvtoolchain-medany-1.202210.0.1/toolchains/baremetal-medany/lib/gcc/riscv64-unknown-elf/12.2.0/../../../../riscv64-unknown-elf/lib/rv64imafd/lp64d/libc.a(lib_a-wsetup.o)
 .text.__swsetup_r
                0x0000000080004c10      0x140 /opt/bluespec/riscvtoolchain-medany-1.202210.0.1/toolchains/baremetal-medany/lib/gcc/riscv64-unknown-elf/12.2.0/../../../../riscv64-unknown-elf/lib/rv64imafd/lp64d/libc.a(lib_a-wsetup.o)
                0x0000000080004c10                __swsetup_r
 .text          0x0000000080004d50        0x0 /opt/bluespec/riscvtoolchain-medany-1.202210.0.1/toolchains/baremetal-medany/lib/gcc/riscv64-unknown-elf/12.2.0/../../../../riscv64-unknown-elf/lib/rv64imafd/lp64d/libc.a(lib_a-atexit.o)
 .text.atexit   0x0000000080004d50       0x14 /opt/bluespec/riscvtoolchain-medany-1.202210.0.1/toolchains/baremetal-medany/lib/gcc/riscv64-unknown-elf/12.2.0/../../../../riscv64-unknown-elf/lib/rv64imafd/lp64d/libc.a(lib_a-atexit.o)
                0x0000000080004d50                atexit
 .text          0x0000000080004d64        0x0 /opt/bluespec/riscvtoolchain-medany-1.202210.0.1/toolchains/baremetal-medany/lib/gcc/riscv64-unknown-elf/12.2.0/../../../../riscv64-unknown-elf/lib/rv64imafd/lp64d/libc.a(lib_a-closer.o)
 .text._close_r
                0x0000000080004d64       0x50 /opt/bluespec/riscvtoolchain-medany-1.202210.0.1/toolchains/baremetal-medany/lib/gcc/riscv64-unknown-elf/12.2.0/../../../../riscv64-unknown-elf/lib/rv64imafd/lp64d/libc.a(lib_a-closer.o)
                0x0000000080004d64                _close_r
 .text          0x0000000080004db4        0x0 /opt/bluespec/riscvtoolchain-medany-1.202210.0.1/toolchains/baremetal-medany/lib/gcc/riscv64-unknown-elf/12.2.0/../../../../riscv64-unknown-elf/lib/rv64imafd/lp64d/libc.a(lib_a-fclose.o)
 .text._fclose_r
                0x0000000080004db4      0x110 /opt/bluespec/riscvtoolchain-medany-1.202210.0.1/toolchains/baremetal-medany/lib/gcc/riscv64-unknown-elf/12.2.0/../../../../riscv64-unknown-elf/lib/rv64imafd/lp64d/libc.a(lib_a-fclose.o)
                0x0000000080004db4                _fclose_r
 .text.fclose   0x0000000080004ec4        0xc /opt/bluespec/riscvtoolchain-medany-1.202210.0.1/toolchains/baremetal-medany/lib/gcc/riscv64-unknown-elf/12.2.0/../../../../riscv64-unknown-elf/lib/rv64imafd/lp64d/libc.a(lib_a-fclose.o)
                0x0000000080004ec4                fclose
 .text          0x0000000080004ed0        0x0 /opt/bluespec/riscvtoolchain-medany-1.202210.0.1/toolchains/baremetal-medany/lib/gcc/riscv64-unknown-elf/12.2.0/../../../../riscv64-unknown-elf/lib/rv64imafd/lp64d/libc.a(lib_a-fflush.o)
 .text.__sflush_r
                0x0000000080004ed0      0x24c /opt/bluespec/riscvtoolchain-medany-1.202210.0.1/toolchains/baremetal-medany/lib/gcc/riscv64-unknown-elf/12.2.0/../../../../riscv64-unknown-elf/lib/rv64imafd/lp64d/libc.a(lib_a-fflush.o)
                0x0000000080004ed0                __sflush_r
 .text._fflush_r
                0x000000008000511c       0x60 /opt/bluespec/riscvtoolchain-medany-1.202210.0.1/toolchains/baremetal-medany/lib/gcc/riscv64-unknown-elf/12.2.0/../../../../riscv64-unknown-elf/lib/rv64imafd/lp64d/libc.a(lib_a-fflush.o)
                0x000000008000511c                _fflush_r
 .text.fflush   0x000000008000517c       0x7c /opt/bluespec/riscvtoolchain-medany-1.202210.0.1/toolchains/baremetal-medany/lib/gcc/riscv64-unknown-elf/12.2.0/../../../../riscv64-unknown-elf/lib/rv64imafd/lp64d/libc.a(lib_a-fflush.o)
                0x000000008000517c                fflush
 .text          0x00000000800051f8        0x0 /opt/bluespec/riscvtoolchain-medany-1.202210.0.1/toolchains/baremetal-medany/lib/gcc/riscv64-unknown-elf/12.2.0/../../../../riscv64-unknown-elf/lib/rv64imafd/lp64d/libc.a(lib_a-freer.o)
 .text._malloc_trim_r
                0x00000000800051f8      0x13c /opt/bluespec/riscvtoolchain-medany-1.202210.0.1/toolchains/baremetal-medany/lib/gcc/riscv64-unknown-elf/12.2.0/../../../../riscv64-unknown-elf/lib/rv64imafd/lp64d/libc.a(lib_a-freer.o)
                0x00000000800051f8                _malloc_trim_r
 .text._free_r  0x0000000080005334      0x320 /opt/bluespec/riscvtoolchain-medany-1.202210.0.1/toolchains/baremetal-medany/lib/gcc/riscv64-unknown-elf/12.2.0/../../../../riscv64-unknown-elf/lib/rv64imafd/lp64d/libc.a(lib_a-freer.o)
                0x0000000080005334                _free_r
 .text          0x0000000080005654        0x0 /opt/bluespec/riscvtoolchain-medany-1.202210.0.1/toolchains/baremetal-medany/lib/gcc/riscv64-unknown-elf/12.2.0/../../../../riscv64-unknown-elf/lib/rv64imafd/lp64d/libc.a(lib_a-lseekr.o)
 .text._lseek_r
                0x0000000080005654       0x5c /opt/bluespec/riscvtoolchain-medany-1.202210.0.1/toolchains/baremetal-medany/lib/gcc/riscv64-unknown-elf/12.2.0/../../../../riscv64-unknown-elf/lib/rv64imafd/lp64d/libc.a(lib_a-lseekr.o)
                0x0000000080005654                _lseek_r
 .text          0x00000000800056b0        0x0 /opt/bluespec/riscvtoolchain-medany-1.202210.0.1/toolchains/baremetal-medany/lib/gcc/riscv64-unknown-elf/12.2.0/../../../../riscv64-unknown-elf/lib/rv64imafd/lp64d/libc.a(lib_a-makebuf.o)
 .text.__smakebuf_r
                0x00000000800056b0      0x190 /opt/bluespec/riscvtoolchain-medany-1.202210.0.1/toolchains/baremetal-medany/lib/gcc/riscv64-unknown-elf/12.2.0/../../../../riscv64-unknown-elf/lib/rv64imafd/lp64d/libc.a(lib_a-makebuf.o)
                0x00000000800056b0                __smakebuf_r
 .text.__swhatbuf_r
                0x0000000080005840       0xd8 /opt/bluespec/riscvtoolchain-medany-1.202210.0.1/toolchains/baremetal-medany/lib/gcc/riscv64-unknown-elf/12.2.0/../../../../riscv64-unknown-elf/lib/rv64imafd/lp64d/libc.a(lib_a-makebuf.o)
                0x0000000080005840                __swhatbuf_r
 .text          0x0000000080005918        0x0 /opt/bluespec/riscvtoolchain-medany-1.202210.0.1/toolchains/baremetal-medany/lib/gcc/riscv64-unknown-elf/12.2.0/../../../../riscv64-unknown-elf/lib/rv64imafd/lp64d/libc.a(lib_a-readr.o)
 .text._read_r  0x0000000080005918       0x5c /opt/bluespec/riscvtoolchain-medany-1.202210.0.1/toolchains/baremetal-medany/lib/gcc/riscv64-unknown-elf/12.2.0/../../../../riscv64-unknown-elf/lib/rv64imafd/lp64d/libc.a(lib_a-readr.o)
                0x0000000080005918                _read_r
 .text          0x0000000080005974        0x0 /opt/bluespec/riscvtoolchain-medany-1.202210.0.1/toolchains/baremetal-medany/lib/gcc/riscv64-unknown-elf/12.2.0/../../../../riscv64-unknown-elf/lib/rv64imafd/lp64d/libc.a(lib_a-reent.o)
 .text.cleanup_glue
                0x0000000080005974       0x94 /opt/bluespec/riscvtoolchain-medany-1.202210.0.1/toolchains/baremetal-medany/lib/gcc/riscv64-unknown-elf/12.2.0/../../../../riscv64-unknown-elf/lib/rv64imafd/lp64d/libc.a(lib_a-reent.o)
                0x0000000080005974                cleanup_glue
 .text._reclaim_reent
                0x0000000080005a08      0x11c /opt/bluespec/riscvtoolchain-medany-1.202210.0.1/toolchains/baremetal-medany/lib/gcc/riscv64-unknown-elf/12.2.0/../../../../riscv64-unknown-elf/lib/rv64imafd/lp64d/libc.a(lib_a-reent.o)
                0x0000000080005a08                _reclaim_reent
 .text          0x0000000080005b24        0x0 /opt/bluespec/riscvtoolchain-medany-1.202210.0.1/toolchains/baremetal-medany/lib/gcc/riscv64-unknown-elf/12.2.0/../../../../riscv64-unknown-elf/lib/rv64imafd/lp64d/libc.a(lib_a-__atexit.o)
 .text.__register_exitproc
                0x0000000080005b24       0xa8 /opt/bluespec/riscvtoolchain-medany-1.202210.0.1/toolchains/baremetal-medany/lib/gcc/riscv64-unknown-elf/12.2.0/../../../../riscv64-unknown-elf/lib/rv64imafd/lp64d/libc.a(lib_a-__atexit.o)
                0x0000000080005b24                __register_exitproc
 .text          0x0000000080005bcc        0x0 /opt/bluespec/riscvtoolchain-medany-1.202210.0.1/toolchains/baremetal-medany/lib/gcc/riscv64-unknown-elf/12.2.0/../../../../riscv64-unknown-elf/lib/rv64imafd/lp64d/libc.a(lib_a-fstatr.o)
 .text._fstat_r
                0x0000000080005bcc       0x58 /opt/bluespec/riscvtoolchain-medany-1.202210.0.1/toolchains/baremetal-medany/lib/gcc/riscv64-unknown-elf/12.2.0/../../../../riscv64-unknown-elf/lib/rv64imafd/lp64d/libc.a(lib_a-fstatr.o)
                0x0000000080005bcc                _fstat_r
 .text          0x0000000080005c24        0x0 /opt/bluespec/riscvtoolchain-medany-1.202210.0.1/toolchains/baremetal-medany/lib/gcc/riscv64-unknown-elf/12.2.0/../../../../riscv64-unknown-elf/lib/rv64imafd/lp64d/libc.a(lib_a-isattyr.o)
 .text._isatty_r
                0x0000000080005c24       0x50 /opt/bluespec/riscvtoolchain-medany-1.202210.0.1/toolchains/baremetal-medany/lib/gcc/riscv64-unknown-elf/12.2.0/../../../../riscv64-unknown-elf/lib/rv64imafd/lp64d/libc.a(lib_a-isattyr.o)
                0x0000000080005c24                _isatty_r
 .text          0x0000000080005c74        0x0 /opt/bluespec/riscvtoolchain-medany-1.202210.0.1/toolchains/baremetal-medany/lib/gcc/riscv64-unknown-elf/12.2.0/../../../../riscv64-unknown-elf/lib/rv64imafd/lp64d/libnosys.a(_exit.o)
 .text._exit    0x0000000080005c74        0x4 /opt/bluespec/riscvtoolchain-medany-1.202210.0.1/toolchains/baremetal-medany/lib/gcc/riscv64-unknown-elf/12.2.0/../../../../riscv64-unknown-elf/lib/rv64imafd/lp64d/libnosys.a(_exit.o)
                0x0000000080005c74                _exit
 .text          0x0000000080005c78        0x0 /opt/bluespec/riscvtoolchain-medany-1.202210.0.1/toolchains/baremetal-medany/lib/gcc/riscv64-unknown-elf/12.2.0/rv64imafd/lp64d/crtend.o
 *(.gnu.warning)

.fini
 *(SORT_NONE(.fini))
                [!provide]                        PROVIDE (__etext = .)
                [!provide]                        PROVIDE (_etext = .)
                [!provide]                        PROVIDE (etext = .)

.rodata         0x0000000080005c78       0x12
 *(.rodata .rodata.* .gnu.linkonce.r.*)
 .rodata        0x0000000080005c78        0xd /tmp/cc4mQzgE.o
 *fill*         0x0000000080005c85        0x3 
 .rodata._puts_r.str1.8
                0x0000000080005c88        0x2 /opt/bluespec/riscvtoolchain-medany-1.202210.0.1/toolchains/baremetal-medany/lib/gcc/riscv64-unknown-elf/12.2.0/../../../../riscv64-unknown-elf/lib/rv64imafd/lp64d/libc.a(lib_a-puts.o)

.rodata1
 *(.rodata1)

.sdata2
 *(.sdata2 .sdata2.* .gnu.linkonce.s2.*)

.sbss2
 *(.sbss2 .sbss2.* .gnu.linkonce.sb2.*)

.eh_frame_hdr
 *(.eh_frame_hdr)
 *(.eh_frame_entry .eh_frame_entry.*)

.eh_frame
 *(.eh_frame)
 *(.eh_frame.*)

.gcc_except_table
 *(.gcc_except_table .gcc_except_table.*)

.gnu_extab
 *(.gnu_extab*)

.exception_ranges
 *(.exception_ranges*)
                0x0000000080006c8a                . = DATA_SEGMENT_ALIGN (CONSTANT (MAXPAGESIZE), CONSTANT (COMMONPAGESIZE))

.eh_frame       0x0000000080006c8c        0x4
 *(.eh_frame)
 .eh_frame      0x0000000080006c8c        0x0 /opt/bluespec/riscvtoolchain-medany-1.202210.0.1/toolchains/baremetal-medany/lib/gcc/riscv64-unknown-elf/12.2.0/rv64imafd/lp64d/crtbegin.o
 .eh_frame      0x0000000080006c8c        0x4 /opt/bluespec/riscvtoolchain-medany-1.202210.0.1/toolchains/baremetal-medany/lib/gcc/riscv64-unknown-elf/12.2.0/rv64imafd/lp64d/crtend.o
 *(.eh_frame.*)

.gnu_extab
 *(.gnu_extab)

.gcc_except_table
 *(.gcc_except_table .gcc_except_table.*)

.exception_ranges
 *(.exception_ranges*)

.tdata          0x0000000080006c90        0x0
                [!provide]                        PROVIDE (__tdata_start = .)
 *(.tdata .tdata.* .gnu.linkonce.td.*)

.tbss
 *(.tbss .tbss.* .gnu.linkonce.tb.*)
 *(.tcommon)

.preinit_array  0x0000000080006c90        0x0
                0x0000000080006c90                PROVIDE (__preinit_array_start = .)
 *(.preinit_array)
                0x0000000080006c90                PROVIDE (__preinit_array_end = .)

.init_array     0x0000000080006c90       0x18
                0x0000000080006c90                PROVIDE (__init_array_start = .)
 *(SORT_BY_INIT_PRIORITY(.init_array.*) SORT_BY_INIT_PRIORITY(.ctors.*))
 .init_array.00000
                0x0000000080006c90        0x8 /opt/bluespec/riscvtoolchain-medany-1.202210.0.1/toolchains/baremetal-medany/lib/gcc/riscv64-unknown-elf/12.2.0/../../../../riscv64-unknown-elf/lib/rv64imafd/lp64d/libc.a(lib_a-__call_atexit.o)
 *(.init_array EXCLUDE_FILE(*crtend?.o *crtend.o *crtbegin?.o *crtbegin.o) .ctors)
 .init_array    0x0000000080006c98        0x8 /opt/bluespec/riscvtoolchain-medany-1.202210.0.1/toolchains/baremetal-medany/lib/gcc/riscv64-unknown-elf/12.2.0/rv64imafd/lp64d/crtbegin.o
 .init_array    0x0000000080006ca0        0x8 /tmp/ccRbl4Iu.o
                0x0000000080006ca8                PROVIDE (__init_array_end = .)

.fini_array     0x0000000080006ca8        0x8
                0x0000000080006ca8                PROVIDE (__fini_array_start = .)
 *(SORT_BY_INIT_PRIORITY(.fini_array.*) SORT_BY_INIT_PRIORITY(.dtors.*))
 *(.fini_array EXCLUDE_FILE(*crtend?.o *crtend.o *crtbegin?.o *crtbegin.o) .dtors)
 .fini_array    0x0000000080006ca8        0x8 /opt/bluespec/riscvtoolchain-medany-1.202210.0.1/toolchains/baremetal-medany/lib/gcc/riscv64-unknown-elf/12.2.0/rv64imafd/lp64d/crtbegin.o
                0x0000000080006cb0                PROVIDE (__fini_array_end = .)

.ctors
 *crtbegin.o(.ctors)
 *crtbegin?.o(.ctors)
 *(EXCLUDE_FILE(*crtend?.o *crtend.o) .ctors)
 *(SORT_BY_NAME(.ctors.*))
 *(.ctors)

.dtors
 *crtbegin.o(.dtors)
 *crtbegin?.o(.dtors)
 *(EXCLUDE_FILE(*crtend?.o *crtend.o) .dtors)
 *(SORT_BY_NAME(.dtors.*))
 *(.dtors)

.jcr
 *(.jcr)

.data.rel.ro
 *(.data.rel.ro.local* .gnu.linkonce.d.rel.ro.local.*)
 *(.data.rel.ro .data.rel.ro.* .gnu.linkonce.d.rel.ro.*)

.dynamic
 *(.dynamic)
                0x0000000080006cb0                . = DATA_SEGMENT_RELRO_END (., 0x0)

.data           0x0000000080006cb0      0xf58
                0x0000000080006cb0                __DATA_BEGIN__ = .
 *(.data .data.* .gnu.linkonce.d.*)
 .data          0x0000000080006cb0        0x0 /opt/bluespec/riscvtoolchain-medany-1.202210.0.1/toolchains/baremetal-medany/lib/gcc/riscv64-unknown-elf/12.2.0/../../../../riscv64-unknown-elf/lib/rv64imafd/lp64d/crt0.o
 .data          0x0000000080006cb0        0x0 /opt/bluespec/riscvtoolchain-medany-1.202210.0.1/toolchains/baremetal-medany/lib/gcc/riscv64-unknown-elf/12.2.0/rv64imafd/lp64d/crtbegin.o
 .data          0x0000000080006cb0        0x0 startup.o
 .data          0x0000000080006cb0        0x0 /tmp/cc4mQzgE.o
 .data          0x0000000080006cb0        0x0 /tmp/cc48zvdf.o
 .data          0x0000000080006cb0        0x0 /tmp/ccRbl4Iu.o
 .data          0x0000000080006cb0        0x0 /tmp/cc80dZe8.o
 .data          0x0000000080006cb0        0x0 /opt/bluespec/riscvtoolchain-medany-1.202210.0.1/toolchains/baremetal-medany/lib/gcc/riscv64-unknown-elf/12.2.0/../../../../riscv64-unknown-elf/lib/rv64imafd/lp64d/libc.a(lib_a-errno.o)
 .data          0x0000000080006cb0        0x0 /opt/bluespec/riscvtoolchain-medany-1.202210.0.1/toolchains/baremetal-medany/lib/gcc/riscv64-unknown-elf/12.2.0/../../../../riscv64-unknown-elf/lib/rv64imafd/lp64d/libc.a(lib_a-exit.o)
 .data          0x0000000080006cb0        0x0 /opt/bluespec/riscvtoolchain-medany-1.202210.0.1/toolchains/baremetal-medany/lib/gcc/riscv64-unknown-elf/12.2.0/../../../../riscv64-unknown-elf/lib/rv64imafd/lp64d/libc.a(lib_a-impure.o)
 .data.impure_data
                0x0000000080006cb0      0x748 /opt/bluespec/riscvtoolchain-medany-1.202210.0.1/toolchains/baremetal-medany/lib/gcc/riscv64-unknown-elf/12.2.0/../../../../riscv64-unknown-elf/lib/rv64imafd/lp64d/libc.a(lib_a-impure.o)
 .data          0x00000000800073f8        0x0 /opt/bluespec/riscvtoolchain-medany-1.202210.0.1/toolchains/baremetal-medany/lib/gcc/riscv64-unknown-elf/12.2.0/../../../../riscv64-unknown-elf/lib/rv64imafd/lp64d/libc.a(lib_a-init.o)
 .data          0x00000000800073f8        0x0 /opt/bluespec/riscvtoolchain-medany-1.202210.0.1/toolchains/baremetal-medany/lib/gcc/riscv64-unknown-elf/12.2.0/../../../../riscv64-unknown-elf/lib/rv64imafd/lp64d/libc.a(lib_a-memset.o)
 .data          0x00000000800073f8        0x0 /opt/bluespec/riscvtoolchain-medany-1.202210.0.1/toolchains/baremetal-medany/lib/gcc/riscv64-unknown-elf/12.2.0/../../../../riscv64-unknown-elf/lib/rv64imafd/lp64d/libc.a(lib_a-puts.o)
 .data          0x00000000800073f8        0x0 /opt/bluespec/riscvtoolchain-medany-1.202210.0.1/toolchains/baremetal-medany/lib/gcc/riscv64-unknown-elf/12.2.0/../../../../riscv64-unknown-elf/lib/rv64imafd/lp64d/libc.a(lib_a-strlen.o)
 .data          0x00000000800073f8        0x0 /opt/bluespec/riscvtoolchain-medany-1.202210.0.1/toolchains/baremetal-medany/lib/gcc/riscv64-unknown-elf/12.2.0/../../../../riscv64-unknown-elf/lib/rv64imafd/lp64d/libc.a(lib_a-__call_atexit.o)
 .data          0x00000000800073f8        0x0 /opt/bluespec/riscvtoolchain-medany-1.202210.0.1/toolchains/baremetal-medany/lib/gcc/riscv64-unknown-elf/12.2.0/../../../../riscv64-unknown-elf/lib/rv64imafd/lp64d/libc.a(lib_a-findfp.o)
 .data          0x00000000800073f8        0x0 /opt/bluespec/riscvtoolchain-medany-1.202210.0.1/toolchains/baremetal-medany/lib/gcc/riscv64-unknown-elf/12.2.0/../../../../riscv64-unknown-elf/lib/rv64imafd/lp64d/libc.a(lib_a-fini.o)
 .data          0x00000000800073f8        0x0 /opt/bluespec/riscvtoolchain-medany-1.202210.0.1/toolchains/baremetal-medany/lib/gcc/riscv64-unknown-elf/12.2.0/../../../../riscv64-unknown-elf/lib/rv64imafd/lp64d/libc.a(lib_a-fvwrite.o)
 .data          0x00000000800073f8        0x0 /opt/bluespec/riscvtoolchain-medany-1.202210.0.1/toolchains/baremetal-medany/lib/gcc/riscv64-unknown-elf/12.2.0/../../../../riscv64-unknown-elf/lib/rv64imafd/lp64d/libc.a(lib_a-fwalk.o)
 .data          0x00000000800073f8        0x0 /opt/bluespec/riscvtoolchain-medany-1.202210.0.1/toolchains/baremetal-medany/lib/gcc/riscv64-unknown-elf/12.2.0/../../../../riscv64-unknown-elf/lib/rv64imafd/lp64d/libc.a(lib_a-mallocr.o)
 .data.__malloc_av_
                0x00000000800073f8      0x810 /opt/bluespec/riscvtoolchain-medany-1.202210.0.1/toolchains/baremetal-medany/lib/gcc/riscv64-unknown-elf/12.2.0/../../../../riscv64-unknown-elf/lib/rv64imafd/lp64d/libc.a(lib_a-mallocr.o)
                0x00000000800073f8                __malloc_av_
 .data          0x0000000080007c08        0x0 /opt/bluespec/riscvtoolchain-medany-1.202210.0.1/toolchains/baremetal-medany/lib/gcc/riscv64-unknown-elf/12.2.0/../../../../riscv64-unknown-elf/lib/rv64imafd/lp64d/libc.a(lib_a-memchr.o)
 .data          0x0000000080007c08        0x0 /opt/bluespec/riscvtoolchain-medany-1.202210.0.1/toolchains/baremetal-medany/lib/gcc/riscv64-unknown-elf/12.2.0/../../../../riscv64-unknown-elf/lib/rv64imafd/lp64d/libc.a(lib_a-memcpy.o)
 .data          0x0000000080007c08        0x0 /opt/bluespec/riscvtoolchain-medany-1.202210.0.1/toolchains/baremetal-medany/lib/gcc/riscv64-unknown-elf/12.2.0/../../../../riscv64-unknown-elf/lib/rv64imafd/lp64d/libc.a(lib_a-memmove-stub.o)
 .data          0x0000000080007c08        0x0 /opt/bluespec/riscvtoolchain-medany-1.202210.0.1/toolchains/baremetal-medany/lib/gcc/riscv64-unknown-elf/12.2.0/../../../../riscv64-unknown-elf/lib/rv64imafd/lp64d/libc.a(lib_a-mlock.o)
 .data          0x0000000080007c08        0x0 /opt/bluespec/riscvtoolchain-medany-1.202210.0.1/toolchains/baremetal-medany/lib/gcc/riscv64-unknown-elf/12.2.0/../../../../riscv64-unknown-elf/lib/rv64imafd/lp64d/libc.a(lib_a-reallocr.o)
 .data          0x0000000080007c08        0x0 /opt/bluespec/riscvtoolchain-medany-1.202210.0.1/toolchains/baremetal-medany/lib/gcc/riscv64-unknown-elf/12.2.0/../../../../riscv64-unknown-elf/lib/rv64imafd/lp64d/libc.a(lib_a-sbrkr.o)
 .data          0x0000000080007c08        0x0 /opt/bluespec/riscvtoolchain-medany-1.202210.0.1/toolchains/baremetal-medany/lib/gcc/riscv64-unknown-elf/12.2.0/../../../../riscv64-unknown-elf/lib/rv64imafd/lp64d/libc.a(lib_a-stdio.o)
 .data          0x0000000080007c08        0x0 /opt/bluespec/riscvtoolchain-medany-1.202210.0.1/toolchains/baremetal-medany/lib/gcc/riscv64-unknown-elf/12.2.0/../../../../riscv64-unknown-elf/lib/rv64imafd/lp64d/libc.a(lib_a-writer.o)
 .data          0x0000000080007c08        0x0 /opt/bluespec/riscvtoolchain-medany-1.202210.0.1/toolchains/baremetal-medany/lib/gcc/riscv64-unknown-elf/12.2.0/../../../../riscv64-unknown-elf/lib/rv64imafd/lp64d/libc.a(lib_a-wsetup.o)
 .data          0x0000000080007c08        0x0 /opt/bluespec/riscvtoolchain-medany-1.202210.0.1/toolchains/baremetal-medany/lib/gcc/riscv64-unknown-elf/12.2.0/../../../../riscv64-unknown-elf/lib/rv64imafd/lp64d/libc.a(lib_a-atexit.o)
 .data          0x0000000080007c08        0x0 /opt/bluespec/riscvtoolchain-medany-1.202210.0.1/toolchains/baremetal-medany/lib/gcc/riscv64-unknown-elf/12.2.0/../../../../riscv64-unknown-elf/lib/rv64imafd/lp64d/libc.a(lib_a-closer.o)
 .data          0x0000000080007c08        0x0 /opt/bluespec/riscvtoolchain-medany-1.202210.0.1/toolchains/baremetal-medany/lib/gcc/riscv64-unknown-elf/12.2.0/../../../../riscv64-unknown-elf/lib/rv64imafd/lp64d/libc.a(lib_a-fclose.o)
 .data          0x0000000080007c08        0x0 /opt/bluespec/riscvtoolchain-medany-1.202210.0.1/toolchains/baremetal-medany/lib/gcc/riscv64-unknown-elf/12.2.0/../../../../riscv64-unknown-elf/lib/rv64imafd/lp64d/libc.a(lib_a-fflush.o)
 .data          0x0000000080007c08        0x0 /opt/bluespec/riscvtoolchain-medany-1.202210.0.1/toolchains/baremetal-medany/lib/gcc/riscv64-unknown-elf/12.2.0/../../../../riscv64-unknown-elf/lib/rv64imafd/lp64d/libc.a(lib_a-freer.o)
 .data          0x0000000080007c08        0x0 /opt/bluespec/riscvtoolchain-medany-1.202210.0.1/toolchains/baremetal-medany/lib/gcc/riscv64-unknown-elf/12.2.0/../../../../riscv64-unknown-elf/lib/rv64imafd/lp64d/libc.a(lib_a-lseekr.o)
 .data          0x0000000080007c08        0x0 /opt/bluespec/riscvtoolchain-medany-1.202210.0.1/toolchains/baremetal-medany/lib/gcc/riscv64-unknown-elf/12.2.0/../../../../riscv64-unknown-elf/lib/rv64imafd/lp64d/libc.a(lib_a-makebuf.o)
 .data          0x0000000080007c08        0x0 /opt/bluespec/riscvtoolchain-medany-1.202210.0.1/toolchains/baremetal-medany/lib/gcc/riscv64-unknown-elf/12.2.0/../../../../riscv64-unknown-elf/lib/rv64imafd/lp64d/libc.a(lib_a-readr.o)
 .data          0x0000000080007c08        0x0 /opt/bluespec/riscvtoolchain-medany-1.202210.0.1/toolchains/baremetal-medany/lib/gcc/riscv64-unknown-elf/12.2.0/../../../../riscv64-unknown-elf/lib/rv64imafd/lp64d/libc.a(lib_a-reent.o)
 .data          0x0000000080007c08        0x0 /opt/bluespec/riscvtoolchain-medany-1.202210.0.1/toolchains/baremetal-medany/lib/gcc/riscv64-unknown-elf/12.2.0/../../../../riscv64-unknown-elf/lib/rv64imafd/lp64d/libc.a(lib_a-__atexit.o)
 .data          0x0000000080007c08        0x0 /opt/bluespec/riscvtoolchain-medany-1.202210.0.1/toolchains/baremetal-medany/lib/gcc/riscv64-unknown-elf/12.2.0/../../../../riscv64-unknown-elf/lib/rv64imafd/lp64d/libc.a(lib_a-fstatr.o)
 .data          0x0000000080007c08        0x0 /opt/bluespec/riscvtoolchain-medany-1.202210.0.1/toolchains/baremetal-medany/lib/gcc/riscv64-unknown-elf/12.2.0/../../../../riscv64-unknown-elf/lib/rv64imafd/lp64d/libc.a(lib_a-isattyr.o)
 .data          0x0000000080007c08        0x0 /opt/bluespec/riscvtoolchain-medany-1.202210.0.1/toolchains/baremetal-medany/lib/gcc/riscv64-unknown-elf/12.2.0/../../../../riscv64-unknown-elf/lib/rv64imafd/lp64d/libnosys.a(_exit.o)
 .data          0x0000000080007c08        0x0 /opt/bluespec/riscvtoolchain-medany-1.202210.0.1/toolchains/baremetal-medany/lib/gcc/riscv64-unknown-elf/12.2.0/rv64imafd/lp64d/crtend.o

.data1
 *(.data1)

.got
 *(.got.plt)
 *(.igot.plt)
 *(.got)
 *(.igot)

.sdata          0x0000000080007c08       0x48
                0x0000000080007c08                __SDATA_BEGIN__ = .
 *(.srodata.cst16)
 *(.srodata.cst8)
 .srodata.cst8  0x0000000080007c08        0x8 /opt/bluespec/riscvtoolchain-medany-1.202210.0.1/toolchains/baremetal-medany/lib/gcc/riscv64-unknown-elf/12.2.0/../../../../riscv64-unknown-elf/lib/rv64imafd/lp64d/libc.a(lib_a-strlen.o)
 .srodata.cst8  0x0000000080007c10       0x10 /opt/bluespec/riscvtoolchain-medany-1.202210.0.1/toolchains/baremetal-medany/lib/gcc/riscv64-unknown-elf/12.2.0/../../../../riscv64-unknown-elf/lib/rv64imafd/lp64d/libc.a(lib_a-memchr.o)
 *(.srodata.cst4)
 *(.srodata.cst2)
 *(.srodata .srodata.*)
 .srodata._global_impure_ptr
                0x0000000080007c20        0x8 /opt/bluespec/riscvtoolchain-medany-1.202210.0.1/toolchains/baremetal-medany/lib/gcc/riscv64-unknown-elf/12.2.0/../../../../riscv64-unknown-elf/lib/rv64imafd/lp64d/libc.a(lib_a-impure.o)
                0x0000000080007c20                _global_impure_ptr
 *(.sdata .sdata.* .gnu.linkonce.s.*)
 .sdata         0x0000000080007c28        0x8 /opt/bluespec/riscvtoolchain-medany-1.202210.0.1/toolchains/baremetal-medany/lib/gcc/riscv64-unknown-elf/12.2.0/rv64imafd/lp64d/crtbegin.o
                0x0000000080007c28                __dso_handle
 .sdata         0x0000000080007c30        0x8 /tmp/ccRbl4Iu.o
 .sdata._impure_ptr
                0x0000000080007c38        0x8 /opt/bluespec/riscvtoolchain-medany-1.202210.0.1/toolchains/baremetal-medany/lib/gcc/riscv64-unknown-elf/12.2.0/../../../../riscv64-unknown-elf/lib/rv64imafd/lp64d/libc.a(lib_a-impure.o)
                0x0000000080007c38                _impure_ptr
 .sdata.__malloc_sbrk_base
                0x0000000080007c40        0x8 /opt/bluespec/riscvtoolchain-medany-1.202210.0.1/toolchains/baremetal-medany/lib/gcc/riscv64-unknown-elf/12.2.0/../../../../riscv64-unknown-elf/lib/rv64imafd/lp64d/libc.a(lib_a-mallocr.o)
                0x0000000080007c40                __malloc_sbrk_base
 .sdata.__malloc_trim_threshold
                0x0000000080007c48        0x8 /opt/bluespec/riscvtoolchain-medany-1.202210.0.1/toolchains/baremetal-medany/lib/gcc/riscv64-unknown-elf/12.2.0/../../../../riscv64-unknown-elf/lib/rv64imafd/lp64d/libc.a(lib_a-mallocr.o)
                0x0000000080007c48                __malloc_trim_threshold
                0x0000000080007c50                _edata = .
                [!provide]                        PROVIDE (edata = .)
                0x0000000080007c50                . = .
                0x0000000080007c50                __bss_start = .

.sbss           0x0000000080007c50       0x1c
 *(.dynsbss)
 *(.sbss .sbss.* .gnu.linkonce.sb.*)
 .sbss.__malloc_max_total_mem
                0x0000000080007c50        0x8 /opt/bluespec/riscvtoolchain-medany-1.202210.0.1/toolchains/baremetal-medany/lib/gcc/riscv64-unknown-elf/12.2.0/../../../../riscv64-unknown-elf/lib/rv64imafd/lp64d/libc.a(lib_a-mallocr.o)
                0x0000000080007c50                __malloc_max_total_mem
 .sbss.__malloc_max_sbrked_mem
                0x0000000080007c58        0x8 /opt/bluespec/riscvtoolchain-medany-1.202210.0.1/toolchains/baremetal-medany/lib/gcc/riscv64-unknown-elf/12.2.0/../../../../riscv64-unknown-elf/lib/rv64imafd/lp64d/libc.a(lib_a-mallocr.o)
                0x0000000080007c58                __malloc_max_sbrked_mem
 .sbss.__malloc_top_pad
                0x0000000080007c60        0x8 /opt/bluespec/riscvtoolchain-medany-1.202210.0.1/toolchains/baremetal-medany/lib/gcc/riscv64-unknown-elf/12.2.0/../../../../riscv64-unknown-elf/lib/rv64imafd/lp64d/libc.a(lib_a-mallocr.o)
                0x0000000080007c60                __malloc_top_pad
 .sbss.errno    0x0000000080007c68        0x4 /opt/bluespec/riscvtoolchain-medany-1.202210.0.1/toolchains/baremetal-medany/lib/gcc/riscv64-unknown-elf/12.2.0/../../../../riscv64-unknown-elf/lib/rv64imafd/lp64d/libc.a(lib_a-reent.o)
                0x0000000080007c68                errno
 *(.scommon)

.bss            0x0000000080007c70       0x60
 *(.dynbss)
 *(.bss .bss.* .gnu.linkonce.b.*)
 .bss           0x0000000080007c70        0x0 /opt/bluespec/riscvtoolchain-medany-1.202210.0.1/toolchains/baremetal-medany/lib/gcc/riscv64-unknown-elf/12.2.0/../../../../riscv64-unknown-elf/lib/rv64imafd/lp64d/crt0.o
 .bss           0x0000000080007c70       0x38 /opt/bluespec/riscvtoolchain-medany-1.202210.0.1/toolchains/baremetal-medany/lib/gcc/riscv64-unknown-elf/12.2.0/rv64imafd/lp64d/crtbegin.o
 .bss           0x0000000080007ca8        0x0 startup.o
 .bss           0x0000000080007ca8        0x0 /tmp/cc4mQzgE.o
 .bss           0x0000000080007ca8        0x0 /tmp/cc48zvdf.o
 .bss           0x0000000080007ca8        0x0 /tmp/ccRbl4Iu.o
 .bss           0x0000000080007ca8        0x0 /tmp/cc80dZe8.o
 .bss           0x0000000080007ca8        0x0 /opt/bluespec/riscvtoolchain-medany-1.202210.0.1/toolchains/baremetal-medany/lib/gcc/riscv64-unknown-elf/12.2.0/../../../../riscv64-unknown-elf/lib/rv64imafd/lp64d/libc.a(lib_a-errno.o)
 .bss           0x0000000080007ca8        0x0 /opt/bluespec/riscvtoolchain-medany-1.202210.0.1/toolchains/baremetal-medany/lib/gcc/riscv64-unknown-elf/12.2.0/../../../../riscv64-unknown-elf/lib/rv64imafd/lp64d/libc.a(lib_a-exit.o)
 .bss           0x0000000080007ca8        0x0 /opt/bluespec/riscvtoolchain-medany-1.202210.0.1/toolchains/baremetal-medany/lib/gcc/riscv64-unknown-elf/12.2.0/../../../../riscv64-unknown-elf/lib/rv64imafd/lp64d/libc.a(lib_a-impure.o)
 .bss           0x0000000080007ca8        0x0 /opt/bluespec/riscvtoolchain-medany-1.202210.0.1/toolchains/baremetal-medany/lib/gcc/riscv64-unknown-elf/12.2.0/../../../../riscv64-unknown-elf/lib/rv64imafd/lp64d/libc.a(lib_a-init.o)
 .bss           0x0000000080007ca8        0x0 /opt/bluespec/riscvtoolchain-medany-1.202210.0.1/toolchains/baremetal-medany/lib/gcc/riscv64-unknown-elf/12.2.0/../../../../riscv64-unknown-elf/lib/rv64imafd/lp64d/libc.a(lib_a-memset.o)
 .bss           0x0000000080007ca8        0x0 /opt/bluespec/riscvtoolchain-medany-1.202210.0.1/toolchains/baremetal-medany/lib/gcc/riscv64-unknown-elf/12.2.0/../../../../riscv64-unknown-elf/lib/rv64imafd/lp64d/libc.a(lib_a-puts.o)
 .bss           0x0000000080007ca8        0x0 /opt/bluespec/riscvtoolchain-medany-1.202210.0.1/toolchains/baremetal-medany/lib/gcc/riscv64-unknown-elf/12.2.0/../../../../riscv64-unknown-elf/lib/rv64imafd/lp64d/libc.a(lib_a-strlen.o)
 .bss           0x0000000080007ca8        0x0 /opt/bluespec/riscvtoolchain-medany-1.202210.0.1/toolchains/baremetal-medany/lib/gcc/riscv64-unknown-elf/12.2.0/../../../../riscv64-unknown-elf/lib/rv64imafd/lp64d/libc.a(lib_a-__call_atexit.o)
 .bss           0x0000000080007ca8        0x0 /opt/bluespec/riscvtoolchain-medany-1.202210.0.1/toolchains/baremetal-medany/lib/gcc/riscv64-unknown-elf/12.2.0/../../../../riscv64-unknown-elf/lib/rv64imafd/lp64d/libc.a(lib_a-findfp.o)
 .bss           0x0000000080007ca8        0x0 /opt/bluespec/riscvtoolchain-medany-1.202210.0.1/toolchains/baremetal-medany/lib/gcc/riscv64-unknown-elf/12.2.0/../../../../riscv64-unknown-elf/lib/rv64imafd/lp64d/libc.a(lib_a-fini.o)
 .bss           0x0000000080007ca8        0x0 /opt/bluespec/riscvtoolchain-medany-1.202210.0.1/toolchains/baremetal-medany/lib/gcc/riscv64-unknown-elf/12.2.0/../../../../riscv64-unknown-elf/lib/rv64imafd/lp64d/libc.a(lib_a-fvwrite.o)
 .bss           0x0000000080007ca8        0x0 /opt/bluespec/riscvtoolchain-medany-1.202210.0.1/toolchains/baremetal-medany/lib/gcc/riscv64-unknown-elf/12.2.0/../../../../riscv64-unknown-elf/lib/rv64imafd/lp64d/libc.a(lib_a-fwalk.o)
 .bss           0x0000000080007ca8        0x0 /opt/bluespec/riscvtoolchain-medany-1.202210.0.1/toolchains/baremetal-medany/lib/gcc/riscv64-unknown-elf/12.2.0/../../../../riscv64-unknown-elf/lib/rv64imafd/lp64d/libc.a(lib_a-mallocr.o)
 .bss.__malloc_current_mallinfo
                0x0000000080007ca8       0x28 /opt/bluespec/riscvtoolchain-medany-1.202210.0.1/toolchains/baremetal-medany/lib/gcc/riscv64-unknown-elf/12.2.0/../../../../riscv64-unknown-elf/lib/rv64imafd/lp64d/libc.a(lib_a-mallocr.o)
                0x0000000080007ca8                __malloc_current_mallinfo
 .bss           0x0000000080007cd0        0x0 /opt/bluespec/riscvtoolchain-medany-1.202210.0.1/toolchains/baremetal-medany/lib/gcc/riscv64-unknown-elf/12.2.0/../../../../riscv64-unknown-elf/lib/rv64imafd/lp64d/libc.a(lib_a-memchr.o)
 .bss           0x0000000080007cd0        0x0 /opt/bluespec/riscvtoolchain-medany-1.202210.0.1/toolchains/baremetal-medany/lib/gcc/riscv64-unknown-elf/12.2.0/../../../../riscv64-unknown-elf/lib/rv64imafd/lp64d/libc.a(lib_a-memcpy.o)
 .bss           0x0000000080007cd0        0x0 /opt/bluespec/riscvtoolchain-medany-1.202210.0.1/toolchains/baremetal-medany/lib/gcc/riscv64-unknown-elf/12.2.0/../../../../riscv64-unknown-elf/lib/rv64imafd/lp64d/libc.a(lib_a-memmove-stub.o)
 .bss           0x0000000080007cd0        0x0 /opt/bluespec/riscvtoolchain-medany-1.202210.0.1/toolchains/baremetal-medany/lib/gcc/riscv64-unknown-elf/12.2.0/../../../../riscv64-unknown-elf/lib/rv64imafd/lp64d/libc.a(lib_a-mlock.o)
 .bss           0x0000000080007cd0        0x0 /opt/bluespec/riscvtoolchain-medany-1.202210.0.1/toolchains/baremetal-medany/lib/gcc/riscv64-unknown-elf/12.2.0/../../../../riscv64-unknown-elf/lib/rv64imafd/lp64d/libc.a(lib_a-reallocr.o)
 .bss           0x0000000080007cd0        0x0 /opt/bluespec/riscvtoolchain-medany-1.202210.0.1/toolchains/baremetal-medany/lib/gcc/riscv64-unknown-elf/12.2.0/../../../../riscv64-unknown-elf/lib/rv64imafd/lp64d/libc.a(lib_a-sbrkr.o)
 .bss           0x0000000080007cd0        0x0 /opt/bluespec/riscvtoolchain-medany-1.202210.0.1/toolchains/baremetal-medany/lib/gcc/riscv64-unknown-elf/12.2.0/../../../../riscv64-unknown-elf/lib/rv64imafd/lp64d/libc.a(lib_a-stdio.o)
 .bss           0x0000000080007cd0        0x0 /opt/bluespec/riscvtoolchain-medany-1.202210.0.1/toolchains/baremetal-medany/lib/gcc/riscv64-unknown-elf/12.2.0/../../../../riscv64-unknown-elf/lib/rv64imafd/lp64d/libc.a(lib_a-writer.o)
 .bss           0x0000000080007cd0        0x0 /opt/bluespec/riscvtoolchain-medany-1.202210.0.1/toolchains/baremetal-medany/lib/gcc/riscv64-unknown-elf/12.2.0/../../../../riscv64-unknown-elf/lib/rv64imafd/lp64d/libc.a(lib_a-wsetup.o)
 .bss           0x0000000080007cd0        0x0 /opt/bluespec/riscvtoolchain-medany-1.202210.0.1/toolchains/baremetal-medany/lib/gcc/riscv64-unknown-elf/12.2.0/../../../../riscv64-unknown-elf/lib/rv64imafd/lp64d/libc.a(lib_a-atexit.o)
 .bss           0x0000000080007cd0        0x0 /opt/bluespec/riscvtoolchain-medany-1.202210.0.1/toolchains/baremetal-medany/lib/gcc/riscv64-unknown-elf/12.2.0/../../../../riscv64-unknown-elf/lib/rv64imafd/lp64d/libc.a(lib_a-closer.o)
 .bss           0x0000000080007cd0        0x0 /opt/bluespec/riscvtoolchain-medany-1.202210.0.1/toolchains/baremetal-medany/lib/gcc/riscv64-unknown-elf/12.2.0/../../../../riscv64-unknown-elf/lib/rv64imafd/lp64d/libc.a(lib_a-fclose.o)
 .bss           0x0000000080007cd0        0x0 /opt/bluespec/riscvtoolchain-medany-1.202210.0.1/toolchains/baremetal-medany/lib/gcc/riscv64-unknown-elf/12.2.0/../../../../riscv64-unknown-elf/lib/rv64imafd/lp64d/libc.a(lib_a-fflush.o)
 .bss           0x0000000080007cd0        0x0 /opt/bluespec/riscvtoolchain-medany-1.202210.0.1/toolchains/baremetal-medany/lib/gcc/riscv64-unknown-elf/12.2.0/../../../../riscv64-unknown-elf/lib/rv64imafd/lp64d/libc.a(lib_a-freer.o)
 .bss           0x0000000080007cd0        0x0 /opt/bluespec/riscvtoolchain-medany-1.202210.0.1/toolchains/baremetal-medany/lib/gcc/riscv64-unknown-elf/12.2.0/../../../../riscv64-unknown-elf/lib/rv64imafd/lp64d/libc.a(lib_a-lseekr.o)
 .bss           0x0000000080007cd0        0x0 /opt/bluespec/riscvtoolchain-medany-1.202210.0.1/toolchains/baremetal-medany/lib/gcc/riscv64-unknown-elf/12.2.0/../../../../riscv64-unknown-elf/lib/rv64imafd/lp64d/libc.a(lib_a-makebuf.o)
 .bss           0x0000000080007cd0        0x0 /opt/bluespec/riscvtoolchain-medany-1.202210.0.1/toolchains/baremetal-medany/lib/gcc/riscv64-unknown-elf/12.2.0/../../../../riscv64-unknown-elf/lib/rv64imafd/lp64d/libc.a(lib_a-readr.o)
 .bss           0x0000000080007cd0        0x0 /opt/bluespec/riscvtoolchain-medany-1.202210.0.1/toolchains/baremetal-medany/lib/gcc/riscv64-unknown-elf/12.2.0/../../../../riscv64-unknown-elf/lib/rv64imafd/lp64d/libc.a(lib_a-reent.o)
 .bss           0x0000000080007cd0        0x0 /opt/bluespec/riscvtoolchain-medany-1.202210.0.1/toolchains/baremetal-medany/lib/gcc/riscv64-unknown-elf/12.2.0/../../../../riscv64-unknown-elf/lib/rv64imafd/lp64d/libc.a(lib_a-__atexit.o)
 .bss           0x0000000080007cd0        0x0 /opt/bluespec/riscvtoolchain-medany-1.202210.0.1/toolchains/baremetal-medany/lib/gcc/riscv64-unknown-elf/12.2.0/../../../../riscv64-unknown-elf/lib/rv64imafd/lp64d/libc.a(lib_a-fstatr.o)
 .bss           0x0000000080007cd0        0x0 /opt/bluespec/riscvtoolchain-medany-1.202210.0.1/toolchains/baremetal-medany/lib/gcc/riscv64-unknown-elf/12.2.0/../../../../riscv64-unknown-elf/lib/rv64imafd/lp64d/libc.a(lib_a-isattyr.o)
 .bss           0x0000000080007cd0        0x0 /opt/bluespec/riscvtoolchain-medany-1.202210.0.1/toolchains/baremetal-medany/lib/gcc/riscv64-unknown-elf/12.2.0/../../../../riscv64-unknown-elf/lib/rv64imafd/lp64d/libnosys.a(_exit.o)
 .bss           0x0000000080007cd0        0x0 /opt/bluespec/riscvtoolchain-medany-1.202210.0.1/toolchains/baremetal-medany/lib/gcc/riscv64-unknown-elf/12.2.0/rv64imafd/lp64d/crtend.o
 *(COMMON)
                0x0000000080007cd0                . = ALIGN ((. != 0x0)?0x8:0x1)
LOAD /opt/bluespec/riscvtoolchain-medany-1.202210.0.1/toolchains/baremetal-medany/lib/gcc/riscv64-unknown-elf/12.2.0/../../../../riscv64-unknown-elf/lib/rv64imafd/lp64d/crt0.o
LOAD /opt/bluespec/riscvtoolchain-medany-1.202210.0.1/toolchains/baremetal-medany/lib/gcc/riscv64-unknown-elf/12.2.0/rv64imafd/lp64d/crtbegin.o
                0x0000000080007cd0                __startup_save = .
                0x0000000080000000                . = 0x80000000

.text.init      0x0000000080000000       0x5c
 startup.o(.text.init)
 .text.init     0x0000000080000000       0x5c startup.o
                0x0000000080000000                _reset
                0x0000000080001000                . = ALIGN (0x1000)

.tohost         0x0000000080001000        0x8
 *(.tohost)
 .tohost        0x0000000080001000        0x8 startup.o
                0x0000000080001000                tohost
                0x0000000080002000                . = ALIGN (0x1000)
                0x0000000080007cd0                . = __startup_save
                0x0000000080007cd0                . = ALIGN (0x8)
                0x0000000080007cd0                . = SEGMENT_START ("ldata-segment", .)
                0x0000000080007cd0                . = ALIGN (0x8)
                0x0000000080007cd0                __BSS_END__ = .
                0x00000000800074d0                __global_pointer$ = MIN ((__SDATA_BEGIN__ + 0x800), MAX ((__DATA_BEGIN__ + 0x800), (__BSS_END__ - 0x800)))
                0x0000000080007cd0                _end = .
                [!provide]                        PROVIDE (end = .)
                0x0000000080007cd0                . = DATA_SEGMENT_END (.)

.stab
 *(.stab)

.stabstr
 *(.stabstr)

.stab.excl
 *(.stab.excl)

.stab.exclstr
 *(.stab.exclstr)

.stab.index
 *(.stab.index)

.stab.indexstr
 *(.stab.indexstr)

.comment        0x0000000000000000       0x2d
 *(.comment)
 .comment       0x0000000000000000       0x1b /opt/bluespec/riscvtoolchain-medany-1.202210.0.1/toolchains/baremetal-medany/lib/gcc/riscv64-unknown-elf/12.2.0/rv64imafd/lp64d/crtbegin.o
                                         0x1c (size before relaxing)
 .comment       0x000000000000001b       0x1c /tmp/cc4mQzgE.o
 .comment       0x000000000000001b       0x1c /tmp/cc48zvdf.o
 .comment       0x000000000000001b       0x1c /tmp/ccRbl4Iu.o
 .comment       0x000000000000001b       0x1c /tmp/cc80dZe8.o
 .comment       0x000000000000001b       0x12 /opt/bluespec/riscvtoolchain-medany-1.202210.0.1/toolchains/baremetal-medany/lib/gcc/riscv64-unknown-elf/12.2.0/../../../../riscv64-unknown-elf/lib/rv64imafd/lp64d/libc.a(lib_a-errno.o)
                                         0x13 (size before relaxing)
 .comment       0x000000000000002d       0x13 /opt/bluespec/riscvtoolchain-medany-1.202210.0.1/toolchains/baremetal-medany/lib/gcc/riscv64-unknown-elf/12.2.0/../../../../riscv64-unknown-elf/lib/rv64imafd/lp64d/libc.a(lib_a-exit.o)
 .comment       0x000000000000002d       0x13 /opt/bluespec/riscvtoolchain-medany-1.202210.0.1/toolchains/baremetal-medany/lib/gcc/riscv64-unknown-elf/12.2.0/../../../../riscv64-unknown-elf/lib/rv64imafd/lp64d/libc.a(lib_a-impure.o)
 .comment       0x000000000000002d       0x13 /opt/bluespec/riscvtoolchain-medany-1.202210.0.1/toolchains/baremetal-medany/lib/gcc/riscv64-unknown-elf/12.2.0/../../../../riscv64-unknown-elf/lib/rv64imafd/lp64d/libc.a(lib_a-init.o)
 .comment       0x000000000000002d       0x13 /opt/bluespec/riscvtoolchain-medany-1.202210.0.1/toolchains/baremetal-medany/lib/gcc/riscv64-unknown-elf/12.2.0/../../../../riscv64-unknown-elf/lib/rv64imafd/lp64d/libc.a(lib_a-puts.o)
 .comment       0x000000000000002d       0x13 /opt/bluespec/riscvtoolchain-medany-1.202210.0.1/toolchains/baremetal-medany/lib/gcc/riscv64-unknown-elf/12.2.0/../../../../riscv64-unknown-elf/lib/rv64imafd/lp64d/libc.a(lib_a-strlen.o)
 .comment       0x000000000000002d       0x13 /opt/bluespec/riscvtoolchain-medany-1.202210.0.1/toolchains/baremetal-medany/lib/gcc/riscv64-unknown-elf/12.2.0/../../../../riscv64-unknown-elf/lib/rv64imafd/lp64d/libc.a(lib_a-__call_atexit.o)
 .comment       0x000000000000002d       0x13 /opt/bluespec/riscvtoolchain-medany-1.202210.0.1/toolchains/baremetal-medany/lib/gcc/riscv64-unknown-elf/12.2.0/../../../../riscv64-unknown-elf/lib/rv64imafd/lp64d/libc.a(lib_a-findfp.o)
 .comment       0x000000000000002d       0x13 /opt/bluespec/riscvtoolchain-medany-1.202210.0.1/toolchains/baremetal-medany/lib/gcc/riscv64-unknown-elf/12.2.0/../../../../riscv64-unknown-elf/lib/rv64imafd/lp64d/libc.a(lib_a-fini.o)
 .comment       0x000000000000002d       0x13 /opt/bluespec/riscvtoolchain-medany-1.202210.0.1/toolchains/baremetal-medany/lib/gcc/riscv64-unknown-elf/12.2.0/../../../../riscv64-unknown-elf/lib/rv64imafd/lp64d/libc.a(lib_a-fvwrite.o)
 .comment       0x000000000000002d       0x13 /opt/bluespec/riscvtoolchain-medany-1.202210.0.1/toolchains/baremetal-medany/lib/gcc/riscv64-unknown-elf/12.2.0/../../../../riscv64-unknown-elf/lib/rv64imafd/lp64d/libc.a(lib_a-fwalk.o)
 .comment       0x000000000000002d       0x13 /opt/bluespec/riscvtoolchain-medany-1.202210.0.1/toolchains/baremetal-medany/lib/gcc/riscv64-unknown-elf/12.2.0/../../../../riscv64-unknown-elf/lib/rv64imafd/lp64d/libc.a(lib_a-mallocr.o)
 .comment       0x000000000000002d       0x13 /opt/bluespec/riscvtoolchain-medany-1.202210.0.1/toolchains/baremetal-medany/lib/gcc/riscv64-unknown-elf/12.2.0/../../../../riscv64-unknown-elf/lib/rv64imafd/lp64d/libc.a(lib_a-memchr.o)
 .comment       0x000000000000002d       0x13 /opt/bluespec/riscvtoolchain-medany-1.202210.0.1/toolchains/baremetal-medany/lib/gcc/riscv64-unknown-elf/12.2.0/../../../../riscv64-unknown-elf/lib/rv64imafd/lp64d/libc.a(lib_a-memcpy.o)
 .comment       0x000000000000002d       0x13 /opt/bluespec/riscvtoolchain-medany-1.202210.0.1/toolchains/baremetal-medany/lib/gcc/riscv64-unknown-elf/12.2.0/../../../../riscv64-unknown-elf/lib/rv64imafd/lp64d/libc.a(lib_a-memmove-stub.o)
 .comment       0x000000000000002d       0x13 /opt/bluespec/riscvtoolchain-medany-1.202210.0.1/toolchains/baremetal-medany/lib/gcc/riscv64-unknown-elf/12.2.0/../../../../riscv64-unknown-elf/lib/rv64imafd/lp64d/libc.a(lib_a-mlock.o)
 .comment       0x000000000000002d       0x13 /opt/bluespec/riscvtoolchain-medany-1.202210.0.1/toolchains/baremetal-medany/lib/gcc/riscv64-unknown-elf/12.2.0/../../../../riscv64-unknown-elf/lib/rv64imafd/lp64d/libc.a(lib_a-reallocr.o)
 .comment       0x000000000000002d       0x13 /opt/bluespec/riscvtoolchain-medany-1.202210.0.1/toolchains/baremetal-medany/lib/gcc/riscv64-unknown-elf/12.2.0/../../../../riscv64-unknown-elf/lib/rv64imafd/lp64d/libc.a(lib_a-sbrkr.o)
 .comment       0x000000000000002d       0x13 /opt/bluespec/riscvtoolchain-medany-1.202210.0.1/toolchains/baremetal-medany/lib/gcc/riscv64-unknown-elf/12.2.0/../../../../riscv64-unknown-elf/lib/rv64imafd/lp64d/libc.a(lib_a-stdio.o)
 .comment       0x000000000000002d       0x13 /opt/bluespec/riscvtoolchain-medany-1.202210.0.1/toolchains/baremetal-medany/lib/gcc/riscv64-unknown-elf/12.2.0/../../../../riscv64-unknown-elf/lib/rv64imafd/lp64d/libc.a(lib_a-writer.o)
 .comment       0x000000000000002d       0x13 /opt/bluespec/riscvtoolchain-medany-1.202210.0.1/toolchains/baremetal-medany/lib/gcc/riscv64-unknown-elf/12.2.0/../../../../riscv64-unknown-elf/lib/rv64imafd/lp64d/libc.a(lib_a-wsetup.o)
 .comment       0x000000000000002d       0x13 /opt/bluespec/riscvtoolchain-medany-1.202210.0.1/toolchains/baremetal-medany/lib/gcc/riscv64-unknown-elf/12.2.0/../../../../riscv64-unknown-elf/lib/rv64imafd/lp64d/libc.a(lib_a-atexit.o)
 .comment       0x000000000000002d       0x13 /opt/bluespec/riscvtoolchain-medany-1.202210.0.1/toolchains/baremetal-medany/lib/gcc/riscv64-unknown-elf/12.2.0/../../../../riscv64-unknown-elf/lib/rv64imafd/lp64d/libc.a(lib_a-closer.o)
 .comment       0x000000000000002d       0x13 /opt/bluespec/riscvtoolchain-medany-1.202210.0.1/toolchains/baremetal-medany/lib/gcc/riscv64-unknown-elf/12.2.0/../../../../riscv64-unknown-elf/lib/rv64imafd/lp64d/libc.a(lib_a-fclose.o)
 .comment       0x000000000000002d       0x13 /opt/bluespec/riscvtoolchain-medany-1.202210.0.1/toolchains/baremetal-medany/lib/gcc/riscv64-unknown-elf/12.2.0/../../../../riscv64-unknown-elf/lib/rv64imafd/lp64d/libc.a(lib_a-fflush.o)
 .comment       0x000000000000002d       0x13 /opt/bluespec/riscvtoolchain-medany-1.202210.0.1/toolchains/baremetal-medany/lib/gcc/riscv64-unknown-elf/12.2.0/../../../../riscv64-unknown-elf/lib/rv64imafd/lp64d/libc.a(lib_a-freer.o)
 .comment       0x000000000000002d       0x13 /opt/bluespec/riscvtoolchain-medany-1.202210.0.1/toolchains/baremetal-medany/lib/gcc/riscv64-unknown-elf/12.2.0/../../../../riscv64-unknown-elf/lib/rv64imafd/lp64d/libc.a(lib_a-lseekr.o)
 .comment       0x000000000000002d       0x13 /opt/bluespec/riscvtoolchain-medany-1.202210.0.1/toolchains/baremetal-medany/lib/gcc/riscv64-unknown-elf/12.2.0/../../../../riscv64-unknown-elf/lib/rv64imafd/lp64d/libc.a(lib_a-makebuf.o)
 .comment       0x000000000000002d       0x13 /opt/bluespec/riscvtoolchain-medany-1.202210.0.1/toolchains/baremetal-medany/lib/gcc/riscv64-unknown-elf/12.2.0/../../../../riscv64-unknown-elf/lib/rv64imafd/lp64d/libc.a(lib_a-readr.o)
 .comment       0x000000000000002d       0x13 /opt/bluespec/riscvtoolchain-medany-1.202210.0.1/toolchains/baremetal-medany/lib/gcc/riscv64-unknown-elf/12.2.0/../../../../riscv64-unknown-elf/lib/rv64imafd/lp64d/libc.a(lib_a-reent.o)
 .comment       0x000000000000002d       0x13 /opt/bluespec/riscvtoolchain-medany-1.202210.0.1/toolchains/baremetal-medany/lib/gcc/riscv64-unknown-elf/12.2.0/../../../../riscv64-unknown-elf/lib/rv64imafd/lp64d/libc.a(lib_a-__atexit.o)
 .comment       0x000000000000002d       0x13 /opt/bluespec/riscvtoolchain-medany-1.202210.0.1/toolchains/baremetal-medany/lib/gcc/riscv64-unknown-elf/12.2.0/../../../../riscv64-unknown-elf/lib/rv64imafd/lp64d/libc.a(lib_a-fstatr.o)
 .comment       0x000000000000002d       0x13 /opt/bluespec/riscvtoolchain-medany-1.202210.0.1/toolchains/baremetal-medany/lib/gcc/riscv64-unknown-elf/12.2.0/../../../../riscv64-unknown-elf/lib/rv64imafd/lp64d/libc.a(lib_a-isattyr.o)
 .comment       0x000000000000002d       0x13 /opt/bluespec/riscvtoolchain-medany-1.202210.0.1/toolchains/baremetal-medany/lib/gcc/riscv64-unknown-elf/12.2.0/../../../../riscv64-unknown-elf/lib/rv64imafd/lp64d/libnosys.a(_exit.o)
 .comment       0x000000000000002d       0x1c /opt/bluespec/riscvtoolchain-medany-1.202210.0.1/toolchains/baremetal-medany/lib/gcc/riscv64-unknown-elf/12.2.0/rv64imafd/lp64d/crtend.o

.riscv.attributes
                0x0000000000000000       0x34
 .riscv.attributes
                0x0000000000000000       0x2e /opt/bluespec/riscvtoolchain-medany-1.202210.0.1/toolchains/baremetal-medany/lib/gcc/riscv64-unknown-elf/12.2.0/../../../../riscv64-unknown-elf/lib/rv64imafd/lp64d/crt0.o
 .riscv.attributes
                0x000000000000002e       0x30 /opt/bluespec/riscvtoolchain-medany-1.202210.0.1/toolchains/baremetal-medany/lib/gcc/riscv64-unknown-elf/12.2.0/rv64imafd/lp64d/crtbegin.o
 .riscv.attributes
                0x000000000000005e       0x32 startup.o
 .riscv.attributes
                0x0000000000000090       0x30 /tmp/cc4mQzgE.o
 .riscv.attributes
                0x00000000000000c0       0x30 /tmp/cc48zvdf.o
 .riscv.attributes
                0x00000000000000f0       0x30 /tmp/ccRbl4Iu.o
 .riscv.attributes
                0x0000000000000120       0x30 /tmp/cc80dZe8.o
 .riscv.attributes
                0x0000000000000150       0x30 /opt/bluespec/riscvtoolchain-medany-1.202210.0.1/toolchains/baremetal-medany/lib/gcc/riscv64-unknown-elf/12.2.0/../../../../riscv64-unknown-elf/lib/rv64imafd/lp64d/libc.a(lib_a-errno.o)
 .riscv.attributes
                0x0000000000000180       0x30 /opt/bluespec/riscvtoolchain-medany-1.202210.0.1/toolchains/baremetal-medany/lib/gcc/riscv64-unknown-elf/12.2.0/../../../../riscv64-unknown-elf/lib/rv64imafd/lp64d/libc.a(lib_a-exit.o)
 .riscv.attributes
                0x00000000000001b0       0x30 /opt/bluespec/riscvtoolchain-medany-1.202210.0.1/toolchains/baremetal-medany/lib/gcc/riscv64-unknown-elf/12.2.0/../../../../riscv64-unknown-elf/lib/rv64imafd/lp64d/libc.a(lib_a-impure.o)
 .riscv.attributes
                0x00000000000001e0       0x30 /opt/bluespec/riscvtoolchain-medany-1.202210.0.1/toolchains/baremetal-medany/lib/gcc/riscv64-unknown-elf/12.2.0/../../../../riscv64-unknown-elf/lib/rv64imafd/lp64d/libc.a(lib_a-init.o)
 .riscv.attributes
                0x0000000000000210       0x2e /opt/bluespec/riscvtoolchain-medany-1.202210.0.1/toolchains/baremetal-medany/lib/gcc/riscv64-unknown-elf/12.2.0/../../../../riscv64-unknown-elf/lib/rv64imafd/lp64d/libc.a(lib_a-memset.o)
 .riscv.attributes
                0x000000000000023e       0x30 /opt/bluespec/riscvtoolchain-medany-1.202210.0.1/toolchains/baremetal-medany/lib/gcc/riscv64-unknown-elf/12.2.0/../../../../riscv64-unknown-elf/lib/rv64imafd/lp64d/libc.a(lib_a-puts.o)
 .riscv.attributes
                0x000000000000026e       0x30 /opt/bluespec/riscvtoolchain-medany-1.202210.0.1/toolchains/baremetal-medany/lib/gcc/riscv64-unknown-elf/12.2.0/../../../../riscv64-unknown-elf/lib/rv64imafd/lp64d/libc.a(lib_a-strlen.o)
 .riscv.attributes
                0x000000000000029e       0x30 /opt/bluespec/riscvtoolchain-medany-1.202210.0.1/toolchains/baremetal-medany/lib/gcc/riscv64-unknown-elf/12.2.0/../../../../riscv64-unknown-elf/lib/rv64imafd/lp64d/libc.a(lib_a-__call_atexit.o)
 .riscv.attributes
                0x00000000000002ce       0x30 /opt/bluespec/riscvtoolchain-medany-1.202210.0.1/toolchains/baremetal-medany/lib/gcc/riscv64-unknown-elf/12.2.0/../../../../riscv64-unknown-elf/lib/rv64imafd/lp64d/libc.a(lib_a-findfp.o)
 .riscv.attributes
                0x00000000000002fe       0x30 /opt/bluespec/riscvtoolchain-medany-1.202210.0.1/toolchains/baremetal-medany/lib/gcc/riscv64-unknown-elf/12.2.0/../../../../riscv64-unknown-elf/lib/rv64imafd/lp64d/libc.a(lib_a-fini.o)
 .riscv.attributes
                0x000000000000032e       0x30 /opt/bluespec/riscvtoolchain-medany-1.202210.0.1/toolchains/baremetal-medany/lib/gcc/riscv64-unknown-elf/12.2.0/../../../../riscv64-unknown-elf/lib/rv64imafd/lp64d/libc.a(lib_a-fvwrite.o)
 .riscv.attributes
                0x000000000000035e       0x30 /opt/bluespec/riscvtoolchain-medany-1.202210.0.1/toolchains/baremetal-medany/lib/gcc/riscv64-unknown-elf/12.2.0/../../../../riscv64-unknown-elf/lib/rv64imafd/lp64d/libc.a(lib_a-fwalk.o)
 .riscv.attributes
                0x000000000000038e       0x30 /opt/bluespec/riscvtoolchain-medany-1.202210.0.1/toolchains/baremetal-medany/lib/gcc/riscv64-unknown-elf/12.2.0/../../../../riscv64-unknown-elf/lib/rv64imafd/lp64d/libc.a(lib_a-mallocr.o)
 .riscv.attributes
                0x00000000000003be       0x30 /opt/bluespec/riscvtoolchain-medany-1.202210.0.1/toolchains/baremetal-medany/lib/gcc/riscv64-unknown-elf/12.2.0/../../../../riscv64-unknown-elf/lib/rv64imafd/lp64d/libc.a(lib_a-memchr.o)
 .riscv.attributes
                0x00000000000003ee       0x30 /opt/bluespec/riscvtoolchain-medany-1.202210.0.1/toolchains/baremetal-medany/lib/gcc/riscv64-unknown-elf/12.2.0/../../../../riscv64-unknown-elf/lib/rv64imafd/lp64d/libc.a(lib_a-memcpy.o)
 .riscv.attributes
                0x000000000000041e       0x30 /opt/bluespec/riscvtoolchain-medany-1.202210.0.1/toolchains/baremetal-medany/lib/gcc/riscv64-unknown-elf/12.2.0/../../../../riscv64-unknown-elf/lib/rv64imafd/lp64d/libc.a(lib_a-memmove-stub.o)
 .riscv.attributes
                0x000000000000044e       0x30 /opt/bluespec/riscvtoolchain-medany-1.202210.0.1/toolchains/baremetal-medany/lib/gcc/riscv64-unknown-elf/12.2.0/../../../../riscv64-unknown-elf/lib/rv64imafd/lp64d/libc.a(lib_a-mlock.o)
 .riscv.attributes
                0x000000000000047e       0x30 /opt/bluespec/riscvtoolchain-medany-1.202210.0.1/toolchains/baremetal-medany/lib/gcc/riscv64-unknown-elf/12.2.0/../../../../riscv64-unknown-elf/lib/rv64imafd/lp64d/libc.a(lib_a-reallocr.o)
 .riscv.attributes
                0x00000000000004ae       0x30 /opt/bluespec/riscvtoolchain-medany-1.202210.0.1/toolchains/baremetal-medany/lib/gcc/riscv64-unknown-elf/12.2.0/../../../../riscv64-unknown-elf/lib/rv64imafd/lp64d/libc.a(lib_a-sbrkr.o)
 .riscv.attributes
                0x00000000000004de       0x30 /opt/bluespec/riscvtoolchain-medany-1.202210.0.1/toolchains/baremetal-medany/lib/gcc/riscv64-unknown-elf/12.2.0/../../../../riscv64-unknown-elf/lib/rv64imafd/lp64d/libc.a(lib_a-stdio.o)
 .riscv.attributes
                0x000000000000050e       0x30 /opt/bluespec/riscvtoolchain-medany-1.202210.0.1/toolchains/baremetal-medany/lib/gcc/riscv64-unknown-elf/12.2.0/../../../../riscv64-unknown-elf/lib/rv64imafd/lp64d/libc.a(lib_a-writer.o)
 .riscv.attributes
                0x000000000000053e       0x30 /opt/bluespec/riscvtoolchain-medany-1.202210.0.1/toolchains/baremetal-medany/lib/gcc/riscv64-unknown-elf/12.2.0/../../../../riscv64-unknown-elf/lib/rv64imafd/lp64d/libc.a(lib_a-wsetup.o)
 .riscv.attributes
                0x000000000000056e       0x30 /opt/bluespec/riscvtoolchain-medany-1.202210.0.1/toolchains/baremetal-medany/lib/gcc/riscv64-unknown-elf/12.2.0/../../../../riscv64-unknown-elf/lib/rv64imafd/lp64d/libc.a(lib_a-atexit.o)
 .riscv.attributes
                0x000000000000059e       0x30 /opt/bluespec/riscvtoolchain-medany-1.202210.0.1/toolchains/baremetal-medany/lib/gcc/riscv64-unknown-elf/12.2.0/../../../../riscv64-unknown-elf/lib/rv64imafd/lp64d/libc.a(lib_a-closer.o)
 .riscv.attributes
                0x00000000000005ce       0x30 /opt/bluespec/riscvtoolchain-medany-1.202210.0.1/toolchains/baremetal-medany/lib/gcc/riscv64-unknown-elf/12.2.0/../../../../riscv64-unknown-elf/lib/rv64imafd/lp64d/libc.a(lib_a-fclose.o)
 .riscv.attributes
                0x00000000000005fe       0x30 /opt/bluespec/riscvtoolchain-medany-1.202210.0.1/toolchains/baremetal-medany/lib/gcc/riscv64-unknown-elf/12.2.0/../../../../riscv64-unknown-elf/lib/rv64imafd/lp64d/libc.a(lib_a-fflush.o)
 .riscv.attributes
                0x000000000000062e       0x30 /opt/bluespec/riscvtoolchain-medany-1.202210.0.1/toolchains/baremetal-medany/lib/gcc/riscv64-unknown-elf/12.2.0/../../../../riscv64-unknown-elf/lib/rv64imafd/lp64d/libc.a(lib_a-freer.o)
 .riscv.attributes
                0x000000000000065e       0x30 /opt/bluespec/riscvtoolchain-medany-1.202210.0.1/toolchains/baremetal-medany/lib/gcc/riscv64-unknown-elf/12.2.0/../../../../riscv64-unknown-elf/lib/rv64imafd/lp64d/libc.a(lib_a-lseekr.o)
 .riscv.attributes
                0x000000000000068e       0x30 /opt/bluespec/riscvtoolchain-medany-1.202210.0.1/toolchains/baremetal-medany/lib/gcc/riscv64-unknown-elf/12.2.0/../../../../riscv64-unknown-elf/lib/rv64imafd/lp64d/libc.a(lib_a-makebuf.o)
 .riscv.attributes
                0x00000000000006be       0x30 /opt/bluespec/riscvtoolchain-medany-1.202210.0.1/toolchains/baremetal-medany/lib/gcc/riscv64-unknown-elf/12.2.0/../../../../riscv64-unknown-elf/lib/rv64imafd/lp64d/libc.a(lib_a-readr.o)
 .riscv.attributes
                0x00000000000006ee       0x30 /opt/bluespec/riscvtoolchain-medany-1.202210.0.1/toolchains/baremetal-medany/lib/gcc/riscv64-unknown-elf/12.2.0/../../../../riscv64-unknown-elf/lib/rv64imafd/lp64d/libc.a(lib_a-reent.o)
 .riscv.attributes
                0x000000000000071e       0x30 /opt/bluespec/riscvtoolchain-medany-1.202210.0.1/toolchains/baremetal-medany/lib/gcc/riscv64-unknown-elf/12.2.0/../../../../riscv64-unknown-elf/lib/rv64imafd/lp64d/libc.a(lib_a-__atexit.o)
 .riscv.attributes
                0x000000000000074e       0x30 /opt/bluespec/riscvtoolchain-medany-1.202210.0.1/toolchains/baremetal-medany/lib/gcc/riscv64-unknown-elf/12.2.0/../../../../riscv64-unknown-elf/lib/rv64imafd/lp64d/libc.a(lib_a-fstatr.o)
 .riscv.attributes
                0x000000000000077e       0x30 /opt/bluespec/riscvtoolchain-medany-1.202210.0.1/toolchains/baremetal-medany/lib/gcc/riscv64-unknown-elf/12.2.0/../../../../riscv64-unknown-elf/lib/rv64imafd/lp64d/libc.a(lib_a-isattyr.o)
 .riscv.attributes
                0x00000000000007ae       0x30 /opt/bluespec/riscvtoolchain-medany-1.202210.0.1/toolchains/baremetal-medany/lib/gcc/riscv64-unknown-elf/12.2.0/../../../../riscv64-unknown-elf/lib/rv64imafd/lp64d/libnosys.a(_exit.o)
 .riscv.attributes
                0x00000000000007de       0x30 /opt/bluespec/riscvtoolchain-medany-1.202210.0.1/toolchains/baremetal-medany/lib/gcc/riscv64-unknown-elf/12.2.0/rv64imafd/lp64d/crtend.o

.gnu.build.attributes
 *(.gnu.build.attributes .gnu.build.attributes.*)

.debug
 *(.debug)

.line
 *(.line)

.debug_srcinfo
 *(.debug_srcinfo)

.debug_sfnames
 *(.debug_sfnames)

.debug_aranges  0x0000000000000000       0xf0
 *(.debug_aranges)
 .debug_aranges
                0x0000000000000000       0x30 startup.o
 .debug_aranges
                0x0000000000000030       0x30 /tmp/cc4mQzgE.o
 .debug_aranges
                0x0000000000000060       0x30 /tmp/cc48zvdf.o
 .debug_aranges
                0x0000000000000090       0x30 /tmp/ccRbl4Iu.o
 .debug_aranges
                0x00000000000000c0       0x30 /tmp/cc80dZe8.o

.debug_pubnames
 *(.debug_pubnames)

.debug_info     0x0000000000000000      0xdd7
 *(.debug_info .gnu.linkonce.wi.*)
 .debug_info    0x0000000000000000       0x28 startup.o
 .debug_info    0x0000000000000028       0xca /tmp/cc4mQzgE.o
 .debug_info    0x00000000000000f2      0x67a /tmp/cc48zvdf.o
 .debug_info    0x000000000000076c      0x3d5 /tmp/ccRbl4Iu.o
 .debug_info    0x0000000000000b41      0x296 /tmp/cc80dZe8.o

.debug_abbrev   0x0000000000000000      0x478
 *(.debug_abbrev)
 .debug_abbrev  0x0000000000000000       0x14 startup.o
 .debug_abbrev  0x0000000000000014       0x64 /tmp/cc4mQzgE.o
 .debug_abbrev  0x0000000000000078      0x177 /tmp/cc48zvdf.o
 .debug_abbrev  0x00000000000001ef      0x166 /tmp/ccRbl4Iu.o
 .debug_abbrev  0x0000000000000355      0x123 /tmp/cc80dZe8.o

.debug_line     0x0000000000000000      0x7d8
 *(.debug_line .debug_line.* .debug_line_end)
 .debug_line    0x0000000000000000       0xa6 startup.o
 .debug_line    0x00000000000000a6       0x62 /tmp/cc4mQzgE.o
 .debug_line    0x0000000000000108      0x373 /tmp/cc48zvdf.o
 .debug_line    0x000000000000047b      0x1fb /tmp/ccRbl4Iu.o
 .debug_line    0x0000000000000676      0x162 /tmp/cc80dZe8.o

.debug_frame    0x0000000000000000      0x580
 *(.debug_frame)
 .debug_frame   0x0000000000000000       0x40 /tmp/cc4mQzgE.o
 .debug_frame   0x0000000000000040      0x280 /tmp/cc48zvdf.o
 .debug_frame   0x00000000000002c0      0x100 /tmp/ccRbl4Iu.o
 .debug_frame   0x00000000000003c0      0x1c0 /tmp/cc80dZe8.o

.debug_str      0x0000000000000000      0x57d
 *(.debug_str)
 .debug_str     0x0000000000000000       0x5f startup.o
 .debug_str     0x000000000000005f       0xc7 /tmp/cc4mQzgE.o
                                        0x100 (size before relaxing)
 .debug_str     0x0000000000000126      0x1d4 /tmp/cc48zvdf.o
                                        0x330 (size before relaxing)
 .debug_str     0x00000000000002fa      0x204 /tmp/ccRbl4Iu.o
                                        0x309 (size before relaxing)
 .debug_str     0x00000000000004fe       0x7f /tmp/cc80dZe8.o
                                        0x18d (size before relaxing)

.debug_loc
 *(.debug_loc)

.debug_macinfo
 *(.debug_macinfo)

.debug_weaknames
 *(.debug_weaknames)

.debug_funcnames
 *(.debug_funcnames)

.debug_typenames
 *(.debug_typenames)

.debug_varnames
 *(.debug_varnames)

.debug_pubtypes
 *(.debug_pubtypes)

.debug_ranges
 *(.debug_ranges)

.debug_addr
 *(.debug_addr)

.debug_line_str
                0x0000000000000000      0x1c6
 *(.debug_line_str)
 .debug_line_str
                0x0000000000000000       0x53 startup.o
 .debug_line_str
                0x0000000000000053        0x8 /tmp/cc4mQzgE.o
                                         0x9c (size before relaxing)
 .debug_line_str
                0x000000000000005b      0x138 /tmp/cc48zvdf.o
                                        0x1ea (size before relaxing)
 .debug_line_str
                0x0000000000000193       0x1b /tmp/ccRbl4Iu.o
                                        0x1b3 (size before relaxing)
 .debug_line_str
                0x00000000000001ae       0x18 /tmp/cc80dZe8.o
                                        0x1be (size before relaxing)

.debug_loclists
 *(.debug_loclists)

.debug_macro
 *(.debug_macro)

.debug_names
 *(.debug_names)

.debug_rnglists
 *(.debug_rnglists)

.debug_str_offsets
 *(.debug_str_offsets)

.debug_sup
 *(.debug_sup)

.gnu.attributes
 *(.gnu.attributes)

/DISCARD/
 *(.note.GNU-stack)
 *(.gnu_debuglink)
 *(.gnu.lto_*)
OUTPUT(hello.RV64.bare.elf elf64-littleriscv)
