Archive member included to satisfy reference by file (symbol)

/opt/bluespec/riscvtoolchain-medany-1.202210.0.1/toolchains/baremetal-medany/lib/gcc/riscv64-unknown-elf/12.2.0/../../../../riscv64-unknown-elf/lib/rv64imafd/lp64d/libc.a(lib_a-errno.o)
                              /tmp/cc7ljdt1.o (__errno)
/opt/bluespec/riscvtoolchain-medany-1.202210.0.1/toolchains/baremetal-medany/lib/gcc/riscv64-unknown-elf/12.2.0/../../../../riscv64-unknown-elf/lib/rv64imafd/lp64d/libc.a(lib_a-exit.o)
                              /opt/bluespec/riscvtoolchain-medany-1.202210.0.1/toolchains/baremetal-medany/lib/gcc/riscv64-unknown-elf/12.2.0/../../../../riscv64-unknown-elf/lib/rv64imafd/lp64d/crt0.o (exit)
/opt/bluespec/riscvtoolchain-medany-1.202210.0.1/toolchains/baremetal-medany/lib/gcc/riscv64-unknown-elf/12.2.0/../../../../riscv64-unknown-elf/lib/rv64imafd/lp64d/libc.a(lib_a-fputc.o)
                              /tmp/ccDnSX0x.o (fputc)
/opt/bluespec/riscvtoolchain-medany-1.202210.0.1/toolchains/baremetal-medany/lib/gcc/riscv64-unknown-elf/12.2.0/../../../../riscv64-unknown-elf/lib/rv64imafd/lp64d/libc.a(lib_a-impure.o)
                              /opt/bluespec/riscvtoolchain-medany-1.202210.0.1/toolchains/baremetal-medany/lib/gcc/riscv64-unknown-elf/12.2.0/../../../../riscv64-unknown-elf/lib/rv64imafd/lp64d/libc.a(lib_a-exit.o) (_global_impure_ptr)
/opt/bluespec/riscvtoolchain-medany-1.202210.0.1/toolchains/baremetal-medany/lib/gcc/riscv64-unknown-elf/12.2.0/../../../../riscv64-unknown-elf/lib/rv64imafd/lp64d/libc.a(lib_a-init.o)
                              /opt/bluespec/riscvtoolchain-medany-1.202210.0.1/toolchains/baremetal-medany/lib/gcc/riscv64-unknown-elf/12.2.0/../../../../riscv64-unknown-elf/lib/rv64imafd/lp64d/crt0.o (__libc_init_array)
/opt/bluespec/riscvtoolchain-medany-1.202210.0.1/toolchains/baremetal-medany/lib/gcc/riscv64-unknown-elf/12.2.0/../../../../riscv64-unknown-elf/lib/rv64imafd/lp64d/libc.a(lib_a-memset.o)
                              /opt/bluespec/riscvtoolchain-medany-1.202210.0.1/toolchains/baremetal-medany/lib/gcc/riscv64-unknown-elf/12.2.0/../../../../riscv64-unknown-elf/lib/rv64imafd/lp64d/crt0.o (memset)
/opt/bluespec/riscvtoolchain-medany-1.202210.0.1/toolchains/baremetal-medany/lib/gcc/riscv64-unknown-elf/12.2.0/../../../../riscv64-unknown-elf/lib/rv64imafd/lp64d/libc.a(lib_a-putc.o)
                              /opt/bluespec/riscvtoolchain-medany-1.202210.0.1/toolchains/baremetal-medany/lib/gcc/riscv64-unknown-elf/12.2.0/../../../../riscv64-unknown-elf/lib/rv64imafd/lp64d/libc.a(lib_a-fputc.o) (_putc_r)
/opt/bluespec/riscvtoolchain-medany-1.202210.0.1/toolchains/baremetal-medany/lib/gcc/riscv64-unknown-elf/12.2.0/../../../../riscv64-unknown-elf/lib/rv64imafd/lp64d/libc.a(lib_a-wbuf.o)
                              /opt/bluespec/riscvtoolchain-medany-1.202210.0.1/toolchains/baremetal-medany/lib/gcc/riscv64-unknown-elf/12.2.0/../../../../riscv64-unknown-elf/lib/rv64imafd/lp64d/libc.a(lib_a-putc.o) (__swbuf_r)
/opt/bluespec/riscvtoolchain-medany-1.202210.0.1/toolchains/baremetal-medany/lib/gcc/riscv64-unknown-elf/12.2.0/../../../../riscv64-unknown-elf/lib/rv64imafd/lp64d/libc.a(lib_a-wsetup.o)
                              /opt/bluespec/riscvtoolchain-medany-1.202210.0.1/toolchains/baremetal-medany/lib/gcc/riscv64-unknown-elf/12.2.0/../../../../riscv64-unknown-elf/lib/rv64imafd/lp64d/libc.a(lib_a-wbuf.o) (__swsetup_r)
/opt/bluespec/riscvtoolchain-medany-1.202210.0.1/toolchains/baremetal-medany/lib/gcc/riscv64-unknown-elf/12.2.0/../../../../riscv64-unknown-elf/lib/rv64imafd/lp64d/libc.a(lib_a-__call_atexit.o)
                              /opt/bluespec/riscvtoolchain-medany-1.202210.0.1/toolchains/baremetal-medany/lib/gcc/riscv64-unknown-elf/12.2.0/../../../../riscv64-unknown-elf/lib/rv64imafd/lp64d/libc.a(lib_a-exit.o) (__call_exitprocs)
/opt/bluespec/riscvtoolchain-medany-1.202210.0.1/toolchains/baremetal-medany/lib/gcc/riscv64-unknown-elf/12.2.0/../../../../riscv64-unknown-elf/lib/rv64imafd/lp64d/libc.a(lib_a-fflush.o)
                              /opt/bluespec/riscvtoolchain-medany-1.202210.0.1/toolchains/baremetal-medany/lib/gcc/riscv64-unknown-elf/12.2.0/../../../../riscv64-unknown-elf/lib/rv64imafd/lp64d/libc.a(lib_a-wbuf.o) (_fflush_r)
/opt/bluespec/riscvtoolchain-medany-1.202210.0.1/toolchains/baremetal-medany/lib/gcc/riscv64-unknown-elf/12.2.0/../../../../riscv64-unknown-elf/lib/rv64imafd/lp64d/libc.a(lib_a-findfp.o)
                              /opt/bluespec/riscvtoolchain-medany-1.202210.0.1/toolchains/baremetal-medany/lib/gcc/riscv64-unknown-elf/12.2.0/../../../../riscv64-unknown-elf/lib/rv64imafd/lp64d/libc.a(lib_a-fputc.o) (__sinit)
/opt/bluespec/riscvtoolchain-medany-1.202210.0.1/toolchains/baremetal-medany/lib/gcc/riscv64-unknown-elf/12.2.0/../../../../riscv64-unknown-elf/lib/rv64imafd/lp64d/libc.a(lib_a-fini.o)
                              /opt/bluespec/riscvtoolchain-medany-1.202210.0.1/toolchains/baremetal-medany/lib/gcc/riscv64-unknown-elf/12.2.0/../../../../riscv64-unknown-elf/lib/rv64imafd/lp64d/libc.a(lib_a-__call_atexit.o) (__libc_fini_array)
/opt/bluespec/riscvtoolchain-medany-1.202210.0.1/toolchains/baremetal-medany/lib/gcc/riscv64-unknown-elf/12.2.0/../../../../riscv64-unknown-elf/lib/rv64imafd/lp64d/libc.a(lib_a-freer.o)
                              /opt/bluespec/riscvtoolchain-medany-1.202210.0.1/toolchains/baremetal-medany/lib/gcc/riscv64-unknown-elf/12.2.0/../../../../riscv64-unknown-elf/lib/rv64imafd/lp64d/libc.a(lib_a-wsetup.o) (_free_r)
/opt/bluespec/riscvtoolchain-medany-1.202210.0.1/toolchains/baremetal-medany/lib/gcc/riscv64-unknown-elf/12.2.0/../../../../riscv64-unknown-elf/lib/rv64imafd/lp64d/libc.a(lib_a-fwalk.o)
                              /opt/bluespec/riscvtoolchain-medany-1.202210.0.1/toolchains/baremetal-medany/lib/gcc/riscv64-unknown-elf/12.2.0/../../../../riscv64-unknown-elf/lib/rv64imafd/lp64d/libc.a(lib_a-findfp.o) (_fwalk)
/opt/bluespec/riscvtoolchain-medany-1.202210.0.1/toolchains/baremetal-medany/lib/gcc/riscv64-unknown-elf/12.2.0/../../../../riscv64-unknown-elf/lib/rv64imafd/lp64d/libc.a(lib_a-makebuf.o)
                              /opt/bluespec/riscvtoolchain-medany-1.202210.0.1/toolchains/baremetal-medany/lib/gcc/riscv64-unknown-elf/12.2.0/../../../../riscv64-unknown-elf/lib/rv64imafd/lp64d/libc.a(lib_a-wsetup.o) (__smakebuf_r)
/opt/bluespec/riscvtoolchain-medany-1.202210.0.1/toolchains/baremetal-medany/lib/gcc/riscv64-unknown-elf/12.2.0/../../../../riscv64-unknown-elf/lib/rv64imafd/lp64d/libc.a(lib_a-mallocr.o)
                              /opt/bluespec/riscvtoolchain-medany-1.202210.0.1/toolchains/baremetal-medany/lib/gcc/riscv64-unknown-elf/12.2.0/../../../../riscv64-unknown-elf/lib/rv64imafd/lp64d/libc.a(lib_a-findfp.o) (_malloc_r)
/opt/bluespec/riscvtoolchain-medany-1.202210.0.1/toolchains/baremetal-medany/lib/gcc/riscv64-unknown-elf/12.2.0/../../../../riscv64-unknown-elf/lib/rv64imafd/lp64d/libc.a(lib_a-mlock.o)
                              /opt/bluespec/riscvtoolchain-medany-1.202210.0.1/toolchains/baremetal-medany/lib/gcc/riscv64-unknown-elf/12.2.0/../../../../riscv64-unknown-elf/lib/rv64imafd/lp64d/libc.a(lib_a-freer.o) (__malloc_lock)
/opt/bluespec/riscvtoolchain-medany-1.202210.0.1/toolchains/baremetal-medany/lib/gcc/riscv64-unknown-elf/12.2.0/../../../../riscv64-unknown-elf/lib/rv64imafd/lp64d/libc.a(lib_a-sbrkr.o)
                              /opt/bluespec/riscvtoolchain-medany-1.202210.0.1/toolchains/baremetal-medany/lib/gcc/riscv64-unknown-elf/12.2.0/../../../../riscv64-unknown-elf/lib/rv64imafd/lp64d/libc.a(lib_a-freer.o) (_sbrk_r)
/opt/bluespec/riscvtoolchain-medany-1.202210.0.1/toolchains/baremetal-medany/lib/gcc/riscv64-unknown-elf/12.2.0/../../../../riscv64-unknown-elf/lib/rv64imafd/lp64d/libc.a(lib_a-stdio.o)
                              /opt/bluespec/riscvtoolchain-medany-1.202210.0.1/toolchains/baremetal-medany/lib/gcc/riscv64-unknown-elf/12.2.0/../../../../riscv64-unknown-elf/lib/rv64imafd/lp64d/libc.a(lib_a-findfp.o) (__sread)
/opt/bluespec/riscvtoolchain-medany-1.202210.0.1/toolchains/baremetal-medany/lib/gcc/riscv64-unknown-elf/12.2.0/../../../../riscv64-unknown-elf/lib/rv64imafd/lp64d/libc.a(lib_a-writer.o)
                              /opt/bluespec/riscvtoolchain-medany-1.202210.0.1/toolchains/baremetal-medany/lib/gcc/riscv64-unknown-elf/12.2.0/../../../../riscv64-unknown-elf/lib/rv64imafd/lp64d/libc.a(lib_a-stdio.o) (_write_r)
/opt/bluespec/riscvtoolchain-medany-1.202210.0.1/toolchains/baremetal-medany/lib/gcc/riscv64-unknown-elf/12.2.0/../../../../riscv64-unknown-elf/lib/rv64imafd/lp64d/libc.a(lib_a-atexit.o)
                              /opt/bluespec/riscvtoolchain-medany-1.202210.0.1/toolchains/baremetal-medany/lib/gcc/riscv64-unknown-elf/12.2.0/../../../../riscv64-unknown-elf/lib/rv64imafd/lp64d/libc.a(lib_a-__call_atexit.o) (atexit)
/opt/bluespec/riscvtoolchain-medany-1.202210.0.1/toolchains/baremetal-medany/lib/gcc/riscv64-unknown-elf/12.2.0/../../../../riscv64-unknown-elf/lib/rv64imafd/lp64d/libc.a(lib_a-closer.o)
                              /opt/bluespec/riscvtoolchain-medany-1.202210.0.1/toolchains/baremetal-medany/lib/gcc/riscv64-unknown-elf/12.2.0/../../../../riscv64-unknown-elf/lib/rv64imafd/lp64d/libc.a(lib_a-stdio.o) (_close_r)
/opt/bluespec/riscvtoolchain-medany-1.202210.0.1/toolchains/baremetal-medany/lib/gcc/riscv64-unknown-elf/12.2.0/../../../../riscv64-unknown-elf/lib/rv64imafd/lp64d/libc.a(lib_a-fclose.o)
                              /opt/bluespec/riscvtoolchain-medany-1.202210.0.1/toolchains/baremetal-medany/lib/gcc/riscv64-unknown-elf/12.2.0/../../../../riscv64-unknown-elf/lib/rv64imafd/lp64d/libc.a(lib_a-findfp.o) (_fclose_r)
/opt/bluespec/riscvtoolchain-medany-1.202210.0.1/toolchains/baremetal-medany/lib/gcc/riscv64-unknown-elf/12.2.0/../../../../riscv64-unknown-elf/lib/rv64imafd/lp64d/libc.a(lib_a-fstatr.o)
                              /opt/bluespec/riscvtoolchain-medany-1.202210.0.1/toolchains/baremetal-medany/lib/gcc/riscv64-unknown-elf/12.2.0/../../../../riscv64-unknown-elf/lib/rv64imafd/lp64d/libc.a(lib_a-makebuf.o) (_fstat_r)
/opt/bluespec/riscvtoolchain-medany-1.202210.0.1/toolchains/baremetal-medany/lib/gcc/riscv64-unknown-elf/12.2.0/../../../../riscv64-unknown-elf/lib/rv64imafd/lp64d/libc.a(lib_a-isattyr.o)
                              /opt/bluespec/riscvtoolchain-medany-1.202210.0.1/toolchains/baremetal-medany/lib/gcc/riscv64-unknown-elf/12.2.0/../../../../riscv64-unknown-elf/lib/rv64imafd/lp64d/libc.a(lib_a-makebuf.o) (_isatty_r)
/opt/bluespec/riscvtoolchain-medany-1.202210.0.1/toolchains/baremetal-medany/lib/gcc/riscv64-unknown-elf/12.2.0/../../../../riscv64-unknown-elf/lib/rv64imafd/lp64d/libc.a(lib_a-lseekr.o)
                              /opt/bluespec/riscvtoolchain-medany-1.202210.0.1/toolchains/baremetal-medany/lib/gcc/riscv64-unknown-elf/12.2.0/../../../../riscv64-unknown-elf/lib/rv64imafd/lp64d/libc.a(lib_a-stdio.o) (_lseek_r)
/opt/bluespec/riscvtoolchain-medany-1.202210.0.1/toolchains/baremetal-medany/lib/gcc/riscv64-unknown-elf/12.2.0/../../../../riscv64-unknown-elf/lib/rv64imafd/lp64d/libc.a(lib_a-readr.o)
                              /opt/bluespec/riscvtoolchain-medany-1.202210.0.1/toolchains/baremetal-medany/lib/gcc/riscv64-unknown-elf/12.2.0/../../../../riscv64-unknown-elf/lib/rv64imafd/lp64d/libc.a(lib_a-stdio.o) (_read_r)
/opt/bluespec/riscvtoolchain-medany-1.202210.0.1/toolchains/baremetal-medany/lib/gcc/riscv64-unknown-elf/12.2.0/../../../../riscv64-unknown-elf/lib/rv64imafd/lp64d/libc.a(lib_a-reent.o)
                              /opt/bluespec/riscvtoolchain-medany-1.202210.0.1/toolchains/baremetal-medany/lib/gcc/riscv64-unknown-elf/12.2.0/../../../../riscv64-unknown-elf/lib/rv64imafd/lp64d/libc.a(lib_a-sbrkr.o) (errno)
/opt/bluespec/riscvtoolchain-medany-1.202210.0.1/toolchains/baremetal-medany/lib/gcc/riscv64-unknown-elf/12.2.0/../../../../riscv64-unknown-elf/lib/rv64imafd/lp64d/libc.a(lib_a-__atexit.o)
                              /opt/bluespec/riscvtoolchain-medany-1.202210.0.1/toolchains/baremetal-medany/lib/gcc/riscv64-unknown-elf/12.2.0/../../../../riscv64-unknown-elf/lib/rv64imafd/lp64d/libc.a(lib_a-atexit.o) (__register_exitproc)
/opt/bluespec/riscvtoolchain-medany-1.202210.0.1/toolchains/baremetal-medany/lib/gcc/riscv64-unknown-elf/12.2.0/../../../../riscv64-unknown-elf/lib/rv64imafd/lp64d/libnosys.a(_exit.o)
                              /opt/bluespec/riscvtoolchain-medany-1.202210.0.1/toolchains/baremetal-medany/lib/gcc/riscv64-unknown-elf/12.2.0/../../../../riscv64-unknown-elf/lib/rv64imafd/lp64d/libc.a(lib_a-exit.o) (_exit)

Memory Configuration

Name             Origin             Length             Attributes
*default*        0x0000000000000000 0xffffffffffffffff

Linker script and memory map

Address of section .text-segment set to 0x80002000
LOAD /opt/bluespec/riscvtoolchain-medany-1.202210.0.1/toolchains/baremetal-medany/lib/gcc/riscv64-unknown-elf/12.2.0/../../../../riscv64-unknown-elf/lib/rv64imafd/lp64d/libm.a
LOAD /tmp/ccDnSX0x.o
LOAD startup.o
LOAD /tmp/cc7ljdt1.o
LOAD /tmp/ccEjPCw1.o
LOAD /tmp/ccxrPlE6.o
LOAD /opt/bluespec/riscvtoolchain-medany-1.202210.0.1/toolchains/baremetal-medany/lib/gcc/riscv64-unknown-elf/12.2.0/rv64imafd/lp64d/libgcc.a
LOAD /opt/bluespec/riscvtoolchain-medany-1.202210.0.1/toolchains/baremetal-medany/lib/gcc/riscv64-unknown-elf/12.2.0/../../../../riscv64-unknown-elf/lib/rv64imafd/lp64d/libnosys.a
LOAD /opt/bluespec/riscvtoolchain-medany-1.202210.0.1/toolchains/baremetal-medany/lib/gcc/riscv64-unknown-elf/12.2.0/rv64imafd/lp64d/libgcc.a
START GROUP
LOAD /opt/bluespec/riscvtoolchain-medany-1.202210.0.1/toolchains/baremetal-medany/lib/gcc/riscv64-unknown-elf/12.2.0/rv64imafd/lp64d/libgcc.a
LOAD /opt/bluespec/riscvtoolchain-medany-1.202210.0.1/toolchains/baremetal-medany/lib/gcc/riscv64-unknown-elf/12.2.0/../../../../riscv64-unknown-elf/lib/rv64imafd/lp64d/libc.a
LOAD /opt/bluespec/riscvtoolchain-medany-1.202210.0.1/toolchains/baremetal-medany/lib/gcc/riscv64-unknown-elf/12.2.0/../../../../riscv64-unknown-elf/lib/rv64imafd/lp64d/libnosys.a
END GROUP
LOAD /opt/bluespec/riscvtoolchain-medany-1.202210.0.1/toolchains/baremetal-medany/lib/gcc/riscv64-unknown-elf/12.2.0/rv64imafd/lp64d/crtend.o
                [!provide]                        PROVIDE (__executable_start = SEGMENT_START ("text-segment", 0x10000))
                0x00000000800020e8                . = (SEGMENT_START ("text-segment", 0x10000) + SIZEOF_HEADERS)

.interp
 *(.interp)

.note.gnu.build-id
 *(.note.gnu.build-id)

.hash
 *(.hash)

.gnu.hash
 *(.gnu.hash)

.dynsym
 *(.dynsym)

.dynstr
 *(.dynstr)

.gnu.version
 *(.gnu.version)

.gnu.version_d
 *(.gnu.version_d)

.gnu.version_r
 *(.gnu.version_r)

.rela.dyn       0x00000000800020e8        0x0
 *(.rela.init)
 *(.rela.text .rela.text.* .rela.gnu.linkonce.t.*)
 .rela.text     0x00000000800020e8        0x0 /opt/bluespec/riscvtoolchain-medany-1.202210.0.1/toolchains/baremetal-medany/lib/gcc/riscv64-unknown-elf/12.2.0/../../../../riscv64-unknown-elf/lib/rv64imafd/lp64d/crt0.o
 .rela.text.init
                0x00000000800020e8        0x0 /opt/bluespec/riscvtoolchain-medany-1.202210.0.1/toolchains/baremetal-medany/lib/gcc/riscv64-unknown-elf/12.2.0/../../../../riscv64-unknown-elf/lib/rv64imafd/lp64d/crt0.o
 .rela.text.__libc_init_array
                0x00000000800020e8        0x0 /opt/bluespec/riscvtoolchain-medany-1.202210.0.1/toolchains/baremetal-medany/lib/gcc/riscv64-unknown-elf/12.2.0/../../../../riscv64-unknown-elf/lib/rv64imafd/lp64d/crt0.o
 .rela.text.startup.register_fini
                0x00000000800020e8        0x0 /opt/bluespec/riscvtoolchain-medany-1.202210.0.1/toolchains/baremetal-medany/lib/gcc/riscv64-unknown-elf/12.2.0/../../../../riscv64-unknown-elf/lib/rv64imafd/lp64d/crt0.o
 .rela.text.__libc_fini_array
                0x00000000800020e8        0x0 /opt/bluespec/riscvtoolchain-medany-1.202210.0.1/toolchains/baremetal-medany/lib/gcc/riscv64-unknown-elf/12.2.0/../../../../riscv64-unknown-elf/lib/rv64imafd/lp64d/crt0.o
 *(.rela.fini)
 *(.rela.rodata .rela.rodata.* .rela.gnu.linkonce.r.*)
 *(.rela.data .rela.data.* .rela.gnu.linkonce.d.*)
 *(.rela.tdata .rela.tdata.* .rela.gnu.linkonce.td.*)
 *(.rela.tbss .rela.tbss.* .rela.gnu.linkonce.tb.*)
 *(.rela.ctors)
 *(.rela.dtors)
 *(.rela.got)
 *(.rela.sdata .rela.sdata.* .rela.gnu.linkonce.s.*)
 *(.rela.sbss .rela.sbss.* .rela.gnu.linkonce.sb.*)
 *(.rela.sdata2 .rela.sdata2.* .rela.gnu.linkonce.s2.*)
 *(.rela.sbss2 .rela.sbss2.* .rela.gnu.linkonce.sb2.*)
 *(.rela.bss .rela.bss.* .rela.gnu.linkonce.b.*)
 *(.rela.ifunc)

.rela.plt       0x00000000800020e8        0x0
 *(.rela.plt)
                [!provide]                        PROVIDE (__rela_iplt_start = .)
 *(.rela.iplt)
                [!provide]                        PROVIDE (__rela_iplt_end = .)

.init
 *(SORT_NONE(.init))

.plt
 *(.plt)
 *(.iplt)

.text           0x00000000800020e8     0x3008
 *(.text.unlikely .text.*_unlikely .text.unlikely.*)
 *(.text.exit .text.exit.*)
 .text.exit     0x00000000800020e8       0x30 /opt/bluespec/riscvtoolchain-medany-1.202210.0.1/toolchains/baremetal-medany/lib/gcc/riscv64-unknown-elf/12.2.0/../../../../riscv64-unknown-elf/lib/rv64imafd/lp64d/libc.a(lib_a-exit.o)
                0x00000000800020e8                exit
 *(.text.startup .text.startup.*)
 .text.startup.register_fini
                0x0000000080002118       0x18 /opt/bluespec/riscvtoolchain-medany-1.202210.0.1/toolchains/baremetal-medany/lib/gcc/riscv64-unknown-elf/12.2.0/../../../../riscv64-unknown-elf/lib/rv64imafd/lp64d/libc.a(lib_a-__call_atexit.o)
 *(.text.hot .text.hot.*)
 *(SORT_BY_NAME(.text.sorted.*))
 *(.text .stub .text.* .gnu.linkonce.t.*)
 .text          0x0000000080002130       0x50 /opt/bluespec/riscvtoolchain-medany-1.202210.0.1/toolchains/baremetal-medany/lib/gcc/riscv64-unknown-elf/12.2.0/../../../../riscv64-unknown-elf/lib/rv64imafd/lp64d/crt0.o
                0x0000000080002130                _start
 .text          0x0000000080002180       0x6c /opt/bluespec/riscvtoolchain-medany-1.202210.0.1/toolchains/baremetal-medany/lib/gcc/riscv64-unknown-elf/12.2.0/rv64imafd/lp64d/crtbegin.o
 .text          0x00000000800021ec        0x0 startup.o
 .text          0x00000000800021ec       0x80 /tmp/ccDnSX0x.o
                0x00000000800021ec                main
 .text          0x000000008000226c      0x4b8 /tmp/cc7ljdt1.o
                0x000000008000226c                read
                0x0000000080002318                write
                0x00000000800023a0                gettimeofday
                0x0000000080002410                sleep
                0x0000000080002484                _sbrk
                0x00000000800024c4                _write
                0x000000008000254c                _close
                0x000000008000258c                _lseek
                0x00000000800025dc                _read
                0x000000008000262c                _fstat
                0x0000000080002670                _isatty
                0x00000000800026b0                _kill
                0x00000000800026fc                _getpid
 .text          0x0000000080002724      0x218 /tmp/ccEjPCw1.o
                0x0000000080002800                ns16550_rxready
                0x0000000080002844                ns16550_rxchar
                0x0000000080002898                ns16550_txchar
                0x00000000800028f8                ns16550_flush
 .text          0x000000008000293c      0x1c8 /tmp/ccxrPlE6.o
                0x000000008000293c                read_cycle
                0x0000000080002964                read_time
                0x000000008000298c                read_instret
                0x00000000800029b4                fence
                0x00000000800029d4                addr_to_pointer
                0x0000000080002a00                io_read32
                0x0000000080002a3c                io_write32
                0x0000000080002a84                io_read64
                0x0000000080002ac0                io_write64
 .text          0x0000000080002b04        0x0 /opt/bluespec/riscvtoolchain-medany-1.202210.0.1/toolchains/baremetal-medany/lib/gcc/riscv64-unknown-elf/12.2.0/../../../../riscv64-unknown-elf/lib/rv64imafd/lp64d/libc.a(lib_a-errno.o)
 .text.__errno  0x0000000080002b04        0x8 /opt/bluespec/riscvtoolchain-medany-1.202210.0.1/toolchains/baremetal-medany/lib/gcc/riscv64-unknown-elf/12.2.0/../../../../riscv64-unknown-elf/lib/rv64imafd/lp64d/libc.a(lib_a-errno.o)
                0x0000000080002b04                __errno
 .text          0x0000000080002b0c        0x0 /opt/bluespec/riscvtoolchain-medany-1.202210.0.1/toolchains/baremetal-medany/lib/gcc/riscv64-unknown-elf/12.2.0/../../../../riscv64-unknown-elf/lib/rv64imafd/lp64d/libc.a(lib_a-exit.o)
 .text          0x0000000080002b0c        0x0 /opt/bluespec/riscvtoolchain-medany-1.202210.0.1/toolchains/baremetal-medany/lib/gcc/riscv64-unknown-elf/12.2.0/../../../../riscv64-unknown-elf/lib/rv64imafd/lp64d/libc.a(lib_a-fputc.o)
 .text._fputc_r
                0x0000000080002b0c       0x58 /opt/bluespec/riscvtoolchain-medany-1.202210.0.1/toolchains/baremetal-medany/lib/gcc/riscv64-unknown-elf/12.2.0/../../../../riscv64-unknown-elf/lib/rv64imafd/lp64d/libc.a(lib_a-fputc.o)
                0x0000000080002b0c                _fputc_r
 .text.fputc    0x0000000080002b64       0x60 /opt/bluespec/riscvtoolchain-medany-1.202210.0.1/toolchains/baremetal-medany/lib/gcc/riscv64-unknown-elf/12.2.0/../../../../riscv64-unknown-elf/lib/rv64imafd/lp64d/libc.a(lib_a-fputc.o)
                0x0000000080002b64                fputc
 .text          0x0000000080002bc4        0x0 /opt/bluespec/riscvtoolchain-medany-1.202210.0.1/toolchains/baremetal-medany/lib/gcc/riscv64-unknown-elf/12.2.0/../../../../riscv64-unknown-elf/lib/rv64imafd/lp64d/libc.a(lib_a-impure.o)
 .text          0x0000000080002bc4        0x0 /opt/bluespec/riscvtoolchain-medany-1.202210.0.1/toolchains/baremetal-medany/lib/gcc/riscv64-unknown-elf/12.2.0/../../../../riscv64-unknown-elf/lib/rv64imafd/lp64d/libc.a(lib_a-init.o)
 .text.__libc_init_array
                0x0000000080002bc4       0x94 /opt/bluespec/riscvtoolchain-medany-1.202210.0.1/toolchains/baremetal-medany/lib/gcc/riscv64-unknown-elf/12.2.0/../../../../riscv64-unknown-elf/lib/rv64imafd/lp64d/libc.a(lib_a-init.o)
                0x0000000080002bc4                __libc_init_array
 .text          0x0000000080002c58       0xdc /opt/bluespec/riscvtoolchain-medany-1.202210.0.1/toolchains/baremetal-medany/lib/gcc/riscv64-unknown-elf/12.2.0/../../../../riscv64-unknown-elf/lib/rv64imafd/lp64d/libc.a(lib_a-memset.o)
                0x0000000080002c58                memset
 .text          0x0000000080002d34        0x0 /opt/bluespec/riscvtoolchain-medany-1.202210.0.1/toolchains/baremetal-medany/lib/gcc/riscv64-unknown-elf/12.2.0/../../../../riscv64-unknown-elf/lib/rv64imafd/lp64d/libc.a(lib_a-putc.o)
 .text._putc_r  0x0000000080002d34       0x90 /opt/bluespec/riscvtoolchain-medany-1.202210.0.1/toolchains/baremetal-medany/lib/gcc/riscv64-unknown-elf/12.2.0/../../../../riscv64-unknown-elf/lib/rv64imafd/lp64d/libc.a(lib_a-putc.o)
                0x0000000080002d34                _putc_r
 .text.putc     0x0000000080002dc4       0xac /opt/bluespec/riscvtoolchain-medany-1.202210.0.1/toolchains/baremetal-medany/lib/gcc/riscv64-unknown-elf/12.2.0/../../../../riscv64-unknown-elf/lib/rv64imafd/lp64d/libc.a(lib_a-putc.o)
                0x0000000080002dc4                putc
 .text          0x0000000080002e70        0x0 /opt/bluespec/riscvtoolchain-medany-1.202210.0.1/toolchains/baremetal-medany/lib/gcc/riscv64-unknown-elf/12.2.0/../../../../riscv64-unknown-elf/lib/rv64imafd/lp64d/libc.a(lib_a-wbuf.o)
 .text.__swbuf_r
                0x0000000080002e70      0x174 /opt/bluespec/riscvtoolchain-medany-1.202210.0.1/toolchains/baremetal-medany/lib/gcc/riscv64-unknown-elf/12.2.0/../../../../riscv64-unknown-elf/lib/rv64imafd/lp64d/libc.a(lib_a-wbuf.o)
                0x0000000080002e70                __swbuf_r
 .text.__swbuf  0x0000000080002fe4       0x10 /opt/bluespec/riscvtoolchain-medany-1.202210.0.1/toolchains/baremetal-medany/lib/gcc/riscv64-unknown-elf/12.2.0/../../../../riscv64-unknown-elf/lib/rv64imafd/lp64d/libc.a(lib_a-wbuf.o)
                0x0000000080002fe4                __swbuf
 .text          0x0000000080002ff4        0x0 /opt/bluespec/riscvtoolchain-medany-1.202210.0.1/toolchains/baremetal-medany/lib/gcc/riscv64-unknown-elf/12.2.0/../../../../riscv64-unknown-elf/lib/rv64imafd/lp64d/libc.a(lib_a-wsetup.o)
 .text.__swsetup_r
                0x0000000080002ff4      0x140 /opt/bluespec/riscvtoolchain-medany-1.202210.0.1/toolchains/baremetal-medany/lib/gcc/riscv64-unknown-elf/12.2.0/../../../../riscv64-unknown-elf/lib/rv64imafd/lp64d/libc.a(lib_a-wsetup.o)
                0x0000000080002ff4                __swsetup_r
 .text          0x0000000080003134        0x0 /opt/bluespec/riscvtoolchain-medany-1.202210.0.1/toolchains/baremetal-medany/lib/gcc/riscv64-unknown-elf/12.2.0/../../../../riscv64-unknown-elf/lib/rv64imafd/lp64d/libc.a(lib_a-__call_atexit.o)
 .text.__call_exitprocs
                0x0000000080003134      0x128 /opt/bluespec/riscvtoolchain-medany-1.202210.0.1/toolchains/baremetal-medany/lib/gcc/riscv64-unknown-elf/12.2.0/../../../../riscv64-unknown-elf/lib/rv64imafd/lp64d/libc.a(lib_a-__call_atexit.o)
                0x0000000080003134                __call_exitprocs
 .text          0x000000008000325c        0x0 /opt/bluespec/riscvtoolchain-medany-1.202210.0.1/toolchains/baremetal-medany/lib/gcc/riscv64-unknown-elf/12.2.0/../../../../riscv64-unknown-elf/lib/rv64imafd/lp64d/libc.a(lib_a-fflush.o)
 .text.__sflush_r
                0x000000008000325c      0x24c /opt/bluespec/riscvtoolchain-medany-1.202210.0.1/toolchains/baremetal-medany/lib/gcc/riscv64-unknown-elf/12.2.0/../../../../riscv64-unknown-elf/lib/rv64imafd/lp64d/libc.a(lib_a-fflush.o)
                0x000000008000325c                __sflush_r
 .text._fflush_r
                0x00000000800034a8       0x60 /opt/bluespec/riscvtoolchain-medany-1.202210.0.1/toolchains/baremetal-medany/lib/gcc/riscv64-unknown-elf/12.2.0/../../../../riscv64-unknown-elf/lib/rv64imafd/lp64d/libc.a(lib_a-fflush.o)
                0x00000000800034a8                _fflush_r
 .text.fflush   0x0000000080003508       0x7c /opt/bluespec/riscvtoolchain-medany-1.202210.0.1/toolchains/baremetal-medany/lib/gcc/riscv64-unknown-elf/12.2.0/../../../../riscv64-unknown-elf/lib/rv64imafd/lp64d/libc.a(lib_a-fflush.o)
                0x0000000080003508                fflush
 .text          0x0000000080003584        0x0 /opt/bluespec/riscvtoolchain-medany-1.202210.0.1/toolchains/baremetal-medany/lib/gcc/riscv64-unknown-elf/12.2.0/../../../../riscv64-unknown-elf/lib/rv64imafd/lp64d/libc.a(lib_a-findfp.o)
 .text.__fp_lock
                0x0000000080003584        0x8 /opt/bluespec/riscvtoolchain-medany-1.202210.0.1/toolchains/baremetal-medany/lib/gcc/riscv64-unknown-elf/12.2.0/../../../../riscv64-unknown-elf/lib/rv64imafd/lp64d/libc.a(lib_a-findfp.o)
 .text._cleanup_r
                0x000000008000358c        0xc /opt/bluespec/riscvtoolchain-medany-1.202210.0.1/toolchains/baremetal-medany/lib/gcc/riscv64-unknown-elf/12.2.0/../../../../riscv64-unknown-elf/lib/rv64imafd/lp64d/libc.a(lib_a-findfp.o)
                0x000000008000358c                _cleanup_r
 .text.__fp_unlock
                0x0000000080003598        0x8 /opt/bluespec/riscvtoolchain-medany-1.202210.0.1/toolchains/baremetal-medany/lib/gcc/riscv64-unknown-elf/12.2.0/../../../../riscv64-unknown-elf/lib/rv64imafd/lp64d/libc.a(lib_a-findfp.o)
 .text.__sinit.part.0
                0x00000000800035a0      0x178 /opt/bluespec/riscvtoolchain-medany-1.202210.0.1/toolchains/baremetal-medany/lib/gcc/riscv64-unknown-elf/12.2.0/../../../../riscv64-unknown-elf/lib/rv64imafd/lp64d/libc.a(lib_a-findfp.o)
 .text.__sfmoreglue
                0x0000000080003718       0x6c /opt/bluespec/riscvtoolchain-medany-1.202210.0.1/toolchains/baremetal-medany/lib/gcc/riscv64-unknown-elf/12.2.0/../../../../riscv64-unknown-elf/lib/rv64imafd/lp64d/libc.a(lib_a-findfp.o)
                0x0000000080003718                __sfmoreglue
 .text.__sfp    0x0000000080003784      0x130 /opt/bluespec/riscvtoolchain-medany-1.202210.0.1/toolchains/baremetal-medany/lib/gcc/riscv64-unknown-elf/12.2.0/../../../../riscv64-unknown-elf/lib/rv64imafd/lp64d/libc.a(lib_a-findfp.o)
                0x0000000080003784                __sfp
 .text._cleanup
                0x00000000800038b4       0x10 /opt/bluespec/riscvtoolchain-medany-1.202210.0.1/toolchains/baremetal-medany/lib/gcc/riscv64-unknown-elf/12.2.0/../../../../riscv64-unknown-elf/lib/rv64imafd/lp64d/libc.a(lib_a-findfp.o)
                0x00000000800038b4                _cleanup
 .text.__sinit  0x00000000800038c4       0x10 /opt/bluespec/riscvtoolchain-medany-1.202210.0.1/toolchains/baremetal-medany/lib/gcc/riscv64-unknown-elf/12.2.0/../../../../riscv64-unknown-elf/lib/rv64imafd/lp64d/libc.a(lib_a-findfp.o)
                0x00000000800038c4                __sinit
 .text.__sfp_lock_acquire
                0x00000000800038d4        0x4 /opt/bluespec/riscvtoolchain-medany-1.202210.0.1/toolchains/baremetal-medany/lib/gcc/riscv64-unknown-elf/12.2.0/../../../../riscv64-unknown-elf/lib/rv64imafd/lp64d/libc.a(lib_a-findfp.o)
                0x00000000800038d4                __sfp_lock_acquire
 .text.__sfp_lock_release
                0x00000000800038d8        0x4 /opt/bluespec/riscvtoolchain-medany-1.202210.0.1/toolchains/baremetal-medany/lib/gcc/riscv64-unknown-elf/12.2.0/../../../../riscv64-unknown-elf/lib/rv64imafd/lp64d/libc.a(lib_a-findfp.o)
                0x00000000800038d8                __sfp_lock_release
 .text.__sinit_lock_acquire
                0x00000000800038dc        0x4 /opt/bluespec/riscvtoolchain-medany-1.202210.0.1/toolchains/baremetal-medany/lib/gcc/riscv64-unknown-elf/12.2.0/../../../../riscv64-unknown-elf/lib/rv64imafd/lp64d/libc.a(lib_a-findfp.o)
                0x00000000800038dc                __sinit_lock_acquire
 .text.__sinit_lock_release
                0x00000000800038e0        0x4 /opt/bluespec/riscvtoolchain-medany-1.202210.0.1/toolchains/baremetal-medany/lib/gcc/riscv64-unknown-elf/12.2.0/../../../../riscv64-unknown-elf/lib/rv64imafd/lp64d/libc.a(lib_a-findfp.o)
                0x00000000800038e0                __sinit_lock_release
 .text.__fp_lock_all
                0x00000000800038e4       0x10 /opt/bluespec/riscvtoolchain-medany-1.202210.0.1/toolchains/baremetal-medany/lib/gcc/riscv64-unknown-elf/12.2.0/../../../../riscv64-unknown-elf/lib/rv64imafd/lp64d/libc.a(lib_a-findfp.o)
                0x00000000800038e4                __fp_lock_all
 .text.__fp_unlock_all
                0x00000000800038f4       0x10 /opt/bluespec/riscvtoolchain-medany-1.202210.0.1/toolchains/baremetal-medany/lib/gcc/riscv64-unknown-elf/12.2.0/../../../../riscv64-unknown-elf/lib/rv64imafd/lp64d/libc.a(lib_a-findfp.o)
                0x00000000800038f4                __fp_unlock_all
 .text          0x0000000080003904        0x0 /opt/bluespec/riscvtoolchain-medany-1.202210.0.1/toolchains/baremetal-medany/lib/gcc/riscv64-unknown-elf/12.2.0/../../../../riscv64-unknown-elf/lib/rv64imafd/lp64d/libc.a(lib_a-fini.o)
 .text.__libc_fini_array
                0x0000000080003904       0x5c /opt/bluespec/riscvtoolchain-medany-1.202210.0.1/toolchains/baremetal-medany/lib/gcc/riscv64-unknown-elf/12.2.0/../../../../riscv64-unknown-elf/lib/rv64imafd/lp64d/libc.a(lib_a-fini.o)
                0x0000000080003904                __libc_fini_array
 .text          0x0000000080003960        0x0 /opt/bluespec/riscvtoolchain-medany-1.202210.0.1/toolchains/baremetal-medany/lib/gcc/riscv64-unknown-elf/12.2.0/../../../../riscv64-unknown-elf/lib/rv64imafd/lp64d/libc.a(lib_a-freer.o)
 .text._malloc_trim_r
                0x0000000080003960      0x13c /opt/bluespec/riscvtoolchain-medany-1.202210.0.1/toolchains/baremetal-medany/lib/gcc/riscv64-unknown-elf/12.2.0/../../../../riscv64-unknown-elf/lib/rv64imafd/lp64d/libc.a(lib_a-freer.o)
                0x0000000080003960                _malloc_trim_r
 .text._free_r  0x0000000080003a9c      0x320 /opt/bluespec/riscvtoolchain-medany-1.202210.0.1/toolchains/baremetal-medany/lib/gcc/riscv64-unknown-elf/12.2.0/../../../../riscv64-unknown-elf/lib/rv64imafd/lp64d/libc.a(lib_a-freer.o)
                0x0000000080003a9c                _free_r
 .text          0x0000000080003dbc        0x0 /opt/bluespec/riscvtoolchain-medany-1.202210.0.1/toolchains/baremetal-medany/lib/gcc/riscv64-unknown-elf/12.2.0/../../../../riscv64-unknown-elf/lib/rv64imafd/lp64d/libc.a(lib_a-fwalk.o)
 .text._fwalk   0x0000000080003dbc       0xbc /opt/bluespec/riscvtoolchain-medany-1.202210.0.1/toolchains/baremetal-medany/lib/gcc/riscv64-unknown-elf/12.2.0/../../../../riscv64-unknown-elf/lib/rv64imafd/lp64d/libc.a(lib_a-fwalk.o)
                0x0000000080003dbc                _fwalk
 .text._fwalk_reent
                0x0000000080003e78       0xcc /opt/bluespec/riscvtoolchain-medany-1.202210.0.1/toolchains/baremetal-medany/lib/gcc/riscv64-unknown-elf/12.2.0/../../../../riscv64-unknown-elf/lib/rv64imafd/lp64d/libc.a(lib_a-fwalk.o)
                0x0000000080003e78                _fwalk_reent
 .text          0x0000000080003f44        0x0 /opt/bluespec/riscvtoolchain-medany-1.202210.0.1/toolchains/baremetal-medany/lib/gcc/riscv64-unknown-elf/12.2.0/../../../../riscv64-unknown-elf/lib/rv64imafd/lp64d/libc.a(lib_a-makebuf.o)
 .text.__smakebuf_r
                0x0000000080003f44      0x190 /opt/bluespec/riscvtoolchain-medany-1.202210.0.1/toolchains/baremetal-medany/lib/gcc/riscv64-unknown-elf/12.2.0/../../../../riscv64-unknown-elf/lib/rv64imafd/lp64d/libc.a(lib_a-makebuf.o)
                0x0000000080003f44                __smakebuf_r
 .text.__swhatbuf_r
                0x00000000800040d4       0xd8 /opt/bluespec/riscvtoolchain-medany-1.202210.0.1/toolchains/baremetal-medany/lib/gcc/riscv64-unknown-elf/12.2.0/../../../../riscv64-unknown-elf/lib/rv64imafd/lp64d/libc.a(lib_a-makebuf.o)
                0x00000000800040d4                __swhatbuf_r
 .text          0x00000000800041ac        0x0 /opt/bluespec/riscvtoolchain-medany-1.202210.0.1/toolchains/baremetal-medany/lib/gcc/riscv64-unknown-elf/12.2.0/../../../../riscv64-unknown-elf/lib/rv64imafd/lp64d/libc.a(lib_a-mallocr.o)
 .text._malloc_r
                0x00000000800041ac      0x7e8 /opt/bluespec/riscvtoolchain-medany-1.202210.0.1/toolchains/baremetal-medany/lib/gcc/riscv64-unknown-elf/12.2.0/../../../../riscv64-unknown-elf/lib/rv64imafd/lp64d/libc.a(lib_a-mallocr.o)
                0x00000000800041ac                _malloc_r
 .text          0x0000000080004994        0x0 /opt/bluespec/riscvtoolchain-medany-1.202210.0.1/toolchains/baremetal-medany/lib/gcc/riscv64-unknown-elf/12.2.0/../../../../riscv64-unknown-elf/lib/rv64imafd/lp64d/libc.a(lib_a-mlock.o)
 .text.__malloc_lock
                0x0000000080004994        0x4 /opt/bluespec/riscvtoolchain-medany-1.202210.0.1/toolchains/baremetal-medany/lib/gcc/riscv64-unknown-elf/12.2.0/../../../../riscv64-unknown-elf/lib/rv64imafd/lp64d/libc.a(lib_a-mlock.o)
                0x0000000080004994                __malloc_lock
 .text.__malloc_unlock
                0x0000000080004998        0x4 /opt/bluespec/riscvtoolchain-medany-1.202210.0.1/toolchains/baremetal-medany/lib/gcc/riscv64-unknown-elf/12.2.0/../../../../riscv64-unknown-elf/lib/rv64imafd/lp64d/libc.a(lib_a-mlock.o)
                0x0000000080004998                __malloc_unlock
 .text          0x000000008000499c        0x0 /opt/bluespec/riscvtoolchain-medany-1.202210.0.1/toolchains/baremetal-medany/lib/gcc/riscv64-unknown-elf/12.2.0/../../../../riscv64-unknown-elf/lib/rv64imafd/lp64d/libc.a(lib_a-sbrkr.o)
 .text._sbrk_r  0x000000008000499c       0x50 /opt/bluespec/riscvtoolchain-medany-1.202210.0.1/toolchains/baremetal-medany/lib/gcc/riscv64-unknown-elf/12.2.0/../../../../riscv64-unknown-elf/lib/rv64imafd/lp64d/libc.a(lib_a-sbrkr.o)
                0x000000008000499c                _sbrk_r
 .text          0x00000000800049ec        0x0 /opt/bluespec/riscvtoolchain-medany-1.202210.0.1/toolchains/baremetal-medany/lib/gcc/riscv64-unknown-elf/12.2.0/../../../../riscv64-unknown-elf/lib/rv64imafd/lp64d/libc.a(lib_a-stdio.o)
 .text.__sread  0x00000000800049ec       0x5c /opt/bluespec/riscvtoolchain-medany-1.202210.0.1/toolchains/baremetal-medany/lib/gcc/riscv64-unknown-elf/12.2.0/../../../../riscv64-unknown-elf/lib/rv64imafd/lp64d/libc.a(lib_a-stdio.o)
                0x00000000800049ec                __sread
 .text.__seofread
                0x0000000080004a48        0x8 /opt/bluespec/riscvtoolchain-medany-1.202210.0.1/toolchains/baremetal-medany/lib/gcc/riscv64-unknown-elf/12.2.0/../../../../riscv64-unknown-elf/lib/rv64imafd/lp64d/libc.a(lib_a-stdio.o)
                0x0000000080004a48                __seofread
 .text.__swrite
                0x0000000080004a50       0x88 /opt/bluespec/riscvtoolchain-medany-1.202210.0.1/toolchains/baremetal-medany/lib/gcc/riscv64-unknown-elf/12.2.0/../../../../riscv64-unknown-elf/lib/rv64imafd/lp64d/libc.a(lib_a-stdio.o)
                0x0000000080004a50                __swrite
 .text.__sseek  0x0000000080004ad8       0x78 /opt/bluespec/riscvtoolchain-medany-1.202210.0.1/toolchains/baremetal-medany/lib/gcc/riscv64-unknown-elf/12.2.0/../../../../riscv64-unknown-elf/lib/rv64imafd/lp64d/libc.a(lib_a-stdio.o)
                0x0000000080004ad8                __sseek
 .text.__sclose
                0x0000000080004b50        0x8 /opt/bluespec/riscvtoolchain-medany-1.202210.0.1/toolchains/baremetal-medany/lib/gcc/riscv64-unknown-elf/12.2.0/../../../../riscv64-unknown-elf/lib/rv64imafd/lp64d/libc.a(lib_a-stdio.o)
                0x0000000080004b50                __sclose
 .text          0x0000000080004b58        0x0 /opt/bluespec/riscvtoolchain-medany-1.202210.0.1/toolchains/baremetal-medany/lib/gcc/riscv64-unknown-elf/12.2.0/../../../../riscv64-unknown-elf/lib/rv64imafd/lp64d/libc.a(lib_a-writer.o)
 .text._write_r
                0x0000000080004b58       0x5c /opt/bluespec/riscvtoolchain-medany-1.202210.0.1/toolchains/baremetal-medany/lib/gcc/riscv64-unknown-elf/12.2.0/../../../../riscv64-unknown-elf/lib/rv64imafd/lp64d/libc.a(lib_a-writer.o)
                0x0000000080004b58                _write_r
 .text          0x0000000080004bb4        0x0 /opt/bluespec/riscvtoolchain-medany-1.202210.0.1/toolchains/baremetal-medany/lib/gcc/riscv64-unknown-elf/12.2.0/../../../../riscv64-unknown-elf/lib/rv64imafd/lp64d/libc.a(lib_a-atexit.o)
 .text.atexit   0x0000000080004bb4       0x14 /opt/bluespec/riscvtoolchain-medany-1.202210.0.1/toolchains/baremetal-medany/lib/gcc/riscv64-unknown-elf/12.2.0/../../../../riscv64-unknown-elf/lib/rv64imafd/lp64d/libc.a(lib_a-atexit.o)
                0x0000000080004bb4                atexit
 .text          0x0000000080004bc8        0x0 /opt/bluespec/riscvtoolchain-medany-1.202210.0.1/toolchains/baremetal-medany/lib/gcc/riscv64-unknown-elf/12.2.0/../../../../riscv64-unknown-elf/lib/rv64imafd/lp64d/libc.a(lib_a-closer.o)
 .text._close_r
                0x0000000080004bc8       0x50 /opt/bluespec/riscvtoolchain-medany-1.202210.0.1/toolchains/baremetal-medany/lib/gcc/riscv64-unknown-elf/12.2.0/../../../../riscv64-unknown-elf/lib/rv64imafd/lp64d/libc.a(lib_a-closer.o)
                0x0000000080004bc8                _close_r
 .text          0x0000000080004c18        0x0 /opt/bluespec/riscvtoolchain-medany-1.202210.0.1/toolchains/baremetal-medany/lib/gcc/riscv64-unknown-elf/12.2.0/../../../../riscv64-unknown-elf/lib/rv64imafd/lp64d/libc.a(lib_a-fclose.o)
 .text._fclose_r
                0x0000000080004c18      0x110 /opt/bluespec/riscvtoolchain-medany-1.202210.0.1/toolchains/baremetal-medany/lib/gcc/riscv64-unknown-elf/12.2.0/../../../../riscv64-unknown-elf/lib/rv64imafd/lp64d/libc.a(lib_a-fclose.o)
                0x0000000080004c18                _fclose_r
 .text.fclose   0x0000000080004d28        0xc /opt/bluespec/riscvtoolchain-medany-1.202210.0.1/toolchains/baremetal-medany/lib/gcc/riscv64-unknown-elf/12.2.0/../../../../riscv64-unknown-elf/lib/rv64imafd/lp64d/libc.a(lib_a-fclose.o)
                0x0000000080004d28                fclose
 .text          0x0000000080004d34        0x0 /opt/bluespec/riscvtoolchain-medany-1.202210.0.1/toolchains/baremetal-medany/lib/gcc/riscv64-unknown-elf/12.2.0/../../../../riscv64-unknown-elf/lib/rv64imafd/lp64d/libc.a(lib_a-fstatr.o)
 .text._fstat_r
                0x0000000080004d34       0x58 /opt/bluespec/riscvtoolchain-medany-1.202210.0.1/toolchains/baremetal-medany/lib/gcc/riscv64-unknown-elf/12.2.0/../../../../riscv64-unknown-elf/lib/rv64imafd/lp64d/libc.a(lib_a-fstatr.o)
                0x0000000080004d34                _fstat_r
 .text          0x0000000080004d8c        0x0 /opt/bluespec/riscvtoolchain-medany-1.202210.0.1/toolchains/baremetal-medany/lib/gcc/riscv64-unknown-elf/12.2.0/../../../../riscv64-unknown-elf/lib/rv64imafd/lp64d/libc.a(lib_a-isattyr.o)
 .text._isatty_r
                0x0000000080004d8c       0x50 /opt/bluespec/riscvtoolchain-medany-1.202210.0.1/toolchains/baremetal-medany/lib/gcc/riscv64-unknown-elf/12.2.0/../../../../riscv64-unknown-elf/lib/rv64imafd/lp64d/libc.a(lib_a-isattyr.o)
                0x0000000080004d8c                _isatty_r
 .text          0x0000000080004ddc        0x0 /opt/bluespec/riscvtoolchain-medany-1.202210.0.1/toolchains/baremetal-medany/lib/gcc/riscv64-unknown-elf/12.2.0/../../../../riscv64-unknown-elf/lib/rv64imafd/lp64d/libc.a(lib_a-lseekr.o)
 .text._lseek_r
                0x0000000080004ddc       0x5c /opt/bluespec/riscvtoolchain-medany-1.202210.0.1/toolchains/baremetal-medany/lib/gcc/riscv64-unknown-elf/12.2.0/../../../../riscv64-unknown-elf/lib/rv64imafd/lp64d/libc.a(lib_a-lseekr.o)
                0x0000000080004ddc                _lseek_r
 .text          0x0000000080004e38        0x0 /opt/bluespec/riscvtoolchain-medany-1.202210.0.1/toolchains/baremetal-medany/lib/gcc/riscv64-unknown-elf/12.2.0/../../../../riscv64-unknown-elf/lib/rv64imafd/lp64d/libc.a(lib_a-readr.o)
 .text._read_r  0x0000000080004e38       0x5c /opt/bluespec/riscvtoolchain-medany-1.202210.0.1/toolchains/baremetal-medany/lib/gcc/riscv64-unknown-elf/12.2.0/../../../../riscv64-unknown-elf/lib/rv64imafd/lp64d/libc.a(lib_a-readr.o)
                0x0000000080004e38                _read_r
 .text          0x0000000080004e94        0x0 /opt/bluespec/riscvtoolchain-medany-1.202210.0.1/toolchains/baremetal-medany/lib/gcc/riscv64-unknown-elf/12.2.0/../../../../riscv64-unknown-elf/lib/rv64imafd/lp64d/libc.a(lib_a-reent.o)
 .text.cleanup_glue
                0x0000000080004e94       0x94 /opt/bluespec/riscvtoolchain-medany-1.202210.0.1/toolchains/baremetal-medany/lib/gcc/riscv64-unknown-elf/12.2.0/../../../../riscv64-unknown-elf/lib/rv64imafd/lp64d/libc.a(lib_a-reent.o)
                0x0000000080004e94                cleanup_glue
 .text._reclaim_reent
                0x0000000080004f28      0x11c /opt/bluespec/riscvtoolchain-medany-1.202210.0.1/toolchains/baremetal-medany/lib/gcc/riscv64-unknown-elf/12.2.0/../../../../riscv64-unknown-elf/lib/rv64imafd/lp64d/libc.a(lib_a-reent.o)
                0x0000000080004f28                _reclaim_reent
 .text          0x0000000080005044        0x0 /opt/bluespec/riscvtoolchain-medany-1.202210.0.1/toolchains/baremetal-medany/lib/gcc/riscv64-unknown-elf/12.2.0/../../../../riscv64-unknown-elf/lib/rv64imafd/lp64d/libc.a(lib_a-__atexit.o)
 .text.__register_exitproc
                0x0000000080005044       0xa8 /opt/bluespec/riscvtoolchain-medany-1.202210.0.1/toolchains/baremetal-medany/lib/gcc/riscv64-unknown-elf/12.2.0/../../../../riscv64-unknown-elf/lib/rv64imafd/lp64d/libc.a(lib_a-__atexit.o)
                0x0000000080005044                __register_exitproc
 .text          0x00000000800050ec        0x0 /opt/bluespec/riscvtoolchain-medany-1.202210.0.1/toolchains/baremetal-medany/lib/gcc/riscv64-unknown-elf/12.2.0/../../../../riscv64-unknown-elf/lib/rv64imafd/lp64d/libnosys.a(_exit.o)
 .text._exit    0x00000000800050ec        0x4 /opt/bluespec/riscvtoolchain-medany-1.202210.0.1/toolchains/baremetal-medany/lib/gcc/riscv64-unknown-elf/12.2.0/../../../../riscv64-unknown-elf/lib/rv64imafd/lp64d/libnosys.a(_exit.o)
                0x00000000800050ec                _exit
 .text          0x00000000800050f0        0x0 /opt/bluespec/riscvtoolchain-medany-1.202210.0.1/toolchains/baremetal-medany/lib/gcc/riscv64-unknown-elf/12.2.0/rv64imafd/lp64d/crtend.o
 *(.gnu.warning)

.fini
 *(SORT_NONE(.fini))
                [!provide]                        PROVIDE (__etext = .)
                [!provide]                        PROVIDE (_etext = .)
                [!provide]                        PROVIDE (etext = .)

.rodata
 *(.rodata .rodata.* .gnu.linkonce.r.*)

.rodata1
 *(.rodata1)

.sdata2
 *(.sdata2 .sdata2.* .gnu.linkonce.s2.*)

.sbss2
 *(.sbss2 .sbss2.* .gnu.linkonce.sb2.*)

.eh_frame_hdr
 *(.eh_frame_hdr)
 *(.eh_frame_entry .eh_frame_entry.*)

.eh_frame
 *(.eh_frame)
 *(.eh_frame.*)

.gcc_except_table
 *(.gcc_except_table .gcc_except_table.*)

.gnu_extab
 *(.gnu_extab*)

.exception_ranges
 *(.exception_ranges*)
                0x00000000800060f0                . = DATA_SEGMENT_ALIGN (CONSTANT (MAXPAGESIZE), CONSTANT (COMMONPAGESIZE))

.eh_frame       0x00000000800060f0        0x4
 *(.eh_frame)
 .eh_frame      0x00000000800060f0        0x0 /opt/bluespec/riscvtoolchain-medany-1.202210.0.1/toolchains/baremetal-medany/lib/gcc/riscv64-unknown-elf/12.2.0/rv64imafd/lp64d/crtbegin.o
 .eh_frame      0x00000000800060f0        0x4 /opt/bluespec/riscvtoolchain-medany-1.202210.0.1/toolchains/baremetal-medany/lib/gcc/riscv64-unknown-elf/12.2.0/rv64imafd/lp64d/crtend.o
 *(.eh_frame.*)

.gnu_extab
 *(.gnu_extab)

.gcc_except_table
 *(.gcc_except_table .gcc_except_table.*)

.exception_ranges
 *(.exception_ranges*)

.tdata          0x00000000800060f4        0x0
                [!provide]                        PROVIDE (__tdata_start = .)
 *(.tdata .tdata.* .gnu.linkonce.td.*)

.tbss
 *(.tbss .tbss.* .gnu.linkonce.tb.*)
 *(.tcommon)

.preinit_array  0x00000000800060f4        0x0
                0x00000000800060f4                PROVIDE (__preinit_array_start = .)
 *(.preinit_array)
                0x00000000800060f4                PROVIDE (__preinit_array_end = .)

.init_array     0x00000000800060f8       0x18
                0x00000000800060f8                PROVIDE (__init_array_start = .)
 *(SORT_BY_INIT_PRIORITY(.init_array.*) SORT_BY_INIT_PRIORITY(.ctors.*))
 .init_array.00000
                0x00000000800060f8        0x8 /opt/bluespec/riscvtoolchain-medany-1.202210.0.1/toolchains/baremetal-medany/lib/gcc/riscv64-unknown-elf/12.2.0/../../../../riscv64-unknown-elf/lib/rv64imafd/lp64d/libc.a(lib_a-__call_atexit.o)
 *(.init_array EXCLUDE_FILE(*crtend?.o *crtend.o *crtbegin?.o *crtbegin.o) .ctors)
 .init_array    0x0000000080006100        0x8 /opt/bluespec/riscvtoolchain-medany-1.202210.0.1/toolchains/baremetal-medany/lib/gcc/riscv64-unknown-elf/12.2.0/rv64imafd/lp64d/crtbegin.o
 .init_array    0x0000000080006108        0x8 /tmp/ccEjPCw1.o
                0x0000000080006110                PROVIDE (__init_array_end = .)

.fini_array     0x0000000080006110        0x8
                0x0000000080006110                PROVIDE (__fini_array_start = .)
 *(SORT_BY_INIT_PRIORITY(.fini_array.*) SORT_BY_INIT_PRIORITY(.dtors.*))
 *(.fini_array EXCLUDE_FILE(*crtend?.o *crtend.o *crtbegin?.o *crtbegin.o) .dtors)
 .fini_array    0x0000000080006110        0x8 /opt/bluespec/riscvtoolchain-medany-1.202210.0.1/toolchains/baremetal-medany/lib/gcc/riscv64-unknown-elf/12.2.0/rv64imafd/lp64d/crtbegin.o
                0x0000000080006118                PROVIDE (__fini_array_end = .)

.ctors
 *crtbegin.o(.ctors)
 *crtbegin?.o(.ctors)
 *(EXCLUDE_FILE(*crtend?.o *crtend.o) .ctors)
 *(SORT_BY_NAME(.ctors.*))
 *(.ctors)

.dtors
 *crtbegin.o(.dtors)
 *crtbegin?.o(.dtors)
 *(EXCLUDE_FILE(*crtend?.o *crtend.o) .dtors)
 *(SORT_BY_NAME(.dtors.*))
 *(.dtors)

.jcr
 *(.jcr)

.data.rel.ro
 *(.data.rel.ro.local* .gnu.linkonce.d.rel.ro.local.*)
 *(.data.rel.ro .data.rel.ro.* .gnu.linkonce.d.rel.ro.*)

.dynamic
 *(.dynamic)
                0x0000000080006118                . = DATA_SEGMENT_RELRO_END (., 0x0)

.data           0x0000000080006118      0xf58
                0x0000000080006118                __DATA_BEGIN__ = .
 *(.data .data.* .gnu.linkonce.d.*)
 .data          0x0000000080006118        0x0 /opt/bluespec/riscvtoolchain-medany-1.202210.0.1/toolchains/baremetal-medany/lib/gcc/riscv64-unknown-elf/12.2.0/../../../../riscv64-unknown-elf/lib/rv64imafd/lp64d/crt0.o
 .data          0x0000000080006118        0x0 /opt/bluespec/riscvtoolchain-medany-1.202210.0.1/toolchains/baremetal-medany/lib/gcc/riscv64-unknown-elf/12.2.0/rv64imafd/lp64d/crtbegin.o
 .data          0x0000000080006118        0x0 startup.o
 .data          0x0000000080006118        0x0 /tmp/ccDnSX0x.o
 .data          0x0000000080006118        0x0 /tmp/cc7ljdt1.o
 .data          0x0000000080006118        0x0 /tmp/ccEjPCw1.o
 .data          0x0000000080006118        0x0 /tmp/ccxrPlE6.o
 .data          0x0000000080006118        0x0 /opt/bluespec/riscvtoolchain-medany-1.202210.0.1/toolchains/baremetal-medany/lib/gcc/riscv64-unknown-elf/12.2.0/../../../../riscv64-unknown-elf/lib/rv64imafd/lp64d/libc.a(lib_a-errno.o)
 .data          0x0000000080006118        0x0 /opt/bluespec/riscvtoolchain-medany-1.202210.0.1/toolchains/baremetal-medany/lib/gcc/riscv64-unknown-elf/12.2.0/../../../../riscv64-unknown-elf/lib/rv64imafd/lp64d/libc.a(lib_a-exit.o)
 .data          0x0000000080006118        0x0 /opt/bluespec/riscvtoolchain-medany-1.202210.0.1/toolchains/baremetal-medany/lib/gcc/riscv64-unknown-elf/12.2.0/../../../../riscv64-unknown-elf/lib/rv64imafd/lp64d/libc.a(lib_a-fputc.o)
 .data          0x0000000080006118        0x0 /opt/bluespec/riscvtoolchain-medany-1.202210.0.1/toolchains/baremetal-medany/lib/gcc/riscv64-unknown-elf/12.2.0/../../../../riscv64-unknown-elf/lib/rv64imafd/lp64d/libc.a(lib_a-impure.o)
 .data.impure_data
                0x0000000080006118      0x748 /opt/bluespec/riscvtoolchain-medany-1.202210.0.1/toolchains/baremetal-medany/lib/gcc/riscv64-unknown-elf/12.2.0/../../../../riscv64-unknown-elf/lib/rv64imafd/lp64d/libc.a(lib_a-impure.o)
 .data          0x0000000080006860        0x0 /opt/bluespec/riscvtoolchain-medany-1.202210.0.1/toolchains/baremetal-medany/lib/gcc/riscv64-unknown-elf/12.2.0/../../../../riscv64-unknown-elf/lib/rv64imafd/lp64d/libc.a(lib_a-init.o)
 .data          0x0000000080006860        0x0 /opt/bluespec/riscvtoolchain-medany-1.202210.0.1/toolchains/baremetal-medany/lib/gcc/riscv64-unknown-elf/12.2.0/../../../../riscv64-unknown-elf/lib/rv64imafd/lp64d/libc.a(lib_a-memset.o)
 .data          0x0000000080006860        0x0 /opt/bluespec/riscvtoolchain-medany-1.202210.0.1/toolchains/baremetal-medany/lib/gcc/riscv64-unknown-elf/12.2.0/../../../../riscv64-unknown-elf/lib/rv64imafd/lp64d/libc.a(lib_a-putc.o)
 .data          0x0000000080006860        0x0 /opt/bluespec/riscvtoolchain-medany-1.202210.0.1/toolchains/baremetal-medany/lib/gcc/riscv64-unknown-elf/12.2.0/../../../../riscv64-unknown-elf/lib/rv64imafd/lp64d/libc.a(lib_a-wbuf.o)
 .data          0x0000000080006860        0x0 /opt/bluespec/riscvtoolchain-medany-1.202210.0.1/toolchains/baremetal-medany/lib/gcc/riscv64-unknown-elf/12.2.0/../../../../riscv64-unknown-elf/lib/rv64imafd/lp64d/libc.a(lib_a-wsetup.o)
 .data          0x0000000080006860        0x0 /opt/bluespec/riscvtoolchain-medany-1.202210.0.1/toolchains/baremetal-medany/lib/gcc/riscv64-unknown-elf/12.2.0/../../../../riscv64-unknown-elf/lib/rv64imafd/lp64d/libc.a(lib_a-__call_atexit.o)
 .data          0x0000000080006860        0x0 /opt/bluespec/riscvtoolchain-medany-1.202210.0.1/toolchains/baremetal-medany/lib/gcc/riscv64-unknown-elf/12.2.0/../../../../riscv64-unknown-elf/lib/rv64imafd/lp64d/libc.a(lib_a-fflush.o)
 .data          0x0000000080006860        0x0 /opt/bluespec/riscvtoolchain-medany-1.202210.0.1/toolchains/baremetal-medany/lib/gcc/riscv64-unknown-elf/12.2.0/../../../../riscv64-unknown-elf/lib/rv64imafd/lp64d/libc.a(lib_a-findfp.o)
 .data          0x0000000080006860        0x0 /opt/bluespec/riscvtoolchain-medany-1.202210.0.1/toolchains/baremetal-medany/lib/gcc/riscv64-unknown-elf/12.2.0/../../../../riscv64-unknown-elf/lib/rv64imafd/lp64d/libc.a(lib_a-fini.o)
 .data          0x0000000080006860        0x0 /opt/bluespec/riscvtoolchain-medany-1.202210.0.1/toolchains/baremetal-medany/lib/gcc/riscv64-unknown-elf/12.2.0/../../../../riscv64-unknown-elf/lib/rv64imafd/lp64d/libc.a(lib_a-freer.o)
 .data          0x0000000080006860        0x0 /opt/bluespec/riscvtoolchain-medany-1.202210.0.1/toolchains/baremetal-medany/lib/gcc/riscv64-unknown-elf/12.2.0/../../../../riscv64-unknown-elf/lib/rv64imafd/lp64d/libc.a(lib_a-fwalk.o)
 .data          0x0000000080006860        0x0 /opt/bluespec/riscvtoolchain-medany-1.202210.0.1/toolchains/baremetal-medany/lib/gcc/riscv64-unknown-elf/12.2.0/../../../../riscv64-unknown-elf/lib/rv64imafd/lp64d/libc.a(lib_a-makebuf.o)
 .data          0x0000000080006860        0x0 /opt/bluespec/riscvtoolchain-medany-1.202210.0.1/toolchains/baremetal-medany/lib/gcc/riscv64-unknown-elf/12.2.0/../../../../riscv64-unknown-elf/lib/rv64imafd/lp64d/libc.a(lib_a-mallocr.o)
 .data.__malloc_av_
                0x0000000080006860      0x810 /opt/bluespec/riscvtoolchain-medany-1.202210.0.1/toolchains/baremetal-medany/lib/gcc/riscv64-unknown-elf/12.2.0/../../../../riscv64-unknown-elf/lib/rv64imafd/lp64d/libc.a(lib_a-mallocr.o)
                0x0000000080006860                __malloc_av_
 .data          0x0000000080007070        0x0 /opt/bluespec/riscvtoolchain-medany-1.202210.0.1/toolchains/baremetal-medany/lib/gcc/riscv64-unknown-elf/12.2.0/../../../../riscv64-unknown-elf/lib/rv64imafd/lp64d/libc.a(lib_a-mlock.o)
 .data          0x0000000080007070        0x0 /opt/bluespec/riscvtoolchain-medany-1.202210.0.1/toolchains/baremetal-medany/lib/gcc/riscv64-unknown-elf/12.2.0/../../../../riscv64-unknown-elf/lib/rv64imafd/lp64d/libc.a(lib_a-sbrkr.o)
 .data          0x0000000080007070        0x0 /opt/bluespec/riscvtoolchain-medany-1.202210.0.1/toolchains/baremetal-medany/lib/gcc/riscv64-unknown-elf/12.2.0/../../../../riscv64-unknown-elf/lib/rv64imafd/lp64d/libc.a(lib_a-stdio.o)
 .data          0x0000000080007070        0x0 /opt/bluespec/riscvtoolchain-medany-1.202210.0.1/toolchains/baremetal-medany/lib/gcc/riscv64-unknown-elf/12.2.0/../../../../riscv64-unknown-elf/lib/rv64imafd/lp64d/libc.a(lib_a-writer.o)
 .data          0x0000000080007070        0x0 /opt/bluespec/riscvtoolchain-medany-1.202210.0.1/toolchains/baremetal-medany/lib/gcc/riscv64-unknown-elf/12.2.0/../../../../riscv64-unknown-elf/lib/rv64imafd/lp64d/libc.a(lib_a-atexit.o)
 .data          0x0000000080007070        0x0 /opt/bluespec/riscvtoolchain-medany-1.202210.0.1/toolchains/baremetal-medany/lib/gcc/riscv64-unknown-elf/12.2.0/../../../../riscv64-unknown-elf/lib/rv64imafd/lp64d/libc.a(lib_a-closer.o)
 .data          0x0000000080007070        0x0 /opt/bluespec/riscvtoolchain-medany-1.202210.0.1/toolchains/baremetal-medany/lib/gcc/riscv64-unknown-elf/12.2.0/../../../../riscv64-unknown-elf/lib/rv64imafd/lp64d/libc.a(lib_a-fclose.o)
 .data          0x0000000080007070        0x0 /opt/bluespec/riscvtoolchain-medany-1.202210.0.1/toolchains/baremetal-medany/lib/gcc/riscv64-unknown-elf/12.2.0/../../../../riscv64-unknown-elf/lib/rv64imafd/lp64d/libc.a(lib_a-fstatr.o)
 .data          0x0000000080007070        0x0 /opt/bluespec/riscvtoolchain-medany-1.202210.0.1/toolchains/baremetal-medany/lib/gcc/riscv64-unknown-elf/12.2.0/../../../../riscv64-unknown-elf/lib/rv64imafd/lp64d/libc.a(lib_a-isattyr.o)
 .data          0x0000000080007070        0x0 /opt/bluespec/riscvtoolchain-medany-1.202210.0.1/toolchains/baremetal-medany/lib/gcc/riscv64-unknown-elf/12.2.0/../../../../riscv64-unknown-elf/lib/rv64imafd/lp64d/libc.a(lib_a-lseekr.o)
 .data          0x0000000080007070        0x0 /opt/bluespec/riscvtoolchain-medany-1.202210.0.1/toolchains/baremetal-medany/lib/gcc/riscv64-unknown-elf/12.2.0/../../../../riscv64-unknown-elf/lib/rv64imafd/lp64d/libc.a(lib_a-readr.o)
 .data          0x0000000080007070        0x0 /opt/bluespec/riscvtoolchain-medany-1.202210.0.1/toolchains/baremetal-medany/lib/gcc/riscv64-unknown-elf/12.2.0/../../../../riscv64-unknown-elf/lib/rv64imafd/lp64d/libc.a(lib_a-reent.o)
 .data          0x0000000080007070        0x0 /opt/bluespec/riscvtoolchain-medany-1.202210.0.1/toolchains/baremetal-medany/lib/gcc/riscv64-unknown-elf/12.2.0/../../../../riscv64-unknown-elf/lib/rv64imafd/lp64d/libc.a(lib_a-__atexit.o)
 .data          0x0000000080007070        0x0 /opt/bluespec/riscvtoolchain-medany-1.202210.0.1/toolchains/baremetal-medany/lib/gcc/riscv64-unknown-elf/12.2.0/../../../../riscv64-unknown-elf/lib/rv64imafd/lp64d/libnosys.a(_exit.o)
 .data          0x0000000080007070        0x0 /opt/bluespec/riscvtoolchain-medany-1.202210.0.1/toolchains/baremetal-medany/lib/gcc/riscv64-unknown-elf/12.2.0/rv64imafd/lp64d/crtend.o

.data1
 *(.data1)

.got
 *(.got.plt)
 *(.igot.plt)
 *(.got)
 *(.igot)

.sdata          0x0000000080007070       0x30
                0x0000000080007070                __SDATA_BEGIN__ = .
 *(.srodata.cst16)
 *(.srodata.cst8)
 *(.srodata.cst4)
 *(.srodata.cst2)
 *(.srodata .srodata.*)
 .srodata._global_impure_ptr
                0x0000000080007070        0x8 /opt/bluespec/riscvtoolchain-medany-1.202210.0.1/toolchains/baremetal-medany/lib/gcc/riscv64-unknown-elf/12.2.0/../../../../riscv64-unknown-elf/lib/rv64imafd/lp64d/libc.a(lib_a-impure.o)
                0x0000000080007070                _global_impure_ptr
 *(.sdata .sdata.* .gnu.linkonce.s.*)
 .sdata         0x0000000080007078        0x8 /opt/bluespec/riscvtoolchain-medany-1.202210.0.1/toolchains/baremetal-medany/lib/gcc/riscv64-unknown-elf/12.2.0/rv64imafd/lp64d/crtbegin.o
                0x0000000080007078                __dso_handle
 .sdata         0x0000000080007080        0x8 /tmp/ccEjPCw1.o
 .sdata._impure_ptr
                0x0000000080007088        0x8 /opt/bluespec/riscvtoolchain-medany-1.202210.0.1/toolchains/baremetal-medany/lib/gcc/riscv64-unknown-elf/12.2.0/../../../../riscv64-unknown-elf/lib/rv64imafd/lp64d/libc.a(lib_a-impure.o)
                0x0000000080007088                _impure_ptr
 .sdata.__malloc_sbrk_base
                0x0000000080007090        0x8 /opt/bluespec/riscvtoolchain-medany-1.202210.0.1/toolchains/baremetal-medany/lib/gcc/riscv64-unknown-elf/12.2.0/../../../../riscv64-unknown-elf/lib/rv64imafd/lp64d/libc.a(lib_a-mallocr.o)
                0x0000000080007090                __malloc_sbrk_base
 .sdata.__malloc_trim_threshold
                0x0000000080007098        0x8 /opt/bluespec/riscvtoolchain-medany-1.202210.0.1/toolchains/baremetal-medany/lib/gcc/riscv64-unknown-elf/12.2.0/../../../../riscv64-unknown-elf/lib/rv64imafd/lp64d/libc.a(lib_a-mallocr.o)
                0x0000000080007098                __malloc_trim_threshold
                0x00000000800070a0                _edata = .
                [!provide]                        PROVIDE (edata = .)
                0x00000000800070a0                . = .
                0x00000000800070a0                __bss_start = .

.sbss           0x00000000800070a0       0x1c
 *(.dynsbss)
 *(.sbss .sbss.* .gnu.linkonce.sb.*)
 .sbss.__malloc_max_total_mem
                0x00000000800070a0        0x8 /opt/bluespec/riscvtoolchain-medany-1.202210.0.1/toolchains/baremetal-medany/lib/gcc/riscv64-unknown-elf/12.2.0/../../../../riscv64-unknown-elf/lib/rv64imafd/lp64d/libc.a(lib_a-mallocr.o)
                0x00000000800070a0                __malloc_max_total_mem
 .sbss.__malloc_max_sbrked_mem
                0x00000000800070a8        0x8 /opt/bluespec/riscvtoolchain-medany-1.202210.0.1/toolchains/baremetal-medany/lib/gcc/riscv64-unknown-elf/12.2.0/../../../../riscv64-unknown-elf/lib/rv64imafd/lp64d/libc.a(lib_a-mallocr.o)
                0x00000000800070a8                __malloc_max_sbrked_mem
 .sbss.__malloc_top_pad
                0x00000000800070b0        0x8 /opt/bluespec/riscvtoolchain-medany-1.202210.0.1/toolchains/baremetal-medany/lib/gcc/riscv64-unknown-elf/12.2.0/../../../../riscv64-unknown-elf/lib/rv64imafd/lp64d/libc.a(lib_a-mallocr.o)
                0x00000000800070b0                __malloc_top_pad
 .sbss.errno    0x00000000800070b8        0x4 /opt/bluespec/riscvtoolchain-medany-1.202210.0.1/toolchains/baremetal-medany/lib/gcc/riscv64-unknown-elf/12.2.0/../../../../riscv64-unknown-elf/lib/rv64imafd/lp64d/libc.a(lib_a-reent.o)
                0x00000000800070b8                errno
 *(.scommon)

.bss            0x00000000800070c0       0x60
 *(.dynbss)
 *(.bss .bss.* .gnu.linkonce.b.*)
 .bss           0x00000000800070c0        0x0 /opt/bluespec/riscvtoolchain-medany-1.202210.0.1/toolchains/baremetal-medany/lib/gcc/riscv64-unknown-elf/12.2.0/../../../../riscv64-unknown-elf/lib/rv64imafd/lp64d/crt0.o
 .bss           0x00000000800070c0       0x38 /opt/bluespec/riscvtoolchain-medany-1.202210.0.1/toolchains/baremetal-medany/lib/gcc/riscv64-unknown-elf/12.2.0/rv64imafd/lp64d/crtbegin.o
 .bss           0x00000000800070f8        0x0 startup.o
 .bss           0x00000000800070f8        0x0 /tmp/ccDnSX0x.o
 .bss           0x00000000800070f8        0x0 /tmp/cc7ljdt1.o
 .bss           0x00000000800070f8        0x0 /tmp/ccEjPCw1.o
 .bss           0x00000000800070f8        0x0 /tmp/ccxrPlE6.o
 .bss           0x00000000800070f8        0x0 /opt/bluespec/riscvtoolchain-medany-1.202210.0.1/toolchains/baremetal-medany/lib/gcc/riscv64-unknown-elf/12.2.0/../../../../riscv64-unknown-elf/lib/rv64imafd/lp64d/libc.a(lib_a-errno.o)
 .bss           0x00000000800070f8        0x0 /opt/bluespec/riscvtoolchain-medany-1.202210.0.1/toolchains/baremetal-medany/lib/gcc/riscv64-unknown-elf/12.2.0/../../../../riscv64-unknown-elf/lib/rv64imafd/lp64d/libc.a(lib_a-exit.o)
 .bss           0x00000000800070f8        0x0 /opt/bluespec/riscvtoolchain-medany-1.202210.0.1/toolchains/baremetal-medany/lib/gcc/riscv64-unknown-elf/12.2.0/../../../../riscv64-unknown-elf/lib/rv64imafd/lp64d/libc.a(lib_a-fputc.o)
 .bss           0x00000000800070f8        0x0 /opt/bluespec/riscvtoolchain-medany-1.202210.0.1/toolchains/baremetal-medany/lib/gcc/riscv64-unknown-elf/12.2.0/../../../../riscv64-unknown-elf/lib/rv64imafd/lp64d/libc.a(lib_a-impure.o)
 .bss           0x00000000800070f8        0x0 /opt/bluespec/riscvtoolchain-medany-1.202210.0.1/toolchains/baremetal-medany/lib/gcc/riscv64-unknown-elf/12.2.0/../../../../riscv64-unknown-elf/lib/rv64imafd/lp64d/libc.a(lib_a-init.o)
 .bss           0x00000000800070f8        0x0 /opt/bluespec/riscvtoolchain-medany-1.202210.0.1/toolchains/baremetal-medany/lib/gcc/riscv64-unknown-elf/12.2.0/../../../../riscv64-unknown-elf/lib/rv64imafd/lp64d/libc.a(lib_a-memset.o)
 .bss           0x00000000800070f8        0x0 /opt/bluespec/riscvtoolchain-medany-1.202210.0.1/toolchains/baremetal-medany/lib/gcc/riscv64-unknown-elf/12.2.0/../../../../riscv64-unknown-elf/lib/rv64imafd/lp64d/libc.a(lib_a-putc.o)
 .bss           0x00000000800070f8        0x0 /opt/bluespec/riscvtoolchain-medany-1.202210.0.1/toolchains/baremetal-medany/lib/gcc/riscv64-unknown-elf/12.2.0/../../../../riscv64-unknown-elf/lib/rv64imafd/lp64d/libc.a(lib_a-wbuf.o)
 .bss           0x00000000800070f8        0x0 /opt/bluespec/riscvtoolchain-medany-1.202210.0.1/toolchains/baremetal-medany/lib/gcc/riscv64-unknown-elf/12.2.0/../../../../riscv64-unknown-elf/lib/rv64imafd/lp64d/libc.a(lib_a-wsetup.o)
 .bss           0x00000000800070f8        0x0 /opt/bluespec/riscvtoolchain-medany-1.202210.0.1/toolchains/baremetal-medany/lib/gcc/riscv64-unknown-elf/12.2.0/../../../../riscv64-unknown-elf/lib/rv64imafd/lp64d/libc.a(lib_a-__call_atexit.o)
 .bss           0x00000000800070f8        0x0 /opt/bluespec/riscvtoolchain-medany-1.202210.0.1/toolchains/baremetal-medany/lib/gcc/riscv64-unknown-elf/12.2.0/../../../../riscv64-unknown-elf/lib/rv64imafd/lp64d/libc.a(lib_a-fflush.o)
 .bss           0x00000000800070f8        0x0 /opt/bluespec/riscvtoolchain-medany-1.202210.0.1/toolchains/baremetal-medany/lib/gcc/riscv64-unknown-elf/12.2.0/../../../../riscv64-unknown-elf/lib/rv64imafd/lp64d/libc.a(lib_a-findfp.o)
 .bss           0x00000000800070f8        0x0 /opt/bluespec/riscvtoolchain-medany-1.202210.0.1/toolchains/baremetal-medany/lib/gcc/riscv64-unknown-elf/12.2.0/../../../../riscv64-unknown-elf/lib/rv64imafd/lp64d/libc.a(lib_a-fini.o)
 .bss           0x00000000800070f8        0x0 /opt/bluespec/riscvtoolchain-medany-1.202210.0.1/toolchains/baremetal-medany/lib/gcc/riscv64-unknown-elf/12.2.0/../../../../riscv64-unknown-elf/lib/rv64imafd/lp64d/libc.a(lib_a-freer.o)
 .bss           0x00000000800070f8        0x0 /opt/bluespec/riscvtoolchain-medany-1.202210.0.1/toolchains/baremetal-medany/lib/gcc/riscv64-unknown-elf/12.2.0/../../../../riscv64-unknown-elf/lib/rv64imafd/lp64d/libc.a(lib_a-fwalk.o)
 .bss           0x00000000800070f8        0x0 /opt/bluespec/riscvtoolchain-medany-1.202210.0.1/toolchains/baremetal-medany/lib/gcc/riscv64-unknown-elf/12.2.0/../../../../riscv64-unknown-elf/lib/rv64imafd/lp64d/libc.a(lib_a-makebuf.o)
 .bss           0x00000000800070f8        0x0 /opt/bluespec/riscvtoolchain-medany-1.202210.0.1/toolchains/baremetal-medany/lib/gcc/riscv64-unknown-elf/12.2.0/../../../../riscv64-unknown-elf/lib/rv64imafd/lp64d/libc.a(lib_a-mallocr.o)
 .bss.__malloc_current_mallinfo
                0x00000000800070f8       0x28 /opt/bluespec/riscvtoolchain-medany-1.202210.0.1/toolchains/baremetal-medany/lib/gcc/riscv64-unknown-elf/12.2.0/../../../../riscv64-unknown-elf/lib/rv64imafd/lp64d/libc.a(lib_a-mallocr.o)
                0x00000000800070f8                __malloc_current_mallinfo
 .bss           0x0000000080007120        0x0 /opt/bluespec/riscvtoolchain-medany-1.202210.0.1/toolchains/baremetal-medany/lib/gcc/riscv64-unknown-elf/12.2.0/../../../../riscv64-unknown-elf/lib/rv64imafd/lp64d/libc.a(lib_a-mlock.o)
 .bss           0x0000000080007120        0x0 /opt/bluespec/riscvtoolchain-medany-1.202210.0.1/toolchains/baremetal-medany/lib/gcc/riscv64-unknown-elf/12.2.0/../../../../riscv64-unknown-elf/lib/rv64imafd/lp64d/libc.a(lib_a-sbrkr.o)
 .bss           0x0000000080007120        0x0 /opt/bluespec/riscvtoolchain-medany-1.202210.0.1/toolchains/baremetal-medany/lib/gcc/riscv64-unknown-elf/12.2.0/../../../../riscv64-unknown-elf/lib/rv64imafd/lp64d/libc.a(lib_a-stdio.o)
 .bss           0x0000000080007120        0x0 /opt/bluespec/riscvtoolchain-medany-1.202210.0.1/toolchains/baremetal-medany/lib/gcc/riscv64-unknown-elf/12.2.0/../../../../riscv64-unknown-elf/lib/rv64imafd/lp64d/libc.a(lib_a-writer.o)
 .bss           0x0000000080007120        0x0 /opt/bluespec/riscvtoolchain-medany-1.202210.0.1/toolchains/baremetal-medany/lib/gcc/riscv64-unknown-elf/12.2.0/../../../../riscv64-unknown-elf/lib/rv64imafd/lp64d/libc.a(lib_a-atexit.o)
 .bss           0x0000000080007120        0x0 /opt/bluespec/riscvtoolchain-medany-1.202210.0.1/toolchains/baremetal-medany/lib/gcc/riscv64-unknown-elf/12.2.0/../../../../riscv64-unknown-elf/lib/rv64imafd/lp64d/libc.a(lib_a-closer.o)
 .bss           0x0000000080007120        0x0 /opt/bluespec/riscvtoolchain-medany-1.202210.0.1/toolchains/baremetal-medany/lib/gcc/riscv64-unknown-elf/12.2.0/../../../../riscv64-unknown-elf/lib/rv64imafd/lp64d/libc.a(lib_a-fclose.o)
 .bss           0x0000000080007120        0x0 /opt/bluespec/riscvtoolchain-medany-1.202210.0.1/toolchains/baremetal-medany/lib/gcc/riscv64-unknown-elf/12.2.0/../../../../riscv64-unknown-elf/lib/rv64imafd/lp64d/libc.a(lib_a-fstatr.o)
 .bss           0x0000000080007120        0x0 /opt/bluespec/riscvtoolchain-medany-1.202210.0.1/toolchains/baremetal-medany/lib/gcc/riscv64-unknown-elf/12.2.0/../../../../riscv64-unknown-elf/lib/rv64imafd/lp64d/libc.a(lib_a-isattyr.o)
 .bss           0x0000000080007120        0x0 /opt/bluespec/riscvtoolchain-medany-1.202210.0.1/toolchains/baremetal-medany/lib/gcc/riscv64-unknown-elf/12.2.0/../../../../riscv64-unknown-elf/lib/rv64imafd/lp64d/libc.a(lib_a-lseekr.o)
 .bss           0x0000000080007120        0x0 /opt/bluespec/riscvtoolchain-medany-1.202210.0.1/toolchains/baremetal-medany/lib/gcc/riscv64-unknown-elf/12.2.0/../../../../riscv64-unknown-elf/lib/rv64imafd/lp64d/libc.a(lib_a-readr.o)
 .bss           0x0000000080007120        0x0 /opt/bluespec/riscvtoolchain-medany-1.202210.0.1/toolchains/baremetal-medany/lib/gcc/riscv64-unknown-elf/12.2.0/../../../../riscv64-unknown-elf/lib/rv64imafd/lp64d/libc.a(lib_a-reent.o)
 .bss           0x0000000080007120        0x0 /opt/bluespec/riscvtoolchain-medany-1.202210.0.1/toolchains/baremetal-medany/lib/gcc/riscv64-unknown-elf/12.2.0/../../../../riscv64-unknown-elf/lib/rv64imafd/lp64d/libc.a(lib_a-__atexit.o)
 .bss           0x0000000080007120        0x0 /opt/bluespec/riscvtoolchain-medany-1.202210.0.1/toolchains/baremetal-medany/lib/gcc/riscv64-unknown-elf/12.2.0/../../../../riscv64-unknown-elf/lib/rv64imafd/lp64d/libnosys.a(_exit.o)
 .bss           0x0000000080007120        0x0 /opt/bluespec/riscvtoolchain-medany-1.202210.0.1/toolchains/baremetal-medany/lib/gcc/riscv64-unknown-elf/12.2.0/rv64imafd/lp64d/crtend.o
 *(COMMON)
                0x0000000080007120                . = ALIGN ((. != 0x0)?0x8:0x1)
LOAD /opt/bluespec/riscvtoolchain-medany-1.202210.0.1/toolchains/baremetal-medany/lib/gcc/riscv64-unknown-elf/12.2.0/../../../../riscv64-unknown-elf/lib/rv64imafd/lp64d/crt0.o
LOAD /opt/bluespec/riscvtoolchain-medany-1.202210.0.1/toolchains/baremetal-medany/lib/gcc/riscv64-unknown-elf/12.2.0/rv64imafd/lp64d/crtbegin.o
                0x0000000080007120                __startup_save = .
                0x0000000080000000                . = 0x80000000

.text.init      0x0000000080000000       0x5c
 startup.o(.text.init)
 .text.init     0x0000000080000000       0x5c startup.o
                0x0000000080000000                _reset
                0x0000000080001000                . = ALIGN (0x1000)

.tohost         0x0000000080001000        0x8
 *(.tohost)
 .tohost        0x0000000080001000        0x8 startup.o
                0x0000000080001000                tohost
                0x0000000080002000                . = ALIGN (0x1000)
                0x0000000080007120                . = __startup_save
                0x0000000080007120                . = ALIGN (0x8)
                0x0000000080007120                . = SEGMENT_START ("ldata-segment", .)
                0x0000000080007120                . = ALIGN (0x8)
                0x0000000080007120                __BSS_END__ = .
                0x0000000080006920                __global_pointer$ = MIN ((__SDATA_BEGIN__ + 0x800), MAX ((__DATA_BEGIN__ + 0x800), (__BSS_END__ - 0x800)))
                0x0000000080007120                _end = .
                [!provide]                        PROVIDE (end = .)
                0x0000000080007120                . = DATA_SEGMENT_END (.)

.stab
 *(.stab)

.stabstr
 *(.stabstr)

.stab.excl
 *(.stab.excl)

.stab.exclstr
 *(.stab.exclstr)

.stab.index
 *(.stab.index)

.stab.indexstr
 *(.stab.indexstr)

.comment        0x0000000000000000       0x2d
 *(.comment)
 .comment       0x0000000000000000       0x1b /opt/bluespec/riscvtoolchain-medany-1.202210.0.1/toolchains/baremetal-medany/lib/gcc/riscv64-unknown-elf/12.2.0/rv64imafd/lp64d/crtbegin.o
                                         0x1c (size before relaxing)
 .comment       0x000000000000001b       0x1c /tmp/ccDnSX0x.o
 .comment       0x000000000000001b       0x1c /tmp/cc7ljdt1.o
 .comment       0x000000000000001b       0x1c /tmp/ccEjPCw1.o
 .comment       0x000000000000001b       0x1c /tmp/ccxrPlE6.o
 .comment       0x000000000000001b       0x12 /opt/bluespec/riscvtoolchain-medany-1.202210.0.1/toolchains/baremetal-medany/lib/gcc/riscv64-unknown-elf/12.2.0/../../../../riscv64-unknown-elf/lib/rv64imafd/lp64d/libc.a(lib_a-errno.o)
                                         0x13 (size before relaxing)
 .comment       0x000000000000002d       0x13 /opt/bluespec/riscvtoolchain-medany-1.202210.0.1/toolchains/baremetal-medany/lib/gcc/riscv64-unknown-elf/12.2.0/../../../../riscv64-unknown-elf/lib/rv64imafd/lp64d/libc.a(lib_a-exit.o)
 .comment       0x000000000000002d       0x13 /opt/bluespec/riscvtoolchain-medany-1.202210.0.1/toolchains/baremetal-medany/lib/gcc/riscv64-unknown-elf/12.2.0/../../../../riscv64-unknown-elf/lib/rv64imafd/lp64d/libc.a(lib_a-fputc.o)
 .comment       0x000000000000002d       0x13 /opt/bluespec/riscvtoolchain-medany-1.202210.0.1/toolchains/baremetal-medany/lib/gcc/riscv64-unknown-elf/12.2.0/../../../../riscv64-unknown-elf/lib/rv64imafd/lp64d/libc.a(lib_a-impure.o)
 .comment       0x000000000000002d       0x13 /opt/bluespec/riscvtoolchain-medany-1.202210.0.1/toolchains/baremetal-medany/lib/gcc/riscv64-unknown-elf/12.2.0/../../../../riscv64-unknown-elf/lib/rv64imafd/lp64d/libc.a(lib_a-init.o)
 .comment       0x000000000000002d       0x13 /opt/bluespec/riscvtoolchain-medany-1.202210.0.1/toolchains/baremetal-medany/lib/gcc/riscv64-unknown-elf/12.2.0/../../../../riscv64-unknown-elf/lib/rv64imafd/lp64d/libc.a(lib_a-putc.o)
 .comment       0x000000000000002d       0x13 /opt/bluespec/riscvtoolchain-medany-1.202210.0.1/toolchains/baremetal-medany/lib/gcc/riscv64-unknown-elf/12.2.0/../../../../riscv64-unknown-elf/lib/rv64imafd/lp64d/libc.a(lib_a-wbuf.o)
 .comment       0x000000000000002d       0x13 /opt/bluespec/riscvtoolchain-medany-1.202210.0.1/toolchains/baremetal-medany/lib/gcc/riscv64-unknown-elf/12.2.0/../../../../riscv64-unknown-elf/lib/rv64imafd/lp64d/libc.a(lib_a-wsetup.o)
 .comment       0x000000000000002d       0x13 /opt/bluespec/riscvtoolchain-medany-1.202210.0.1/toolchains/baremetal-medany/lib/gcc/riscv64-unknown-elf/12.2.0/../../../../riscv64-unknown-elf/lib/rv64imafd/lp64d/libc.a(lib_a-__call_atexit.o)
 .comment       0x000000000000002d       0x13 /opt/bluespec/riscvtoolchain-medany-1.202210.0.1/toolchains/baremetal-medany/lib/gcc/riscv64-unknown-elf/12.2.0/../../../../riscv64-unknown-elf/lib/rv64imafd/lp64d/libc.a(lib_a-fflush.o)
 .comment       0x000000000000002d       0x13 /opt/bluespec/riscvtoolchain-medany-1.202210.0.1/toolchains/baremetal-medany/lib/gcc/riscv64-unknown-elf/12.2.0/../../../../riscv64-unknown-elf/lib/rv64imafd/lp64d/libc.a(lib_a-findfp.o)
 .comment       0x000000000000002d       0x13 /opt/bluespec/riscvtoolchain-medany-1.202210.0.1/toolchains/baremetal-medany/lib/gcc/riscv64-unknown-elf/12.2.0/../../../../riscv64-unknown-elf/lib/rv64imafd/lp64d/libc.a(lib_a-fini.o)
 .comment       0x000000000000002d       0x13 /opt/bluespec/riscvtoolchain-medany-1.202210.0.1/toolchains/baremetal-medany/lib/gcc/riscv64-unknown-elf/12.2.0/../../../../riscv64-unknown-elf/lib/rv64imafd/lp64d/libc.a(lib_a-freer.o)
 .comment       0x000000000000002d       0x13 /opt/bluespec/riscvtoolchain-medany-1.202210.0.1/toolchains/baremetal-medany/lib/gcc/riscv64-unknown-elf/12.2.0/../../../../riscv64-unknown-elf/lib/rv64imafd/lp64d/libc.a(lib_a-fwalk.o)
 .comment       0x000000000000002d       0x13 /opt/bluespec/riscvtoolchain-medany-1.202210.0.1/toolchains/baremetal-medany/lib/gcc/riscv64-unknown-elf/12.2.0/../../../../riscv64-unknown-elf/lib/rv64imafd/lp64d/libc.a(lib_a-makebuf.o)
 .comment       0x000000000000002d       0x13 /opt/bluespec/riscvtoolchain-medany-1.202210.0.1/toolchains/baremetal-medany/lib/gcc/riscv64-unknown-elf/12.2.0/../../../../riscv64-unknown-elf/lib/rv64imafd/lp64d/libc.a(lib_a-mallocr.o)
 .comment       0x000000000000002d       0x13 /opt/bluespec/riscvtoolchain-medany-1.202210.0.1/toolchains/baremetal-medany/lib/gcc/riscv64-unknown-elf/12.2.0/../../../../riscv64-unknown-elf/lib/rv64imafd/lp64d/libc.a(lib_a-mlock.o)
 .comment       0x000000000000002d       0x13 /opt/bluespec/riscvtoolchain-medany-1.202210.0.1/toolchains/baremetal-medany/lib/gcc/riscv64-unknown-elf/12.2.0/../../../../riscv64-unknown-elf/lib/rv64imafd/lp64d/libc.a(lib_a-sbrkr.o)
 .comment       0x000000000000002d       0x13 /opt/bluespec/riscvtoolchain-medany-1.202210.0.1/toolchains/baremetal-medany/lib/gcc/riscv64-unknown-elf/12.2.0/../../../../riscv64-unknown-elf/lib/rv64imafd/lp64d/libc.a(lib_a-stdio.o)
 .comment       0x000000000000002d       0x13 /opt/bluespec/riscvtoolchain-medany-1.202210.0.1/toolchains/baremetal-medany/lib/gcc/riscv64-unknown-elf/12.2.0/../../../../riscv64-unknown-elf/lib/rv64imafd/lp64d/libc.a(lib_a-writer.o)
 .comment       0x000000000000002d       0x13 /opt/bluespec/riscvtoolchain-medany-1.202210.0.1/toolchains/baremetal-medany/lib/gcc/riscv64-unknown-elf/12.2.0/../../../../riscv64-unknown-elf/lib/rv64imafd/lp64d/libc.a(lib_a-atexit.o)
 .comment       0x000000000000002d       0x13 /opt/bluespec/riscvtoolchain-medany-1.202210.0.1/toolchains/baremetal-medany/lib/gcc/riscv64-unknown-elf/12.2.0/../../../../riscv64-unknown-elf/lib/rv64imafd/lp64d/libc.a(lib_a-closer.o)
 .comment       0x000000000000002d       0x13 /opt/bluespec/riscvtoolchain-medany-1.202210.0.1/toolchains/baremetal-medany/lib/gcc/riscv64-unknown-elf/12.2.0/../../../../riscv64-unknown-elf/lib/rv64imafd/lp64d/libc.a(lib_a-fclose.o)
 .comment       0x000000000000002d       0x13 /opt/bluespec/riscvtoolchain-medany-1.202210.0.1/toolchains/baremetal-medany/lib/gcc/riscv64-unknown-elf/12.2.0/../../../../riscv64-unknown-elf/lib/rv64imafd/lp64d/libc.a(lib_a-fstatr.o)
 .comment       0x000000000000002d       0x13 /opt/bluespec/riscvtoolchain-medany-1.202210.0.1/toolchains/baremetal-medany/lib/gcc/riscv64-unknown-elf/12.2.0/../../../../riscv64-unknown-elf/lib/rv64imafd/lp64d/libc.a(lib_a-isattyr.o)
 .comment       0x000000000000002d       0x13 /opt/bluespec/riscvtoolchain-medany-1.202210.0.1/toolchains/baremetal-medany/lib/gcc/riscv64-unknown-elf/12.2.0/../../../../riscv64-unknown-elf/lib/rv64imafd/lp64d/libc.a(lib_a-lseekr.o)
 .comment       0x000000000000002d       0x13 /opt/bluespec/riscvtoolchain-medany-1.202210.0.1/toolchains/baremetal-medany/lib/gcc/riscv64-unknown-elf/12.2.0/../../../../riscv64-unknown-elf/lib/rv64imafd/lp64d/libc.a(lib_a-readr.o)
 .comment       0x000000000000002d       0x13 /opt/bluespec/riscvtoolchain-medany-1.202210.0.1/toolchains/baremetal-medany/lib/gcc/riscv64-unknown-elf/12.2.0/../../../../riscv64-unknown-elf/lib/rv64imafd/lp64d/libc.a(lib_a-reent.o)
 .comment       0x000000000000002d       0x13 /opt/bluespec/riscvtoolchain-medany-1.202210.0.1/toolchains/baremetal-medany/lib/gcc/riscv64-unknown-elf/12.2.0/../../../../riscv64-unknown-elf/lib/rv64imafd/lp64d/libc.a(lib_a-__atexit.o)
 .comment       0x000000000000002d       0x13 /opt/bluespec/riscvtoolchain-medany-1.202210.0.1/toolchains/baremetal-medany/lib/gcc/riscv64-unknown-elf/12.2.0/../../../../riscv64-unknown-elf/lib/rv64imafd/lp64d/libnosys.a(_exit.o)
 .comment       0x000000000000002d       0x1c /opt/bluespec/riscvtoolchain-medany-1.202210.0.1/toolchains/baremetal-medany/lib/gcc/riscv64-unknown-elf/12.2.0/rv64imafd/lp64d/crtend.o

.riscv.attributes
                0x0000000000000000       0x34
 .riscv.attributes
                0x0000000000000000       0x2e /opt/bluespec/riscvtoolchain-medany-1.202210.0.1/toolchains/baremetal-medany/lib/gcc/riscv64-unknown-elf/12.2.0/../../../../riscv64-unknown-elf/lib/rv64imafd/lp64d/crt0.o
 .riscv.attributes
                0x000000000000002e       0x30 /opt/bluespec/riscvtoolchain-medany-1.202210.0.1/toolchains/baremetal-medany/lib/gcc/riscv64-unknown-elf/12.2.0/rv64imafd/lp64d/crtbegin.o
 .riscv.attributes
                0x000000000000005e       0x32 startup.o
 .riscv.attributes
                0x0000000000000090       0x30 /tmp/ccDnSX0x.o
 .riscv.attributes
                0x00000000000000c0       0x30 /tmp/cc7ljdt1.o
 .riscv.attributes
                0x00000000000000f0       0x30 /tmp/ccEjPCw1.o
 .riscv.attributes
                0x0000000000000120       0x30 /tmp/ccxrPlE6.o
 .riscv.attributes
                0x0000000000000150       0x30 /opt/bluespec/riscvtoolchain-medany-1.202210.0.1/toolchains/baremetal-medany/lib/gcc/riscv64-unknown-elf/12.2.0/../../../../riscv64-unknown-elf/lib/rv64imafd/lp64d/libc.a(lib_a-errno.o)
 .riscv.attributes
                0x0000000000000180       0x30 /opt/bluespec/riscvtoolchain-medany-1.202210.0.1/toolchains/baremetal-medany/lib/gcc/riscv64-unknown-elf/12.2.0/../../../../riscv64-unknown-elf/lib/rv64imafd/lp64d/libc.a(lib_a-exit.o)
 .riscv.attributes
                0x00000000000001b0       0x30 /opt/bluespec/riscvtoolchain-medany-1.202210.0.1/toolchains/baremetal-medany/lib/gcc/riscv64-unknown-elf/12.2.0/../../../../riscv64-unknown-elf/lib/rv64imafd/lp64d/libc.a(lib_a-fputc.o)
 .riscv.attributes
                0x00000000000001e0       0x30 /opt/bluespec/riscvtoolchain-medany-1.202210.0.1/toolchains/baremetal-medany/lib/gcc/riscv64-unknown-elf/12.2.0/../../../../riscv64-unknown-elf/lib/rv64imafd/lp64d/libc.a(lib_a-impure.o)
 .riscv.attributes
                0x0000000000000210       0x30 /opt/bluespec/riscvtoolchain-medany-1.202210.0.1/toolchains/baremetal-medany/lib/gcc/riscv64-unknown-elf/12.2.0/../../../../riscv64-unknown-elf/lib/rv64imafd/lp64d/libc.a(lib_a-init.o)
 .riscv.attributes
                0x0000000000000240       0x2e /opt/bluespec/riscvtoolchain-medany-1.202210.0.1/toolchains/baremetal-medany/lib/gcc/riscv64-unknown-elf/12.2.0/../../../../riscv64-unknown-elf/lib/rv64imafd/lp64d/libc.a(lib_a-memset.o)
 .riscv.attributes
                0x000000000000026e       0x30 /opt/bluespec/riscvtoolchain-medany-1.202210.0.1/toolchains/baremetal-medany/lib/gcc/riscv64-unknown-elf/12.2.0/../../../../riscv64-unknown-elf/lib/rv64imafd/lp64d/libc.a(lib_a-putc.o)
 .riscv.attributes
                0x000000000000029e       0x30 /opt/bluespec/riscvtoolchain-medany-1.202210.0.1/toolchains/baremetal-medany/lib/gcc/riscv64-unknown-elf/12.2.0/../../../../riscv64-unknown-elf/lib/rv64imafd/lp64d/libc.a(lib_a-wbuf.o)
 .riscv.attributes
                0x00000000000002ce       0x30 /opt/bluespec/riscvtoolchain-medany-1.202210.0.1/toolchains/baremetal-medany/lib/gcc/riscv64-unknown-elf/12.2.0/../../../../riscv64-unknown-elf/lib/rv64imafd/lp64d/libc.a(lib_a-wsetup.o)
 .riscv.attributes
                0x00000000000002fe       0x30 /opt/bluespec/riscvtoolchain-medany-1.202210.0.1/toolchains/baremetal-medany/lib/gcc/riscv64-unknown-elf/12.2.0/../../../../riscv64-unknown-elf/lib/rv64imafd/lp64d/libc.a(lib_a-__call_atexit.o)
 .riscv.attributes
                0x000000000000032e       0x30 /opt/bluespec/riscvtoolchain-medany-1.202210.0.1/toolchains/baremetal-medany/lib/gcc/riscv64-unknown-elf/12.2.0/../../../../riscv64-unknown-elf/lib/rv64imafd/lp64d/libc.a(lib_a-fflush.o)
 .riscv.attributes
                0x000000000000035e       0x30 /opt/bluespec/riscvtoolchain-medany-1.202210.0.1/toolchains/baremetal-medany/lib/gcc/riscv64-unknown-elf/12.2.0/../../../../riscv64-unknown-elf/lib/rv64imafd/lp64d/libc.a(lib_a-findfp.o)
 .riscv.attributes
                0x000000000000038e       0x30 /opt/bluespec/riscvtoolchain-medany-1.202210.0.1/toolchains/baremetal-medany/lib/gcc/riscv64-unknown-elf/12.2.0/../../../../riscv64-unknown-elf/lib/rv64imafd/lp64d/libc.a(lib_a-fini.o)
 .riscv.attributes
                0x00000000000003be       0x30 /opt/bluespec/riscvtoolchain-medany-1.202210.0.1/toolchains/baremetal-medany/lib/gcc/riscv64-unknown-elf/12.2.0/../../../../riscv64-unknown-elf/lib/rv64imafd/lp64d/libc.a(lib_a-freer.o)
 .riscv.attributes
                0x00000000000003ee       0x30 /opt/bluespec/riscvtoolchain-medany-1.202210.0.1/toolchains/baremetal-medany/lib/gcc/riscv64-unknown-elf/12.2.0/../../../../riscv64-unknown-elf/lib/rv64imafd/lp64d/libc.a(lib_a-fwalk.o)
 .riscv.attributes
                0x000000000000041e       0x30 /opt/bluespec/riscvtoolchain-medany-1.202210.0.1/toolchains/baremetal-medany/lib/gcc/riscv64-unknown-elf/12.2.0/../../../../riscv64-unknown-elf/lib/rv64imafd/lp64d/libc.a(lib_a-makebuf.o)
 .riscv.attributes
                0x000000000000044e       0x30 /opt/bluespec/riscvtoolchain-medany-1.202210.0.1/toolchains/baremetal-medany/lib/gcc/riscv64-unknown-elf/12.2.0/../../../../riscv64-unknown-elf/lib/rv64imafd/lp64d/libc.a(lib_a-mallocr.o)
 .riscv.attributes
                0x000000000000047e       0x30 /opt/bluespec/riscvtoolchain-medany-1.202210.0.1/toolchains/baremetal-medany/lib/gcc/riscv64-unknown-elf/12.2.0/../../../../riscv64-unknown-elf/lib/rv64imafd/lp64d/libc.a(lib_a-mlock.o)
 .riscv.attributes
                0x00000000000004ae       0x30 /opt/bluespec/riscvtoolchain-medany-1.202210.0.1/toolchains/baremetal-medany/lib/gcc/riscv64-unknown-elf/12.2.0/../../../../riscv64-unknown-elf/lib/rv64imafd/lp64d/libc.a(lib_a-sbrkr.o)
 .riscv.attributes
                0x00000000000004de       0x30 /opt/bluespec/riscvtoolchain-medany-1.202210.0.1/toolchains/baremetal-medany/lib/gcc/riscv64-unknown-elf/12.2.0/../../../../riscv64-unknown-elf/lib/rv64imafd/lp64d/libc.a(lib_a-stdio.o)
 .riscv.attributes
                0x000000000000050e       0x30 /opt/bluespec/riscvtoolchain-medany-1.202210.0.1/toolchains/baremetal-medany/lib/gcc/riscv64-unknown-elf/12.2.0/../../../../riscv64-unknown-elf/lib/rv64imafd/lp64d/libc.a(lib_a-writer.o)
 .riscv.attributes
                0x000000000000053e       0x30 /opt/bluespec/riscvtoolchain-medany-1.202210.0.1/toolchains/baremetal-medany/lib/gcc/riscv64-unknown-elf/12.2.0/../../../../riscv64-unknown-elf/lib/rv64imafd/lp64d/libc.a(lib_a-atexit.o)
 .riscv.attributes
                0x000000000000056e       0x30 /opt/bluespec/riscvtoolchain-medany-1.202210.0.1/toolchains/baremetal-medany/lib/gcc/riscv64-unknown-elf/12.2.0/../../../../riscv64-unknown-elf/lib/rv64imafd/lp64d/libc.a(lib_a-closer.o)
 .riscv.attributes
                0x000000000000059e       0x30 /opt/bluespec/riscvtoolchain-medany-1.202210.0.1/toolchains/baremetal-medany/lib/gcc/riscv64-unknown-elf/12.2.0/../../../../riscv64-unknown-elf/lib/rv64imafd/lp64d/libc.a(lib_a-fclose.o)
 .riscv.attributes
                0x00000000000005ce       0x30 /opt/bluespec/riscvtoolchain-medany-1.202210.0.1/toolchains/baremetal-medany/lib/gcc/riscv64-unknown-elf/12.2.0/../../../../riscv64-unknown-elf/lib/rv64imafd/lp64d/libc.a(lib_a-fstatr.o)
 .riscv.attributes
                0x00000000000005fe       0x30 /opt/bluespec/riscvtoolchain-medany-1.202210.0.1/toolchains/baremetal-medany/lib/gcc/riscv64-unknown-elf/12.2.0/../../../../riscv64-unknown-elf/lib/rv64imafd/lp64d/libc.a(lib_a-isattyr.o)
 .riscv.attributes
                0x000000000000062e       0x30 /opt/bluespec/riscvtoolchain-medany-1.202210.0.1/toolchains/baremetal-medany/lib/gcc/riscv64-unknown-elf/12.2.0/../../../../riscv64-unknown-elf/lib/rv64imafd/lp64d/libc.a(lib_a-lseekr.o)
 .riscv.attributes
                0x000000000000065e       0x30 /opt/bluespec/riscvtoolchain-medany-1.202210.0.1/toolchains/baremetal-medany/lib/gcc/riscv64-unknown-elf/12.2.0/../../../../riscv64-unknown-elf/lib/rv64imafd/lp64d/libc.a(lib_a-readr.o)
 .riscv.attributes
                0x000000000000068e       0x30 /opt/bluespec/riscvtoolchain-medany-1.202210.0.1/toolchains/baremetal-medany/lib/gcc/riscv64-unknown-elf/12.2.0/../../../../riscv64-unknown-elf/lib/rv64imafd/lp64d/libc.a(lib_a-reent.o)
 .riscv.attributes
                0x00000000000006be       0x30 /opt/bluespec/riscvtoolchain-medany-1.202210.0.1/toolchains/baremetal-medany/lib/gcc/riscv64-unknown-elf/12.2.0/../../../../riscv64-unknown-elf/lib/rv64imafd/lp64d/libc.a(lib_a-__atexit.o)
 .riscv.attributes
                0x00000000000006ee       0x30 /opt/bluespec/riscvtoolchain-medany-1.202210.0.1/toolchains/baremetal-medany/lib/gcc/riscv64-unknown-elf/12.2.0/../../../../riscv64-unknown-elf/lib/rv64imafd/lp64d/libnosys.a(_exit.o)
 .riscv.attributes
                0x000000000000071e       0x30 /opt/bluespec/riscvtoolchain-medany-1.202210.0.1/toolchains/baremetal-medany/lib/gcc/riscv64-unknown-elf/12.2.0/rv64imafd/lp64d/crtend.o

.gnu.build.attributes
 *(.gnu.build.attributes .gnu.build.attributes.*)

.debug
 *(.debug)

.line
 *(.line)

.debug_srcinfo
 *(.debug_srcinfo)

.debug_sfnames
 *(.debug_sfnames)

.debug_aranges  0x0000000000000000       0xf0
 *(.debug_aranges)
 .debug_aranges
                0x0000000000000000       0x30 startup.o
 .debug_aranges
                0x0000000000000030       0x30 /tmp/ccDnSX0x.o
 .debug_aranges
                0x0000000000000060       0x30 /tmp/cc7ljdt1.o
 .debug_aranges
                0x0000000000000090       0x30 /tmp/ccEjPCw1.o
 .debug_aranges
                0x00000000000000c0       0x30 /tmp/ccxrPlE6.o

.debug_pubnames
 *(.debug_pubnames)

.debug_info     0x0000000000000000     0x163f
 *(.debug_info .gnu.linkonce.wi.*)
 .debug_info    0x0000000000000000       0x28 startup.o
 .debug_info    0x0000000000000028      0x932 /tmp/ccDnSX0x.o
 .debug_info    0x000000000000095a      0x67a /tmp/cc7ljdt1.o
 .debug_info    0x0000000000000fd4      0x3d5 /tmp/ccEjPCw1.o
 .debug_info    0x00000000000013a9      0x296 /tmp/ccxrPlE6.o

.debug_abbrev   0x0000000000000000      0x640
 *(.debug_abbrev)
 .debug_abbrev  0x0000000000000000       0x14 startup.o
 .debug_abbrev  0x0000000000000014      0x22c /tmp/ccDnSX0x.o
 .debug_abbrev  0x0000000000000240      0x177 /tmp/cc7ljdt1.o
 .debug_abbrev  0x00000000000003b7      0x166 /tmp/ccEjPCw1.o
 .debug_abbrev  0x000000000000051d      0x123 /tmp/ccxrPlE6.o

.debug_line     0x0000000000000000      0x832
 *(.debug_line .debug_line.* .debug_line_end)
 .debug_line    0x0000000000000000       0xa6 startup.o
 .debug_line    0x00000000000000a6       0xbc /tmp/ccDnSX0x.o
 .debug_line    0x0000000000000162      0x373 /tmp/cc7ljdt1.o
 .debug_line    0x00000000000004d5      0x1fb /tmp/ccEjPCw1.o
 .debug_line    0x00000000000006d0      0x162 /tmp/ccxrPlE6.o

.debug_frame    0x0000000000000000      0x580
 *(.debug_frame)
 .debug_frame   0x0000000000000000       0x40 /tmp/ccDnSX0x.o
 .debug_frame   0x0000000000000040      0x280 /tmp/cc7ljdt1.o
 .debug_frame   0x00000000000002c0      0x100 /tmp/ccEjPCw1.o
 .debug_frame   0x00000000000003c0      0x1c0 /tmp/ccxrPlE6.o

.debug_str      0x0000000000000000      0x906
 *(.debug_str)
 .debug_str     0x0000000000000000       0x5d startup.o
 .debug_str     0x000000000000005d      0x48e /tmp/ccDnSX0x.o
                                        0x4ef (size before relaxing)
 .debug_str     0x00000000000004eb      0x19f /tmp/cc7ljdt1.o
                                        0x330 (size before relaxing)
 .debug_str     0x000000000000068a      0x204 /tmp/ccEjPCw1.o
                                        0x309 (size before relaxing)
 .debug_str     0x000000000000088e       0x78 /tmp/ccxrPlE6.o
                                        0x18d (size before relaxing)

.debug_loc
 *(.debug_loc)

.debug_macinfo
 *(.debug_macinfo)

.debug_weaknames
 *(.debug_weaknames)

.debug_funcnames
 *(.debug_funcnames)

.debug_typenames
 *(.debug_typenames)

.debug_varnames
 *(.debug_varnames)

.debug_pubtypes
 *(.debug_pubtypes)

.debug_ranges
 *(.debug_ranges)

.debug_addr
 *(.debug_addr)

.debug_line_str
                0x0000000000000000      0x2c3
 *(.debug_line_str)
 .debug_line_str
                0x0000000000000000       0x51 startup.o
 .debug_line_str
                0x0000000000000051      0x17e /tmp/ccDnSX0x.o
                                        0x21a (size before relaxing)
 .debug_line_str
                0x00000000000001cf       0xc1 /tmp/cc7ljdt1.o
                                        0x1e6 (size before relaxing)
 .debug_line_str
                0x0000000000000290       0x1b /tmp/ccEjPCw1.o
                                        0x1af (size before relaxing)
 .debug_line_str
                0x00000000000002ab       0x18 /tmp/ccxrPlE6.o
                                        0x1ba (size before relaxing)

.debug_loclists
 *(.debug_loclists)

.debug_macro
 *(.debug_macro)

.debug_names
 *(.debug_names)

.debug_rnglists
 *(.debug_rnglists)

.debug_str_offsets
 *(.debug_str_offsets)

.debug_sup
 *(.debug_sup)

.gnu.attributes
 *(.gnu.attributes)

/DISCARD/
 *(.note.GNU-stack)
 *(.gnu_debuglink)
 *(.gnu.lto_*)
OUTPUT(cat.RV64.bare.elf elf64-littleriscv)
