Archive member included to satisfy reference by file (symbol)

/opt/bluespec/riscvtoolchain-medany-1.202210.0.1/toolchains/linux-multilib-medany/sysroot/usr/lib64/lp64d/libc_nonshared.a(elf-init.oS)
                              /opt/bluespec/riscvtoolchain-medany-1.202210.0.1/toolchains/linux-multilib-medany/sysroot/usr/lib64/lp64d/crt1.o (__libc_csu_init)

Discarded input sections

 .note.GNU-stack
                0x0000000000000000        0x0 /opt/bluespec/riscvtoolchain-medany-1.202210.0.1/toolchains/linux-multilib-medany/sysroot/usr/lib64/lp64d/crt1.o
 .note.GNU-stack
                0x0000000000000000        0x0 /opt/bluespec/riscvtoolchain-medany-1.202210.0.1/toolchains/linux-multilib-medany/lib/gcc/riscv64-unknown-linux-gnu/12.2.0/crtbegin.o
 .note.GNU-stack
                0x0000000000000000        0x0 /tmp/ccGc40Pm.o
 .note.GNU-stack
                0x0000000000000000        0x0 /opt/bluespec/riscvtoolchain-medany-1.202210.0.1/toolchains/linux-multilib-medany/sysroot/usr/lib64/lp64d/libc_nonshared.a(elf-init.oS)
 .note.GNU-stack
                0x0000000000000000        0x0 /opt/bluespec/riscvtoolchain-medany-1.202210.0.1/toolchains/linux-multilib-medany/lib/gcc/riscv64-unknown-linux-gnu/12.2.0/crtend.o

Memory Configuration

Name             Origin             Length             Attributes
*default*        0x0000000000000000 0xffffffffffffffff

Linker script and memory map

LOAD /opt/bluespec/riscvtoolchain-medany-1.202210.0.1/toolchains/linux-multilib-medany/sysroot/usr/lib64/lp64d/crt1.o
LOAD /opt/bluespec/riscvtoolchain-medany-1.202210.0.1/toolchains/linux-multilib-medany/lib/gcc/riscv64-unknown-linux-gnu/12.2.0/crti.o
LOAD /opt/bluespec/riscvtoolchain-medany-1.202210.0.1/toolchains/linux-multilib-medany/lib/gcc/riscv64-unknown-linux-gnu/12.2.0/crtbegin.o
LOAD /opt/bluespec/riscvtoolchain-medany-1.202210.0.1/toolchains/linux-multilib-medany/sysroot/usr/lib64/lp64d/libm.so
LOAD /tmp/ccGc40Pm.o
LOAD /opt/bluespec/riscvtoolchain-medany-1.202210.0.1/toolchains/linux-multilib-medany/lib/gcc/riscv64-unknown-linux-gnu/12.2.0/libgcc.a
LOAD /opt/bluespec/riscvtoolchain-medany-1.202210.0.1/toolchains/linux-multilib-medany/lib/gcc/riscv64-unknown-linux-gnu/12.2.0/../../../../riscv64-unknown-linux-gnu/lib/../lib64/lp64d/libgcc_s.so
START GROUP
LOAD /opt/bluespec/riscvtoolchain-medany-1.202210.0.1/toolchains/linux-multilib-medany/lib/gcc/riscv64-unknown-linux-gnu/12.2.0/../../../../riscv64-unknown-linux-gnu/lib/../lib64/lp64d/libgcc_s.so.1
LOAD /opt/bluespec/riscvtoolchain-medany-1.202210.0.1/toolchains/linux-multilib-medany/lib/gcc/riscv64-unknown-linux-gnu/12.2.0/libgcc.a
END GROUP
LOAD /opt/bluespec/riscvtoolchain-medany-1.202210.0.1/toolchains/linux-multilib-medany/sysroot/usr/lib64/lp64d/libc.so
START GROUP
LOAD /opt/bluespec/riscvtoolchain-medany-1.202210.0.1/toolchains/linux-multilib-medany/sysroot/lib64/lp64d/libc.so.6
LOAD /opt/bluespec/riscvtoolchain-medany-1.202210.0.1/toolchains/linux-multilib-medany/sysroot/usr/lib64/lp64d/libc_nonshared.a
LOAD /opt/bluespec/riscvtoolchain-medany-1.202210.0.1/toolchains/linux-multilib-medany/sysroot/lib/ld-linux-riscv64-lp64d.so.1
END GROUP
LOAD /opt/bluespec/riscvtoolchain-medany-1.202210.0.1/toolchains/linux-multilib-medany/lib/gcc/riscv64-unknown-linux-gnu/12.2.0/libgcc.a
LOAD /opt/bluespec/riscvtoolchain-medany-1.202210.0.1/toolchains/linux-multilib-medany/lib/gcc/riscv64-unknown-linux-gnu/12.2.0/../../../../riscv64-unknown-linux-gnu/lib/../lib64/lp64d/libgcc_s.so
START GROUP
LOAD /opt/bluespec/riscvtoolchain-medany-1.202210.0.1/toolchains/linux-multilib-medany/lib/gcc/riscv64-unknown-linux-gnu/12.2.0/../../../../riscv64-unknown-linux-gnu/lib/../lib64/lp64d/libgcc_s.so.1
LOAD /opt/bluespec/riscvtoolchain-medany-1.202210.0.1/toolchains/linux-multilib-medany/lib/gcc/riscv64-unknown-linux-gnu/12.2.0/libgcc.a
END GROUP
LOAD /opt/bluespec/riscvtoolchain-medany-1.202210.0.1/toolchains/linux-multilib-medany/lib/gcc/riscv64-unknown-linux-gnu/12.2.0/crtend.o
LOAD /opt/bluespec/riscvtoolchain-medany-1.202210.0.1/toolchains/linux-multilib-medany/lib/gcc/riscv64-unknown-linux-gnu/12.2.0/crtn.o
                [!provide]                        PROVIDE (__executable_start = SEGMENT_START ("text-segment", 0x10000))
                0x0000000000010270                . = (SEGMENT_START ("text-segment", 0x10000) + SIZEOF_HEADERS)

.interp         0x0000000000010270       0x21
 *(.interp)
 .interp        0x0000000000010270       0x21 /opt/bluespec/riscvtoolchain-medany-1.202210.0.1/toolchains/linux-multilib-medany/sysroot/usr/lib64/lp64d/crt1.o

.note.ABI-tag   0x0000000000010294       0x20
 .note.ABI-tag  0x0000000000010294       0x20 /opt/bluespec/riscvtoolchain-medany-1.202210.0.1/toolchains/linux-multilib-medany/sysroot/usr/lib64/lp64d/crt1.o

.note.gnu.build-id
 *(.note.gnu.build-id)

.hash           0x00000000000102b8       0x38
 *(.hash)
 .hash          0x00000000000102b8       0x38 /opt/bluespec/riscvtoolchain-medany-1.202210.0.1/toolchains/linux-multilib-medany/sysroot/usr/lib64/lp64d/crt1.o

.gnu.hash       0x00000000000102f0       0x3c
 *(.gnu.hash)
 .gnu.hash      0x00000000000102f0       0x3c /opt/bluespec/riscvtoolchain-medany-1.202210.0.1/toolchains/linux-multilib-medany/sysroot/usr/lib64/lp64d/crt1.o

.dynsym         0x0000000000010330       0xd8
 *(.dynsym)
 .dynsym        0x0000000000010330       0xd8 /opt/bluespec/riscvtoolchain-medany-1.202210.0.1/toolchains/linux-multilib-medany/sysroot/usr/lib64/lp64d/crt1.o

.dynstr         0x0000000000010408       0x93
 *(.dynstr)
 .dynstr        0x0000000000010408       0x93 /opt/bluespec/riscvtoolchain-medany-1.202210.0.1/toolchains/linux-multilib-medany/sysroot/usr/lib64/lp64d/crt1.o

.gnu.version    0x000000000001049c       0x12
 *(.gnu.version)
 .gnu.version   0x000000000001049c       0x12 /opt/bluespec/riscvtoolchain-medany-1.202210.0.1/toolchains/linux-multilib-medany/sysroot/usr/lib64/lp64d/crt1.o

.gnu.version_d  0x00000000000104b0        0x0
 *(.gnu.version_d)
 .gnu.version_d
                0x00000000000104b0        0x0 /opt/bluespec/riscvtoolchain-medany-1.202210.0.1/toolchains/linux-multilib-medany/sysroot/usr/lib64/lp64d/crt1.o

.gnu.version_r  0x00000000000104b0       0x20
 *(.gnu.version_r)
 .gnu.version_r
                0x00000000000104b0       0x20 /opt/bluespec/riscvtoolchain-medany-1.202210.0.1/toolchains/linux-multilib-medany/sysroot/usr/lib64/lp64d/crt1.o

.rela.dyn       0x00000000000104d0       0x30
 *(.rela.init)
 *(.rela.text .rela.text.* .rela.gnu.linkonce.t.*)
 .rela.text     0x00000000000104d0        0x0 /opt/bluespec/riscvtoolchain-medany-1.202210.0.1/toolchains/linux-multilib-medany/sysroot/usr/lib64/lp64d/crt1.o
 *(.rela.fini)
 *(.rela.rodata .rela.rodata.* .rela.gnu.linkonce.r.*)
 *(.rela.data .rela.data.* .rela.gnu.linkonce.d.*)
 .rela.data.rel.ro
                0x00000000000104d0        0x0 /opt/bluespec/riscvtoolchain-medany-1.202210.0.1/toolchains/linux-multilib-medany/sysroot/usr/lib64/lp64d/crt1.o
 *(.rela.tdata .rela.tdata.* .rela.gnu.linkonce.td.*)
 *(.rela.tbss .rela.tbss.* .rela.gnu.linkonce.tb.*)
 *(.rela.ctors)
 *(.rela.dtors)
 *(.rela.got)
 .rela.got      0x00000000000104d0        0x0 /opt/bluespec/riscvtoolchain-medany-1.202210.0.1/toolchains/linux-multilib-medany/sysroot/usr/lib64/lp64d/crt1.o
 *(.rela.sdata .rela.sdata.* .rela.gnu.linkonce.s.*)
 *(.rela.sbss .rela.sbss.* .rela.gnu.linkonce.sb.*)
 *(.rela.sdata2 .rela.sdata2.* .rela.gnu.linkonce.s2.*)
 *(.rela.sbss2 .rela.sbss2.* .rela.gnu.linkonce.sb2.*)
 *(.rela.bss .rela.bss.* .rela.gnu.linkonce.b.*)
 .rela.bss      0x00000000000104d0       0x30 /opt/bluespec/riscvtoolchain-medany-1.202210.0.1/toolchains/linux-multilib-medany/sysroot/usr/lib64/lp64d/crt1.o
 *(.rela.ifunc)

.rela.plt       0x0000000000010500       0x48
 *(.rela.plt)
 .rela.plt      0x0000000000010500       0x48 /opt/bluespec/riscvtoolchain-medany-1.202210.0.1/toolchains/linux-multilib-medany/sysroot/usr/lib64/lp64d/crt1.o
                [!provide]                        PROVIDE (__rela_iplt_start = .)
 *(.rela.iplt)
                [!provide]                        PROVIDE (__rela_iplt_end = .)

.init
 *(SORT_NONE(.init))

.plt            0x0000000000010550       0x50
 *(.plt)
 .plt           0x0000000000010550       0x50 /opt/bluespec/riscvtoolchain-medany-1.202210.0.1/toolchains/linux-multilib-medany/sysroot/usr/lib64/lp64d/crt1.o
                0x0000000000010550                _PROCEDURE_LINKAGE_TABLE_
                0x0000000000010570                __libc_start_main@@GLIBC_2.27
                0x0000000000010580                fputc@@GLIBC_2.27
                0x0000000000010590                fgetc@@GLIBC_2.27
 *(.iplt)

.text           0x00000000000105a0      0x17e
 *(.text.unlikely .text.*_unlikely .text.unlikely.*)
 *(.text.exit .text.exit.*)
 *(.text.startup .text.startup.*)
 *(.text.hot .text.hot.*)
 *(SORT_BY_NAME(.text.sorted.*))
 *(.text .stub .text.* .gnu.linkonce.t.*)
 .text          0x00000000000105a0       0x3a /opt/bluespec/riscvtoolchain-medany-1.202210.0.1/toolchains/linux-multilib-medany/sysroot/usr/lib64/lp64d/crt1.o
                0x00000000000105a0                _start
 .text          0x00000000000105da        0x0 /opt/bluespec/riscvtoolchain-medany-1.202210.0.1/toolchains/linux-multilib-medany/lib/gcc/riscv64-unknown-linux-gnu/12.2.0/crti.o
 .text          0x00000000000105da       0x6a /opt/bluespec/riscvtoolchain-medany-1.202210.0.1/toolchains/linux-multilib-medany/lib/gcc/riscv64-unknown-linux-gnu/12.2.0/crtbegin.o
 *fill*         0x0000000000010644        0x0 
 .text          0x0000000000010644       0x80 /tmp/ccGc40Pm.o
                0x0000000000010644                main
 .text          0x00000000000106c4       0x5a /opt/bluespec/riscvtoolchain-medany-1.202210.0.1/toolchains/linux-multilib-medany/sysroot/usr/lib64/lp64d/libc_nonshared.a(elf-init.oS)
                0x00000000000106c4                __libc_csu_init
                0x000000000001071c                __libc_csu_fini
 .text          0x000000000001071e        0x0 /opt/bluespec/riscvtoolchain-medany-1.202210.0.1/toolchains/linux-multilib-medany/lib/gcc/riscv64-unknown-linux-gnu/12.2.0/crtend.o
 .text          0x000000000001071e        0x0 /opt/bluespec/riscvtoolchain-medany-1.202210.0.1/toolchains/linux-multilib-medany/lib/gcc/riscv64-unknown-linux-gnu/12.2.0/crtn.o
 *(.gnu.warning)

.fini
 *(SORT_NONE(.fini))
                [!provide]                        PROVIDE (__etext = .)
                [!provide]                        PROVIDE (_etext = .)
                [!provide]                        PROVIDE (etext = .)

.rodata
 *(.rodata .rodata.* .gnu.linkonce.r.*)

.rodata1
 *(.rodata1)

.sdata2
 *(.sdata2 .sdata2.* .gnu.linkonce.s2.*)

.sbss2
 *(.sbss2 .sbss2.* .gnu.linkonce.sb2.*)

.eh_frame_hdr   0x0000000000010720       0x14
 *(.eh_frame_hdr)
 .eh_frame_hdr  0x0000000000010720       0x14 /opt/bluespec/riscvtoolchain-medany-1.202210.0.1/toolchains/linux-multilib-medany/sysroot/usr/lib64/lp64d/crt1.o
                0x0000000000010720                __GNU_EH_FRAME_HDR
 *(.eh_frame_entry .eh_frame_entry.*)

.eh_frame       0x0000000000010738       0x2c
 *(.eh_frame)
 .eh_frame      0x0000000000010738       0x28 /opt/bluespec/riscvtoolchain-medany-1.202210.0.1/toolchains/linux-multilib-medany/sysroot/usr/lib64/lp64d/crt1.o
 .eh_frame      0x0000000000010760        0x4 /opt/bluespec/riscvtoolchain-medany-1.202210.0.1/toolchains/linux-multilib-medany/lib/gcc/riscv64-unknown-linux-gnu/12.2.0/crtend.o
 *(.eh_frame.*)

.gcc_except_table
 *(.gcc_except_table .gcc_except_table.*)

.gnu_extab
 *(.gnu_extab*)

.exception_ranges
 *(.exception_ranges*)
                0x0000000000011df8                . = DATA_SEGMENT_ALIGN (CONSTANT (MAXPAGESIZE), CONSTANT (COMMONPAGESIZE))

.eh_frame
 *(.eh_frame)
 *(.eh_frame.*)

.gnu_extab
 *(.gnu_extab)

.gcc_except_table
 *(.gcc_except_table .gcc_except_table.*)

.exception_ranges
 *(.exception_ranges*)

.tdata          0x0000000000011df8        0x0
                [!provide]                        PROVIDE (__tdata_start = .)
 *(.tdata .tdata.* .gnu.linkonce.td.*)
 .tdata.dyn     0x0000000000011df8        0x0 /opt/bluespec/riscvtoolchain-medany-1.202210.0.1/toolchains/linux-multilib-medany/sysroot/usr/lib64/lp64d/crt1.o

.tbss
 *(.tbss .tbss.* .gnu.linkonce.tb.*)
 *(.tcommon)

.preinit_array  0x0000000000011df8        0x8
                [!provide]                        PROVIDE (__preinit_array_start = .)
 *(.preinit_array)
 .preinit_array
                0x0000000000011df8        0x8 /opt/bluespec/riscvtoolchain-medany-1.202210.0.1/toolchains/linux-multilib-medany/sysroot/usr/lib64/lp64d/crt1.o
                [!provide]                        PROVIDE (__preinit_array_end = .)

.init_array     0x0000000000011e00        0x8
                0x0000000000011e00                PROVIDE (__init_array_start = .)
 *(SORT_BY_INIT_PRIORITY(.init_array.*) SORT_BY_INIT_PRIORITY(.ctors.*))
 *(.init_array EXCLUDE_FILE(*crtend?.o *crtend.o *crtbegin?.o *crtbegin.o) .ctors)
 .init_array    0x0000000000011e00        0x8 /opt/bluespec/riscvtoolchain-medany-1.202210.0.1/toolchains/linux-multilib-medany/lib/gcc/riscv64-unknown-linux-gnu/12.2.0/crtbegin.o
                0x0000000000011e08                PROVIDE (__init_array_end = .)

.fini_array     0x0000000000011e08        0x8
                [!provide]                        PROVIDE (__fini_array_start = .)
 *(SORT_BY_INIT_PRIORITY(.fini_array.*) SORT_BY_INIT_PRIORITY(.dtors.*))
 *(.fini_array EXCLUDE_FILE(*crtend?.o *crtend.o *crtbegin?.o *crtbegin.o) .dtors)
 .fini_array    0x0000000000011e08        0x8 /opt/bluespec/riscvtoolchain-medany-1.202210.0.1/toolchains/linux-multilib-medany/lib/gcc/riscv64-unknown-linux-gnu/12.2.0/crtbegin.o
                [!provide]                        PROVIDE (__fini_array_end = .)

.ctors
 *crtbegin.o(.ctors)
 *crtbegin?.o(.ctors)
 *(EXCLUDE_FILE(*crtend?.o *crtend.o) .ctors)
 *(SORT_BY_NAME(.ctors.*))
 *(.ctors)

.dtors
 *crtbegin.o(.dtors)
 *crtbegin?.o(.dtors)
 *(EXCLUDE_FILE(*crtend?.o *crtend.o) .dtors)
 *(SORT_BY_NAME(.dtors.*))
 *(.dtors)

.jcr
 *(.jcr)

.data.rel.ro    0x0000000000011e10        0x0
 *(.data.rel.ro.local* .gnu.linkonce.d.rel.ro.local.*)
 *(.data.rel.ro .data.rel.ro.* .gnu.linkonce.d.rel.ro.*)
 .data.rel.ro   0x0000000000011e10        0x0 /opt/bluespec/riscvtoolchain-medany-1.202210.0.1/toolchains/linux-multilib-medany/sysroot/usr/lib64/lp64d/crt1.o

.dynamic        0x0000000000011e10      0x1f0
 *(.dynamic)
 .dynamic       0x0000000000011e10      0x1f0 /opt/bluespec/riscvtoolchain-medany-1.202210.0.1/toolchains/linux-multilib-medany/sysroot/usr/lib64/lp64d/crt1.o
                0x0000000000011e10                _DYNAMIC
                0x0000000000012000                . = DATA_SEGMENT_RELRO_END (., 0x0)

.data           0x0000000000012000        0x0
                0x0000000000012000                __DATA_BEGIN__ = .
 *(.data .data.* .gnu.linkonce.d.*)
 .data          0x0000000000012000        0x0 /opt/bluespec/riscvtoolchain-medany-1.202210.0.1/toolchains/linux-multilib-medany/sysroot/usr/lib64/lp64d/crt1.o
 .data          0x0000000000012000        0x0 /opt/bluespec/riscvtoolchain-medany-1.202210.0.1/toolchains/linux-multilib-medany/lib/gcc/riscv64-unknown-linux-gnu/12.2.0/crti.o
 .data          0x0000000000012000        0x0 /opt/bluespec/riscvtoolchain-medany-1.202210.0.1/toolchains/linux-multilib-medany/lib/gcc/riscv64-unknown-linux-gnu/12.2.0/crtbegin.o
 .data          0x0000000000012000        0x0 /tmp/ccGc40Pm.o
 .data          0x0000000000012000        0x0 /opt/bluespec/riscvtoolchain-medany-1.202210.0.1/toolchains/linux-multilib-medany/sysroot/usr/lib64/lp64d/libc_nonshared.a(elf-init.oS)
 .data          0x0000000000012000        0x0 /opt/bluespec/riscvtoolchain-medany-1.202210.0.1/toolchains/linux-multilib-medany/lib/gcc/riscv64-unknown-linux-gnu/12.2.0/crtend.o
 .data          0x0000000000012000        0x0 /opt/bluespec/riscvtoolchain-medany-1.202210.0.1/toolchains/linux-multilib-medany/lib/gcc/riscv64-unknown-linux-gnu/12.2.0/crtn.o

.tm_clone_table
                0x0000000000012000        0x0
 .tm_clone_table
                0x0000000000012000        0x0 /opt/bluespec/riscvtoolchain-medany-1.202210.0.1/toolchains/linux-multilib-medany/lib/gcc/riscv64-unknown-linux-gnu/12.2.0/crtbegin.o
 .tm_clone_table
                0x0000000000012000        0x0 /opt/bluespec/riscvtoolchain-medany-1.202210.0.1/toolchains/linux-multilib-medany/lib/gcc/riscv64-unknown-linux-gnu/12.2.0/crtend.o

.data1
 *(.data1)

.got            0x0000000000012000       0x30
 *(.got.plt)
 .got.plt       0x0000000000012000       0x28 /opt/bluespec/riscvtoolchain-medany-1.202210.0.1/toolchains/linux-multilib-medany/sysroot/usr/lib64/lp64d/crt1.o
 *(.igot.plt)
 *(.got)
 .got           0x0000000000012028        0x8 /opt/bluespec/riscvtoolchain-medany-1.202210.0.1/toolchains/linux-multilib-medany/sysroot/usr/lib64/lp64d/crt1.o
                0x0000000000012028                _GLOBAL_OFFSET_TABLE_
 *(.igot)

.sdata          0x0000000000012030       0x10
                0x0000000000012030                __SDATA_BEGIN__ = .
 *(.srodata.cst16)
 *(.srodata.cst8)
 *(.srodata.cst4)
 *(.srodata.cst2)
 *(.srodata .srodata.*)
 *(.sdata .sdata.* .gnu.linkonce.s.*)
 .sdata         0x0000000000012030        0x4 /opt/bluespec/riscvtoolchain-medany-1.202210.0.1/toolchains/linux-multilib-medany/sysroot/usr/lib64/lp64d/crt1.o
                0x0000000000012030                _IO_stdin_used
 *fill*         0x0000000000012034        0x4 
 .sdata         0x0000000000012038        0x8 /opt/bluespec/riscvtoolchain-medany-1.202210.0.1/toolchains/linux-multilib-medany/lib/gcc/riscv64-unknown-linux-gnu/12.2.0/crtbegin.o
                0x0000000000012038                __dso_handle
                0x0000000000012040                _edata = .
                [!provide]                        PROVIDE (edata = .)
                0x0000000000012040                . = .
                0x0000000000012040                __bss_start = .

.sbss
 *(.dynsbss)
 *(.sbss .sbss.* .gnu.linkonce.sb.*)
 *(.scommon)

.bss            0x0000000000012040       0x18
 *(.dynbss)
 .dynbss        0x0000000000012040       0x10 /opt/bluespec/riscvtoolchain-medany-1.202210.0.1/toolchains/linux-multilib-medany/sysroot/usr/lib64/lp64d/crt1.o
                0x0000000000012040                stdin@@GLIBC_2.27
                0x0000000000012048                stdout@@GLIBC_2.27
 *(.bss .bss.* .gnu.linkonce.b.*)
 .bss           0x0000000000012050        0x0 /opt/bluespec/riscvtoolchain-medany-1.202210.0.1/toolchains/linux-multilib-medany/sysroot/usr/lib64/lp64d/crt1.o
 .bss           0x0000000000012050        0x0 /opt/bluespec/riscvtoolchain-medany-1.202210.0.1/toolchains/linux-multilib-medany/lib/gcc/riscv64-unknown-linux-gnu/12.2.0/crti.o
 .bss           0x0000000000012050        0x1 /opt/bluespec/riscvtoolchain-medany-1.202210.0.1/toolchains/linux-multilib-medany/lib/gcc/riscv64-unknown-linux-gnu/12.2.0/crtbegin.o
 .bss           0x0000000000012051        0x0 /tmp/ccGc40Pm.o
 .bss           0x0000000000012051        0x0 /opt/bluespec/riscvtoolchain-medany-1.202210.0.1/toolchains/linux-multilib-medany/sysroot/usr/lib64/lp64d/libc_nonshared.a(elf-init.oS)
 .bss           0x0000000000012051        0x0 /opt/bluespec/riscvtoolchain-medany-1.202210.0.1/toolchains/linux-multilib-medany/lib/gcc/riscv64-unknown-linux-gnu/12.2.0/crtend.o
 .bss           0x0000000000012051        0x0 /opt/bluespec/riscvtoolchain-medany-1.202210.0.1/toolchains/linux-multilib-medany/lib/gcc/riscv64-unknown-linux-gnu/12.2.0/crtn.o
 *(COMMON)
                0x0000000000012058                . = ALIGN ((. != 0x0)?0x8:0x1)
 *fill*         0x0000000000012051        0x7 
                0x0000000000012058                . = ALIGN (0x8)
                0x0000000000012058                . = SEGMENT_START ("ldata-segment", .)
                0x0000000000012058                . = ALIGN (0x8)
                0x0000000000012058                __BSS_END__ = .
                0x0000000000012800                __global_pointer$ = MIN ((__SDATA_BEGIN__ + 0x800), MAX ((__DATA_BEGIN__ + 0x800), (__BSS_END__ - 0x800)))
                0x0000000000012058                _end = .
                [!provide]                        PROVIDE (end = .)
                0x0000000000012058                . = DATA_SEGMENT_END (.)

.stab
 *(.stab)

.stabstr
 *(.stabstr)

.stab.excl
 *(.stab.excl)

.stab.exclstr
 *(.stab.exclstr)

.stab.index
 *(.stab.index)

.stab.indexstr
 *(.stab.indexstr)

.comment        0x0000000000000000       0x2d
 *(.comment)
 .comment       0x0000000000000000       0x12 /opt/bluespec/riscvtoolchain-medany-1.202210.0.1/toolchains/linux-multilib-medany/sysroot/usr/lib64/lp64d/crt1.o
                                         0x39 (size before relaxing)
 .comment       0x0000000000000012       0x1b /opt/bluespec/riscvtoolchain-medany-1.202210.0.1/toolchains/linux-multilib-medany/lib/gcc/riscv64-unknown-linux-gnu/12.2.0/crtbegin.o
                                         0x1c (size before relaxing)
 .comment       0x000000000000002d       0x1c /tmp/ccGc40Pm.o
 .comment       0x000000000000002d       0x13 /opt/bluespec/riscvtoolchain-medany-1.202210.0.1/toolchains/linux-multilib-medany/sysroot/usr/lib64/lp64d/libc_nonshared.a(elf-init.oS)
 .comment       0x000000000000002d       0x1c /opt/bluespec/riscvtoolchain-medany-1.202210.0.1/toolchains/linux-multilib-medany/lib/gcc/riscv64-unknown-linux-gnu/12.2.0/crtend.o

.riscv.attributes
                0x0000000000000000       0x35
 .riscv.attributes
                0x0000000000000000       0x35 /opt/bluespec/riscvtoolchain-medany-1.202210.0.1/toolchains/linux-multilib-medany/sysroot/usr/lib64/lp64d/crt1.o
 .riscv.attributes
                0x0000000000000035       0x33 /opt/bluespec/riscvtoolchain-medany-1.202210.0.1/toolchains/linux-multilib-medany/lib/gcc/riscv64-unknown-linux-gnu/12.2.0/crti.o
 .riscv.attributes
                0x0000000000000068       0x35 /opt/bluespec/riscvtoolchain-medany-1.202210.0.1/toolchains/linux-multilib-medany/lib/gcc/riscv64-unknown-linux-gnu/12.2.0/crtbegin.o
 .riscv.attributes
                0x000000000000009d       0x30 /tmp/ccGc40Pm.o
 .riscv.attributes
                0x00000000000000cd       0x35 /opt/bluespec/riscvtoolchain-medany-1.202210.0.1/toolchains/linux-multilib-medany/sysroot/usr/lib64/lp64d/libc_nonshared.a(elf-init.oS)
 .riscv.attributes
                0x0000000000000102       0x35 /opt/bluespec/riscvtoolchain-medany-1.202210.0.1/toolchains/linux-multilib-medany/lib/gcc/riscv64-unknown-linux-gnu/12.2.0/crtend.o
 .riscv.attributes
                0x0000000000000137       0x33 /opt/bluespec/riscvtoolchain-medany-1.202210.0.1/toolchains/linux-multilib-medany/lib/gcc/riscv64-unknown-linux-gnu/12.2.0/crtn.o

.gnu.build.attributes
 *(.gnu.build.attributes .gnu.build.attributes.*)

.debug
 *(.debug)

.line
 *(.line)

.debug_srcinfo
 *(.debug_srcinfo)

.debug_sfnames
 *(.debug_sfnames)

.debug_aranges  0x0000000000000000       0xd0
 *(.debug_aranges)
 .debug_aranges
                0x0000000000000000       0x70 /opt/bluespec/riscvtoolchain-medany-1.202210.0.1/toolchains/linux-multilib-medany/sysroot/usr/lib64/lp64d/crt1.o
 .debug_aranges
                0x0000000000000070       0x30 /tmp/ccGc40Pm.o
 .debug_aranges
                0x00000000000000a0       0x30 /opt/bluespec/riscvtoolchain-medany-1.202210.0.1/toolchains/linux-multilib-medany/sysroot/usr/lib64/lp64d/libc_nonshared.a(elf-init.oS)

.debug_pubnames
 *(.debug_pubnames)

.debug_info     0x0000000000000000      0x97a
 *(.debug_info .gnu.linkonce.wi.*)
 .debug_info    0x0000000000000000      0x52b /opt/bluespec/riscvtoolchain-medany-1.202210.0.1/toolchains/linux-multilib-medany/sysroot/usr/lib64/lp64d/crt1.o
 .debug_info    0x000000000000052b      0x2f7 /tmp/ccGc40Pm.o
 .debug_info    0x0000000000000822      0x158 /opt/bluespec/riscvtoolchain-medany-1.202210.0.1/toolchains/linux-multilib-medany/sysroot/usr/lib64/lp64d/libc_nonshared.a(elf-init.oS)

.debug_abbrev   0x0000000000000000      0x386
 *(.debug_abbrev)
 .debug_abbrev  0x0000000000000000      0x17d /opt/bluespec/riscvtoolchain-medany-1.202210.0.1/toolchains/linux-multilib-medany/sysroot/usr/lib64/lp64d/crt1.o
 .debug_abbrev  0x000000000000017d      0x10b /tmp/ccGc40Pm.o
 .debug_abbrev  0x0000000000000288       0xfe /opt/bluespec/riscvtoolchain-medany-1.202210.0.1/toolchains/linux-multilib-medany/sysroot/usr/lib64/lp64d/libc_nonshared.a(elf-init.oS)

.debug_line     0x0000000000000000      0x2f3
 *(.debug_line .debug_line.* .debug_line_end)
 .debug_line    0x0000000000000000      0x142 /opt/bluespec/riscvtoolchain-medany-1.202210.0.1/toolchains/linux-multilib-medany/sysroot/usr/lib64/lp64d/crt1.o
 .debug_line    0x0000000000000142       0xaf /tmp/ccGc40Pm.o
 .debug_line    0x00000000000001f1      0x102 /opt/bluespec/riscvtoolchain-medany-1.202210.0.1/toolchains/linux-multilib-medany/sysroot/usr/lib64/lp64d/libc_nonshared.a(elf-init.oS)

.debug_frame    0x0000000000000000       0xa8
 *(.debug_frame)
 .debug_frame   0x0000000000000000       0x40 /tmp/ccGc40Pm.o
 .debug_frame   0x0000000000000040       0x68 /opt/bluespec/riscvtoolchain-medany-1.202210.0.1/toolchains/linux-multilib-medany/sysroot/usr/lib64/lp64d/libc_nonshared.a(elf-init.oS)

.debug_str      0x0000000000000000      0x6a0
 *(.debug_str)
 .debug_str     0x0000000000000000      0x384 /opt/bluespec/riscvtoolchain-medany-1.202210.0.1/toolchains/linux-multilib-medany/sysroot/usr/lib64/lp64d/crt1.o
                                        0x5b6 (size before relaxing)
 .debug_str     0x0000000000000384      0x1ec /tmp/ccGc40Pm.o
                                        0x271 (size before relaxing)
 .debug_str     0x0000000000000570      0x130 /opt/bluespec/riscvtoolchain-medany-1.202210.0.1/toolchains/linux-multilib-medany/sysroot/usr/lib64/lp64d/libc_nonshared.a(elf-init.oS)
                                        0x17b (size before relaxing)

.debug_loc
 *(.debug_loc)

.debug_macinfo
 *(.debug_macinfo)

.debug_weaknames
 *(.debug_weaknames)

.debug_funcnames
 *(.debug_funcnames)

.debug_typenames
 *(.debug_typenames)

.debug_varnames
 *(.debug_varnames)

.debug_pubtypes
 *(.debug_pubtypes)

.debug_ranges
 *(.debug_ranges)

.debug_addr
 *(.debug_addr)

.debug_line_str
                0x0000000000000000      0x33e
 *(.debug_line_str)
 .debug_line_str
                0x0000000000000000      0x109 /opt/bluespec/riscvtoolchain-medany-1.202210.0.1/toolchains/linux-multilib-medany/sysroot/usr/lib64/lp64d/crt1.o
                                        0x201 (size before relaxing)
 .debug_line_str
                0x0000000000000109      0x22a /tmp/ccGc40Pm.o
                                        0x285 (size before relaxing)
 .debug_line_str
                0x0000000000000333        0xb /opt/bluespec/riscvtoolchain-medany-1.202210.0.1/toolchains/linux-multilib-medany/sysroot/usr/lib64/lp64d/libc_nonshared.a(elf-init.oS)
                                         0xff (size before relaxing)

.debug_loclists
                0x0000000000000000      0x12b
 *(.debug_loclists)
 .debug_loclists
                0x0000000000000000      0x12b /opt/bluespec/riscvtoolchain-medany-1.202210.0.1/toolchains/linux-multilib-medany/sysroot/usr/lib64/lp64d/libc_nonshared.a(elf-init.oS)

.debug_macro
 *(.debug_macro)

.debug_names
 *(.debug_names)

.debug_rnglists
 *(.debug_rnglists)

.debug_str_offsets
 *(.debug_str_offsets)

.debug_sup
 *(.debug_sup)

.gnu.attributes
 *(.gnu.attributes)

/DISCARD/
 *(.note.GNU-stack)
 *(.gnu_debuglink)
 *(.gnu.lto_*)
OUTPUT(cat.RV64.linux.elf elf64-littleriscv)
